ARM GAS  C:\Users\Banni\AppData\Local\Temp\ccEZ2Dzq.s 			page 1


   1              		.syntax unified
   2              		.cpu cortex-m0plus
   3              		.fpu softvfp
   4              		.eabi_attribute 20, 1
   5              		.eabi_attribute 21, 1
   6              		.eabi_attribute 23, 3
   7              		.eabi_attribute 24, 1
   8              		.eabi_attribute 25, 1
   9              		.eabi_attribute 26, 1
  10              		.eabi_attribute 30, 1
  11              		.eabi_attribute 34, 0
  12              		.eabi_attribute 18, 4
  13              		.thumb
  14              		.syntax unified
  15              		.file	"cyfitter_cfg.c"
  16              		.text
  17              	.Ltext0:
  18              		.cfi_sections	.debug_frame
  19              		.section	.text.AnalogSetDefault,"ax",%progbits
  20              		.align	2
  21              		.code	16
  22              		.thumb_func
  23              		.type	AnalogSetDefault, %function
  24              	AnalogSetDefault:
  25              	.LFB5:
  26              		.file 1 "Generated_Source\\PSoC4\\cyfitter_cfg.c"
   1:Generated_Source\PSoC4/cyfitter_cfg.c **** 
   2:Generated_Source\PSoC4/cyfitter_cfg.c **** /*******************************************************************************
   3:Generated_Source\PSoC4/cyfitter_cfg.c **** * File Name: cyfitter_cfg.c
   4:Generated_Source\PSoC4/cyfitter_cfg.c **** * 
   5:Generated_Source\PSoC4/cyfitter_cfg.c **** * PSoC Creator  4.2
   6:Generated_Source\PSoC4/cyfitter_cfg.c **** *
   7:Generated_Source\PSoC4/cyfitter_cfg.c **** * Description:
   8:Generated_Source\PSoC4/cyfitter_cfg.c **** * This file contains device initialization code.
   9:Generated_Source\PSoC4/cyfitter_cfg.c **** * Except for the user defined sections in CyClockStartupError(), this file should not be modified.
  10:Generated_Source\PSoC4/cyfitter_cfg.c **** * This file is automatically generated by PSoC Creator.
  11:Generated_Source\PSoC4/cyfitter_cfg.c **** *
  12:Generated_Source\PSoC4/cyfitter_cfg.c **** ********************************************************************************
  13:Generated_Source\PSoC4/cyfitter_cfg.c **** * Copyright (c) 2007-2017 Cypress Semiconductor.  All rights reserved.
  14:Generated_Source\PSoC4/cyfitter_cfg.c **** * You may use this file only in accordance with the license, terms, conditions, 
  15:Generated_Source\PSoC4/cyfitter_cfg.c **** * disclaimers, and limitations in the end user license agreement accompanying 
  16:Generated_Source\PSoC4/cyfitter_cfg.c **** * the software package with which this file was provided.
  17:Generated_Source\PSoC4/cyfitter_cfg.c **** ********************************************************************************/
  18:Generated_Source\PSoC4/cyfitter_cfg.c **** 
  19:Generated_Source\PSoC4/cyfitter_cfg.c **** #include <string.h>
  20:Generated_Source\PSoC4/cyfitter_cfg.c **** #include "cytypes.h"
  21:Generated_Source\PSoC4/cyfitter_cfg.c **** #include "cydevice_trm.h"
  22:Generated_Source\PSoC4/cyfitter_cfg.c **** #include "cyfitter.h"
  23:Generated_Source\PSoC4/cyfitter_cfg.c **** #include "CyLib.h"
  24:Generated_Source\PSoC4/cyfitter_cfg.c **** #include "CyLFClk.h"
  25:Generated_Source\PSoC4/cyfitter_cfg.c **** #include "cyfitter_cfg.h"
  26:Generated_Source\PSoC4/cyfitter_cfg.c **** #include "cyapicallbacks.h"
  27:Generated_Source\PSoC4/cyfitter_cfg.c **** 
  28:Generated_Source\PSoC4/cyfitter_cfg.c **** 
  29:Generated_Source\PSoC4/cyfitter_cfg.c **** #if defined(__GNUC__) || defined(__ARMCC_VERSION)
  30:Generated_Source\PSoC4/cyfitter_cfg.c ****     #define CYPACKED 
  31:Generated_Source\PSoC4/cyfitter_cfg.c ****     #define CYPACKED_ATTR __attribute__ ((packed))
ARM GAS  C:\Users\Banni\AppData\Local\Temp\ccEZ2Dzq.s 			page 2


  32:Generated_Source\PSoC4/cyfitter_cfg.c ****     #define CYALIGNED __attribute__ ((aligned))
  33:Generated_Source\PSoC4/cyfitter_cfg.c ****     #define CY_CFG_UNUSED __attribute__ ((unused))
  34:Generated_Source\PSoC4/cyfitter_cfg.c ****     #ifndef CY_CFG_SECTION
  35:Generated_Source\PSoC4/cyfitter_cfg.c ****         #define CY_CFG_SECTION __attribute__ ((section(".psocinit")))
  36:Generated_Source\PSoC4/cyfitter_cfg.c ****     #endif
  37:Generated_Source\PSoC4/cyfitter_cfg.c ****     
  38:Generated_Source\PSoC4/cyfitter_cfg.c ****     #if defined(__ARMCC_VERSION)
  39:Generated_Source\PSoC4/cyfitter_cfg.c ****         #define CY_CFG_MEMORY_BARRIER() __memory_changed()
  40:Generated_Source\PSoC4/cyfitter_cfg.c ****     #else
  41:Generated_Source\PSoC4/cyfitter_cfg.c ****         #define CY_CFG_MEMORY_BARRIER() __sync_synchronize()
  42:Generated_Source\PSoC4/cyfitter_cfg.c ****     #endif
  43:Generated_Source\PSoC4/cyfitter_cfg.c ****     
  44:Generated_Source\PSoC4/cyfitter_cfg.c **** #elif defined(__ICCARM__)
  45:Generated_Source\PSoC4/cyfitter_cfg.c ****     #include <intrinsics.h>
  46:Generated_Source\PSoC4/cyfitter_cfg.c **** 
  47:Generated_Source\PSoC4/cyfitter_cfg.c ****     #define CYPACKED __packed
  48:Generated_Source\PSoC4/cyfitter_cfg.c ****     #define CYPACKED_ATTR 
  49:Generated_Source\PSoC4/cyfitter_cfg.c ****     #define CYALIGNED _Pragma("data_alignment=4")
  50:Generated_Source\PSoC4/cyfitter_cfg.c ****     #define CY_CFG_UNUSED _Pragma("diag_suppress=Pe177")
  51:Generated_Source\PSoC4/cyfitter_cfg.c ****     #define CY_CFG_SECTION _Pragma("location=\".psocinit\"")
  52:Generated_Source\PSoC4/cyfitter_cfg.c ****     
  53:Generated_Source\PSoC4/cyfitter_cfg.c ****     #define CY_CFG_MEMORY_BARRIER() __DMB()
  54:Generated_Source\PSoC4/cyfitter_cfg.c ****     
  55:Generated_Source\PSoC4/cyfitter_cfg.c **** #else
  56:Generated_Source\PSoC4/cyfitter_cfg.c ****     #error Unsupported toolchain
  57:Generated_Source\PSoC4/cyfitter_cfg.c **** #endif
  58:Generated_Source\PSoC4/cyfitter_cfg.c **** 
  59:Generated_Source\PSoC4/cyfitter_cfg.c **** #ifndef CYCODE
  60:Generated_Source\PSoC4/cyfitter_cfg.c ****     #define CYCODE
  61:Generated_Source\PSoC4/cyfitter_cfg.c **** #endif
  62:Generated_Source\PSoC4/cyfitter_cfg.c **** #ifndef CYDATA
  63:Generated_Source\PSoC4/cyfitter_cfg.c ****     #define CYDATA
  64:Generated_Source\PSoC4/cyfitter_cfg.c **** #endif
  65:Generated_Source\PSoC4/cyfitter_cfg.c **** #ifndef CYFAR
  66:Generated_Source\PSoC4/cyfitter_cfg.c ****     #define CYFAR
  67:Generated_Source\PSoC4/cyfitter_cfg.c **** #endif
  68:Generated_Source\PSoC4/cyfitter_cfg.c **** #ifndef CYXDATA
  69:Generated_Source\PSoC4/cyfitter_cfg.c ****     #define CYXDATA
  70:Generated_Source\PSoC4/cyfitter_cfg.c **** #endif
  71:Generated_Source\PSoC4/cyfitter_cfg.c **** 
  72:Generated_Source\PSoC4/cyfitter_cfg.c **** 
  73:Generated_Source\PSoC4/cyfitter_cfg.c **** CY_CFG_UNUSED
  74:Generated_Source\PSoC4/cyfitter_cfg.c **** static void CYMEMZERO(void *s, size_t n);
  75:Generated_Source\PSoC4/cyfitter_cfg.c **** CY_CFG_UNUSED
  76:Generated_Source\PSoC4/cyfitter_cfg.c **** static void CYMEMZERO(void *s, size_t n)
  77:Generated_Source\PSoC4/cyfitter_cfg.c **** {
  78:Generated_Source\PSoC4/cyfitter_cfg.c **** 	(void)memset(s, 0, n);
  79:Generated_Source\PSoC4/cyfitter_cfg.c **** }
  80:Generated_Source\PSoC4/cyfitter_cfg.c **** CY_CFG_UNUSED
  81:Generated_Source\PSoC4/cyfitter_cfg.c **** static void CYCONFIGCPY(void *dest, const void *src, size_t n);
  82:Generated_Source\PSoC4/cyfitter_cfg.c **** CY_CFG_UNUSED
  83:Generated_Source\PSoC4/cyfitter_cfg.c **** static void CYCONFIGCPY(void *dest, const void *src, size_t n)
  84:Generated_Source\PSoC4/cyfitter_cfg.c **** {
  85:Generated_Source\PSoC4/cyfitter_cfg.c **** 	(void)memcpy(dest, src, n);
  86:Generated_Source\PSoC4/cyfitter_cfg.c **** }
  87:Generated_Source\PSoC4/cyfitter_cfg.c **** CY_CFG_UNUSED
  88:Generated_Source\PSoC4/cyfitter_cfg.c **** static void CYCONFIGCPYCODE(void *dest, const void *src, size_t n);
ARM GAS  C:\Users\Banni\AppData\Local\Temp\ccEZ2Dzq.s 			page 3


  89:Generated_Source\PSoC4/cyfitter_cfg.c **** CY_CFG_UNUSED
  90:Generated_Source\PSoC4/cyfitter_cfg.c **** static void CYCONFIGCPYCODE(void *dest, const void *src, size_t n)
  91:Generated_Source\PSoC4/cyfitter_cfg.c **** {
  92:Generated_Source\PSoC4/cyfitter_cfg.c **** 	(void)memcpy(dest, src, n);
  93:Generated_Source\PSoC4/cyfitter_cfg.c **** }
  94:Generated_Source\PSoC4/cyfitter_cfg.c **** 
  95:Generated_Source\PSoC4/cyfitter_cfg.c **** 
  96:Generated_Source\PSoC4/cyfitter_cfg.c **** 
  97:Generated_Source\PSoC4/cyfitter_cfg.c **** 
  98:Generated_Source\PSoC4/cyfitter_cfg.c **** /* Clock startup error codes                                                   */
  99:Generated_Source\PSoC4/cyfitter_cfg.c **** #define CYCLOCKSTART_NO_ERROR    0u
 100:Generated_Source\PSoC4/cyfitter_cfg.c **** #define CYCLOCKSTART_XTAL_ERROR  1u
 101:Generated_Source\PSoC4/cyfitter_cfg.c **** #define CYCLOCKSTART_32KHZ_ERROR 2u
 102:Generated_Source\PSoC4/cyfitter_cfg.c **** #define CYCLOCKSTART_PLL_ERROR   3u
 103:Generated_Source\PSoC4/cyfitter_cfg.c **** #define CYCLOCKSTART_FLL_ERROR   4u
 104:Generated_Source\PSoC4/cyfitter_cfg.c **** 
 105:Generated_Source\PSoC4/cyfitter_cfg.c **** 
 106:Generated_Source\PSoC4/cyfitter_cfg.c **** #ifdef CY_NEED_CYCLOCKSTARTUPERROR
 107:Generated_Source\PSoC4/cyfitter_cfg.c **** /*******************************************************************************
 108:Generated_Source\PSoC4/cyfitter_cfg.c **** * Function Name: CyClockStartupError
 109:Generated_Source\PSoC4/cyfitter_cfg.c **** ********************************************************************************
 110:Generated_Source\PSoC4/cyfitter_cfg.c **** * Summary:
 111:Generated_Source\PSoC4/cyfitter_cfg.c **** *  If an error is encountered during clock configuration (crystal startup error,
 112:Generated_Source\PSoC4/cyfitter_cfg.c **** *  PLL lock error, etc.), the system will end up here.  Unless reimplemented by
 113:Generated_Source\PSoC4/cyfitter_cfg.c **** *  the customer, this function will stop in an infinite loop.
 114:Generated_Source\PSoC4/cyfitter_cfg.c **** *
 115:Generated_Source\PSoC4/cyfitter_cfg.c **** * Parameters:
 116:Generated_Source\PSoC4/cyfitter_cfg.c **** *   void
 117:Generated_Source\PSoC4/cyfitter_cfg.c **** *
 118:Generated_Source\PSoC4/cyfitter_cfg.c **** * Return:
 119:Generated_Source\PSoC4/cyfitter_cfg.c **** *   void
 120:Generated_Source\PSoC4/cyfitter_cfg.c **** *
 121:Generated_Source\PSoC4/cyfitter_cfg.c **** *******************************************************************************/
 122:Generated_Source\PSoC4/cyfitter_cfg.c **** CY_CFG_UNUSED
 123:Generated_Source\PSoC4/cyfitter_cfg.c **** static void CyClockStartupError(uint8 errorCode);
 124:Generated_Source\PSoC4/cyfitter_cfg.c **** CY_CFG_UNUSED
 125:Generated_Source\PSoC4/cyfitter_cfg.c **** static void CyClockStartupError(uint8 errorCode)
 126:Generated_Source\PSoC4/cyfitter_cfg.c **** {
 127:Generated_Source\PSoC4/cyfitter_cfg.c ****     /* To remove the compiler warning if errorCode not used.                */
 128:Generated_Source\PSoC4/cyfitter_cfg.c ****     errorCode = errorCode;
 129:Generated_Source\PSoC4/cyfitter_cfg.c **** 
 130:Generated_Source\PSoC4/cyfitter_cfg.c ****     /* If we have a clock startup error (bad MHz crystal, PLL lock, etc.),  */
 131:Generated_Source\PSoC4/cyfitter_cfg.c ****     /* we will end up here to allow the customer to implement something to  */
 132:Generated_Source\PSoC4/cyfitter_cfg.c ****     /* deal with the clock condition.                                       */
 133:Generated_Source\PSoC4/cyfitter_cfg.c **** 
 134:Generated_Source\PSoC4/cyfitter_cfg.c **** #ifdef CY_CFG_CLOCK_STARTUP_ERROR_CALLBACK
 135:Generated_Source\PSoC4/cyfitter_cfg.c ****     CY_CFG_Clock_Startup_ErrorCallback();
 136:Generated_Source\PSoC4/cyfitter_cfg.c **** #else
 137:Generated_Source\PSoC4/cyfitter_cfg.c ****     /*  If not using CY_CFG_CLOCK_STARTUP_ERROR_CALLBACK, place your clock startup code here. */
 138:Generated_Source\PSoC4/cyfitter_cfg.c ****     /* `#START CyClockStartupError` */
 139:Generated_Source\PSoC4/cyfitter_cfg.c **** 
 140:Generated_Source\PSoC4/cyfitter_cfg.c **** 
 141:Generated_Source\PSoC4/cyfitter_cfg.c **** 
 142:Generated_Source\PSoC4/cyfitter_cfg.c ****     /* `#END` */
 143:Generated_Source\PSoC4/cyfitter_cfg.c **** 
 144:Generated_Source\PSoC4/cyfitter_cfg.c ****     while(1) {}
 145:Generated_Source\PSoC4/cyfitter_cfg.c **** #endif /* CY_CFG_CLOCK_STARTUP_ERROR_CALLBACK */
ARM GAS  C:\Users\Banni\AppData\Local\Temp\ccEZ2Dzq.s 			page 4


 146:Generated_Source\PSoC4/cyfitter_cfg.c **** }
 147:Generated_Source\PSoC4/cyfitter_cfg.c **** #endif
 148:Generated_Source\PSoC4/cyfitter_cfg.c **** 
 149:Generated_Source\PSoC4/cyfitter_cfg.c **** 
 150:Generated_Source\PSoC4/cyfitter_cfg.c **** 
 151:Generated_Source\PSoC4/cyfitter_cfg.c **** /*******************************************************************************
 152:Generated_Source\PSoC4/cyfitter_cfg.c **** * Function Name: ClockSetup
 153:Generated_Source\PSoC4/cyfitter_cfg.c **** ********************************************************************************
 154:Generated_Source\PSoC4/cyfitter_cfg.c **** *
 155:Generated_Source\PSoC4/cyfitter_cfg.c **** * Summary:
 156:Generated_Source\PSoC4/cyfitter_cfg.c **** *   Performs the initialization of all of the clocks in the device based on the
 157:Generated_Source\PSoC4/cyfitter_cfg.c **** *   settings in the Clock tab of the DWR.  This includes enabling the requested
 158:Generated_Source\PSoC4/cyfitter_cfg.c **** *   clocks and setting the necessary dividers to produce the desired frequency. 
 159:Generated_Source\PSoC4/cyfitter_cfg.c **** *
 160:Generated_Source\PSoC4/cyfitter_cfg.c **** * Parameters:
 161:Generated_Source\PSoC4/cyfitter_cfg.c **** *   void
 162:Generated_Source\PSoC4/cyfitter_cfg.c **** *
 163:Generated_Source\PSoC4/cyfitter_cfg.c **** * Return:
 164:Generated_Source\PSoC4/cyfitter_cfg.c **** *   void
 165:Generated_Source\PSoC4/cyfitter_cfg.c **** *
 166:Generated_Source\PSoC4/cyfitter_cfg.c **** *******************************************************************************/
 167:Generated_Source\PSoC4/cyfitter_cfg.c **** static void ClockSetup(void);
 168:Generated_Source\PSoC4/cyfitter_cfg.c **** CY_CFG_SECTION
 169:Generated_Source\PSoC4/cyfitter_cfg.c **** static void ClockSetup(void)
 170:Generated_Source\PSoC4/cyfitter_cfg.c **** {
 171:Generated_Source\PSoC4/cyfitter_cfg.c **** 
 172:Generated_Source\PSoC4/cyfitter_cfg.c **** 	/* Set Flash Cycles based on max possible frequency in case a glitch occurs during ClockSetup(). *
 173:Generated_Source\PSoC4/cyfitter_cfg.c **** 	CY_SET_REG32((void CYXDATA *)(CYREG_CPUSS_FLASH_CTL), (0x0012u));
 174:Generated_Source\PSoC4/cyfitter_cfg.c **** 	/* Update IMO to new clock speed. */
 175:Generated_Source\PSoC4/cyfitter_cfg.c **** 	CySysClkWriteImoFreq(24u);
 176:Generated_Source\PSoC4/cyfitter_cfg.c **** 
 177:Generated_Source\PSoC4/cyfitter_cfg.c **** 	/* Setup phase aligned clocks */
 178:Generated_Source\PSoC4/cyfitter_cfg.c **** 	CY_SET_REG32((void *)CYREG_PERI_DIV_16_CTL0, 0x00003300u);
 179:Generated_Source\PSoC4/cyfitter_cfg.c **** 	CY_SET_REG32((void *)CYREG_PERI_DIV_CMD, 0x8000FF40u);
 180:Generated_Source\PSoC4/cyfitter_cfg.c **** 
 181:Generated_Source\PSoC4/cyfitter_cfg.c **** 	/* CYDEV_CLK_SELECT Starting address: CYDEV_CLK_SELECT */
 182:Generated_Source\PSoC4/cyfitter_cfg.c **** 	CY_SET_REG32((void *)(CYREG_CLK_SELECT), 0x00000000u);
 183:Generated_Source\PSoC4/cyfitter_cfg.c **** 
 184:Generated_Source\PSoC4/cyfitter_cfg.c **** 	/* CYDEV_PERI_PCLK_CTL3 Starting address: CYDEV_PERI_PCLK_CTL3 */
 185:Generated_Source\PSoC4/cyfitter_cfg.c **** 	CY_SET_REG32((void *)(CYREG_PERI_PCLK_CTL3), 0x00000040u);
 186:Generated_Source\PSoC4/cyfitter_cfg.c **** 
 187:Generated_Source\PSoC4/cyfitter_cfg.c **** 	(void)CyIntSetVector(13u, &CySysTimerIsr);
 188:Generated_Source\PSoC4/cyfitter_cfg.c **** 	CyIntEnable(13u);
 189:Generated_Source\PSoC4/cyfitter_cfg.c **** 	CY_SET_REG32((void *)(CYREG_WCO_WDT_CONFIG), 0x00000000u);
 190:Generated_Source\PSoC4/cyfitter_cfg.c **** 	CySysClkSetTimerSource(CY_SYS_CLK_TIMER_SRC_ILO);
 191:Generated_Source\PSoC4/cyfitter_cfg.c **** 	/* Set Flash Cycles based on newly configured 24.00MHz HFCLK. */
 192:Generated_Source\PSoC4/cyfitter_cfg.c **** 	CY_SET_REG32((void CYXDATA *)(CYREG_CPUSS_FLASH_CTL), (0x0011u));
 193:Generated_Source\PSoC4/cyfitter_cfg.c **** }
 194:Generated_Source\PSoC4/cyfitter_cfg.c **** 
 195:Generated_Source\PSoC4/cyfitter_cfg.c **** 
 196:Generated_Source\PSoC4/cyfitter_cfg.c **** /* Analog API Functions */
 197:Generated_Source\PSoC4/cyfitter_cfg.c **** 
 198:Generated_Source\PSoC4/cyfitter_cfg.c **** 
 199:Generated_Source\PSoC4/cyfitter_cfg.c **** /*******************************************************************************
 200:Generated_Source\PSoC4/cyfitter_cfg.c **** * Function Name: AnalogSetDefault
 201:Generated_Source\PSoC4/cyfitter_cfg.c **** ********************************************************************************
 202:Generated_Source\PSoC4/cyfitter_cfg.c **** *
ARM GAS  C:\Users\Banni\AppData\Local\Temp\ccEZ2Dzq.s 			page 5


 203:Generated_Source\PSoC4/cyfitter_cfg.c **** * Summary:
 204:Generated_Source\PSoC4/cyfitter_cfg.c **** *  Sets up the analog portions of the chip to default values based on chip
 205:Generated_Source\PSoC4/cyfitter_cfg.c **** *  configuration options from the project.
 206:Generated_Source\PSoC4/cyfitter_cfg.c **** *
 207:Generated_Source\PSoC4/cyfitter_cfg.c **** * Parameters:
 208:Generated_Source\PSoC4/cyfitter_cfg.c **** *  void
 209:Generated_Source\PSoC4/cyfitter_cfg.c **** *
 210:Generated_Source\PSoC4/cyfitter_cfg.c **** * Return:
 211:Generated_Source\PSoC4/cyfitter_cfg.c **** *  void
 212:Generated_Source\PSoC4/cyfitter_cfg.c **** *
 213:Generated_Source\PSoC4/cyfitter_cfg.c **** *******************************************************************************/
 214:Generated_Source\PSoC4/cyfitter_cfg.c **** static void AnalogSetDefault(void);
 215:Generated_Source\PSoC4/cyfitter_cfg.c **** static void AnalogSetDefault(void)
 216:Generated_Source\PSoC4/cyfitter_cfg.c **** {
  27              		.loc 1 216 0
  28              		.cfi_startproc
  29              		@ args = 0, pretend = 0, frame = 0
  30              		@ frame_needed = 0, uses_anonymous_args = 0
  31              		@ link register save eliminated.
 217:Generated_Source\PSoC4/cyfitter_cfg.c **** 	CY_SET_XTND_REG32((void CYFAR *)CYREG_CTBM0_DFT_CTRL, 0x00000003u);
  32              		.loc 1 217 0
  33 0000 0322     		movs	r2, #3
  34 0002 034B     		ldr	r3, .L2
  35 0004 1A60     		str	r2, [r3]
 218:Generated_Source\PSoC4/cyfitter_cfg.c **** 	CY_SET_XTND_REG32((void CYFAR *)CYREG_PASS_DSAB_DSAB_CTRL, 0x00000020u);
  36              		.loc 1 218 0
  37 0006 1D32     		adds	r2, r2, #29
  38 0008 024B     		ldr	r3, .L2+4
  39 000a 1A60     		str	r2, [r3]
 219:Generated_Source\PSoC4/cyfitter_cfg.c **** }
  40              		.loc 1 219 0
  41              		@ sp needed
  42 000c 7047     		bx	lr
  43              	.L3:
  44 000e C046     		.align	2
  45              	.L2:
  46 0010 30003040 		.word	1076887600
  47 0014 000E3F40 		.word	1077874176
  48              		.cfi_endproc
  49              	.LFE5:
  50              		.size	AnalogSetDefault, .-AnalogSetDefault
  51              		.section	.psocinit,"ax",%progbits
  52              		.align	2
  53              		.code	16
  54              		.thumb_func
  55              		.type	ClockSetup, %function
  56              	ClockSetup:
  57              	.LFB4:
 170:Generated_Source\PSoC4/cyfitter_cfg.c **** 
  58              		.loc 1 170 0
  59              		.cfi_startproc
  60              		@ args = 0, pretend = 0, frame = 0
  61              		@ frame_needed = 0, uses_anonymous_args = 0
  62 0000 70B5     		push	{r4, r5, r6, lr}
  63              		.cfi_def_cfa_offset 16
  64              		.cfi_offset 4, -16
  65              		.cfi_offset 5, -12
ARM GAS  C:\Users\Banni\AppData\Local\Temp\ccEZ2Dzq.s 			page 6


  66              		.cfi_offset 6, -8
  67              		.cfi_offset 14, -4
 173:Generated_Source\PSoC4/cyfitter_cfg.c **** 	/* Update IMO to new clock speed. */
  68              		.loc 1 173 0
  69 0002 114C     		ldr	r4, .L5
  70 0004 1223     		movs	r3, #18
  71 0006 2360     		str	r3, [r4]
 175:Generated_Source\PSoC4/cyfitter_cfg.c **** 
  72              		.loc 1 175 0
  73 0008 1820     		movs	r0, #24
  74 000a FFF7FEFF 		bl	CySysClkWriteImoFreq
  75              	.LVL0:
 178:Generated_Source\PSoC4/cyfitter_cfg.c **** 	CY_SET_REG32((void *)CYREG_PERI_DIV_CMD, 0x8000FF40u);
  76              		.loc 1 178 0
  77 000e CC22     		movs	r2, #204
  78 0010 9201     		lsls	r2, r2, #6
  79 0012 0E4B     		ldr	r3, .L5+4
  80 0014 1A60     		str	r2, [r3]
 179:Generated_Source\PSoC4/cyfitter_cfg.c **** 
  81              		.loc 1 179 0
  82 0016 0E4A     		ldr	r2, .L5+8
  83 0018 0E4B     		ldr	r3, .L5+12
  84 001a 1A60     		str	r2, [r3]
 182:Generated_Source\PSoC4/cyfitter_cfg.c **** 
  85              		.loc 1 182 0
  86 001c 0025     		movs	r5, #0
  87 001e 0E4B     		ldr	r3, .L5+16
  88 0020 1D60     		str	r5, [r3]
 185:Generated_Source\PSoC4/cyfitter_cfg.c **** 
  89              		.loc 1 185 0
  90 0022 4022     		movs	r2, #64
  91 0024 0D4B     		ldr	r3, .L5+20
  92 0026 1A60     		str	r2, [r3]
 187:Generated_Source\PSoC4/cyfitter_cfg.c **** 	CyIntEnable(13u);
  93              		.loc 1 187 0
  94 0028 0D49     		ldr	r1, .L5+24
  95 002a 0D20     		movs	r0, #13
  96 002c FFF7FEFF 		bl	CyIntSetVector
  97              	.LVL1:
 188:Generated_Source\PSoC4/cyfitter_cfg.c **** 	CY_SET_REG32((void *)(CYREG_WCO_WDT_CONFIG), 0x00000000u);
  98              		.loc 1 188 0
  99 0030 0D20     		movs	r0, #13
 100 0032 FFF7FEFF 		bl	CyIntEnable
 101              	.LVL2:
 189:Generated_Source\PSoC4/cyfitter_cfg.c **** 	CySysClkSetTimerSource(CY_SYS_CLK_TIMER_SRC_ILO);
 102              		.loc 1 189 0
 103 0036 0B4B     		ldr	r3, .L5+28
 104 0038 1D60     		str	r5, [r3]
 190:Generated_Source\PSoC4/cyfitter_cfg.c **** 	/* Set Flash Cycles based on newly configured 24.00MHz HFCLK. */
 105              		.loc 1 190 0
 106 003a 0020     		movs	r0, #0
 107 003c FFF7FEFF 		bl	CySysClkSetTimerSource
 108              	.LVL3:
 192:Generated_Source\PSoC4/cyfitter_cfg.c **** }
 109              		.loc 1 192 0
 110 0040 1123     		movs	r3, #17
 111 0042 2360     		str	r3, [r4]
ARM GAS  C:\Users\Banni\AppData\Local\Temp\ccEZ2Dzq.s 			page 7


 193:Generated_Source\PSoC4/cyfitter_cfg.c **** 
 112              		.loc 1 193 0
 113              		@ sp needed
 114 0044 70BD     		pop	{r4, r5, r6, pc}
 115              	.L6:
 116 0046 C046     		.align	2
 117              	.L5:
 118 0048 30001040 		.word	1074790448
 119 004c 00030140 		.word	1073808128
 120 0050 40FF0080 		.word	-2147418304
 121 0054 00000140 		.word	1073807360
 122 0058 28000340 		.word	1073938472
 123 005c 0C010140 		.word	1073807628
 124 0060 00000000 		.word	CySysTimerIsr
 125 0064 0C022240 		.word	1075970572
 126              		.cfi_endproc
 127              	.LFE4:
 128              		.size	ClockSetup, .-ClockSetup
 129              		.align	2
 130              		.global	cyfitter_cfg
 131              		.code	16
 132              		.thumb_func
 133              		.type	cyfitter_cfg, %function
 134              	cyfitter_cfg:
 135              	.LFB6:
 220:Generated_Source\PSoC4/cyfitter_cfg.c **** 
 221:Generated_Source\PSoC4/cyfitter_cfg.c **** 
 222:Generated_Source\PSoC4/cyfitter_cfg.c **** 
 223:Generated_Source\PSoC4/cyfitter_cfg.c **** 
 224:Generated_Source\PSoC4/cyfitter_cfg.c **** /*******************************************************************************
 225:Generated_Source\PSoC4/cyfitter_cfg.c **** * Function Name: cyfitter_cfg
 226:Generated_Source\PSoC4/cyfitter_cfg.c **** ********************************************************************************
 227:Generated_Source\PSoC4/cyfitter_cfg.c **** * Summary:
 228:Generated_Source\PSoC4/cyfitter_cfg.c **** *  This function is called by the start-up code for the selected device. It
 229:Generated_Source\PSoC4/cyfitter_cfg.c **** *  performs all of the necessary device configuration based on the design
 230:Generated_Source\PSoC4/cyfitter_cfg.c **** *  settings.  This includes settings from the Design Wide Resources (DWR) such
 231:Generated_Source\PSoC4/cyfitter_cfg.c **** *  as Clocks and Pins as well as any component configuration that is necessary.
 232:Generated_Source\PSoC4/cyfitter_cfg.c **** *
 233:Generated_Source\PSoC4/cyfitter_cfg.c **** * Parameters:
 234:Generated_Source\PSoC4/cyfitter_cfg.c **** *   void
 235:Generated_Source\PSoC4/cyfitter_cfg.c **** *
 236:Generated_Source\PSoC4/cyfitter_cfg.c **** * Return:
 237:Generated_Source\PSoC4/cyfitter_cfg.c **** *   void
 238:Generated_Source\PSoC4/cyfitter_cfg.c **** *
 239:Generated_Source\PSoC4/cyfitter_cfg.c **** *******************************************************************************/
 240:Generated_Source\PSoC4/cyfitter_cfg.c **** CY_CFG_SECTION
 241:Generated_Source\PSoC4/cyfitter_cfg.c **** void cyfitter_cfg(void)
 242:Generated_Source\PSoC4/cyfitter_cfg.c **** {
 136              		.loc 1 242 0
 137              		.cfi_startproc
 138              		@ args = 0, pretend = 0, frame = 0
 139              		@ frame_needed = 0, uses_anonymous_args = 0
 140 0068 10B5     		push	{r4, lr}
 141              		.cfi_def_cfa_offset 8
 142              		.cfi_offset 4, -8
 143              		.cfi_offset 14, -4
 243:Generated_Source\PSoC4/cyfitter_cfg.c **** 	/* Disable interrupts by default. Let user enable if/when they want. */
ARM GAS  C:\Users\Banni\AppData\Local\Temp\ccEZ2Dzq.s 			page 8


 244:Generated_Source\PSoC4/cyfitter_cfg.c **** 	CyGlobalIntDisable;
 144              		.loc 1 244 0
 145              		.syntax divided
 146              	@ 244 "Generated_Source\PSoC4\cyfitter_cfg.c" 1
 147 006a 72B6     		CPSID   i
 148              	@ 0 "" 2
 245:Generated_Source\PSoC4/cyfitter_cfg.c **** 
 246:Generated_Source\PSoC4/cyfitter_cfg.c **** 	{
 247:Generated_Source\PSoC4/cyfitter_cfg.c **** 		/* HSIOM Starting address: CYDEV_HSIOM_BASE */
 248:Generated_Source\PSoC4/cyfitter_cfg.c **** 		CY_SET_REG32((void *)(CYREG_HSIOM_PORT_SEL3), 0x0000EE00u);
 149              		.loc 1 248 0
 150              		.thumb
 151              		.syntax unified
 152 006c EE22     		movs	r2, #238
 153 006e 1202     		lsls	r2, r2, #8
 154 0070 0B4B     		ldr	r3, .L8
 155 0072 1A60     		str	r2, [r3]
 249:Generated_Source\PSoC4/cyfitter_cfg.c **** 		CY_SET_REG32((void *)(CYREG_HSIOM_PORT_SEL7), 0x00000099u);
 156              		.loc 1 249 0
 157 0074 9922     		movs	r2, #153
 158 0076 0B4B     		ldr	r3, .L8+4
 159 0078 1A60     		str	r2, [r3]
 250:Generated_Source\PSoC4/cyfitter_cfg.c **** 
 251:Generated_Source\PSoC4/cyfitter_cfg.c **** 	}
 252:Generated_Source\PSoC4/cyfitter_cfg.c **** 
 253:Generated_Source\PSoC4/cyfitter_cfg.c **** 	/* Perform second pass device configuration. These items must be configured in specific order afte
 254:Generated_Source\PSoC4/cyfitter_cfg.c **** 	/* IOPINS0_3 Starting address: CYDEV_GPIO_PRT3_BASE */
 255:Generated_Source\PSoC4/cyfitter_cfg.c **** 	CY_SET_REG32((void *)(CYDEV_GPIO_PRT3_BASE), 0x00000080u);
 160              		.loc 1 255 0
 161 007a 193A     		subs	r2, r2, #25
 162 007c 0A4B     		ldr	r3, .L8+8
 163 007e 1A60     		str	r2, [r3]
 256:Generated_Source\PSoC4/cyfitter_cfg.c **** 	CY_SET_REG32((void *)(CYREG_GPIO_PRT3_PC), 0x00406D80u);
 164              		.loc 1 256 0
 165 0080 0A4A     		ldr	r2, .L8+12
 166 0082 0B4B     		ldr	r3, .L8+16
 167 0084 1A60     		str	r2, [r3]
 257:Generated_Source\PSoC4/cyfitter_cfg.c **** 
 258:Generated_Source\PSoC4/cyfitter_cfg.c **** 	/* IOPINS0_7 Starting address: CYDEV_GPIO_PRT7_BASE */
 259:Generated_Source\PSoC4/cyfitter_cfg.c **** 	CY_SET_REG32((void *)(CYDEV_GPIO_PRT7_BASE), 0x00000002u);
 168              		.loc 1 259 0
 169 0086 0223     		movs	r3, #2
 170 0088 0A4A     		ldr	r2, .L8+20
 171 008a 1360     		str	r3, [r2]
 260:Generated_Source\PSoC4/cyfitter_cfg.c **** 	CY_SET_REG32((void *)(CYREG_GPIO_PRT7_PC), 0x00000031u);
 172              		.loc 1 260 0
 173 008c 3121     		movs	r1, #49
 174 008e 0A4A     		ldr	r2, .L8+24
 175 0090 1160     		str	r1, [r2]
 261:Generated_Source\PSoC4/cyfitter_cfg.c **** 	CY_SET_REG32((void *)(CYREG_GPIO_PRT7_PC2), 0x00000002u);
 176              		.loc 1 261 0
 177 0092 0A4A     		ldr	r2, .L8+28
 178 0094 1360     		str	r3, [r2]
 262:Generated_Source\PSoC4/cyfitter_cfg.c **** 
 263:Generated_Source\PSoC4/cyfitter_cfg.c **** 
 264:Generated_Source\PSoC4/cyfitter_cfg.c **** 	/* Setup clocks based on selections from Clock DWR */
 265:Generated_Source\PSoC4/cyfitter_cfg.c **** 	ClockSetup();
ARM GAS  C:\Users\Banni\AppData\Local\Temp\ccEZ2Dzq.s 			page 9


 179              		.loc 1 265 0
 180 0096 FFF7B3FF 		bl	ClockSetup
 181              	.LVL4:
 266:Generated_Source\PSoC4/cyfitter_cfg.c **** 
 267:Generated_Source\PSoC4/cyfitter_cfg.c **** 	/* Perform basic analog initialization to defaults */
 268:Generated_Source\PSoC4/cyfitter_cfg.c **** 	AnalogSetDefault();
 182              		.loc 1 268 0
 183 009a FFF7FEFF 		bl	AnalogSetDefault
 184              	.LVL5:
 269:Generated_Source\PSoC4/cyfitter_cfg.c **** 
 270:Generated_Source\PSoC4/cyfitter_cfg.c **** }
 185              		.loc 1 270 0
 186              		@ sp needed
 187 009e 10BD     		pop	{r4, pc}
 188              	.L9:
 189              		.align	2
 190              	.L8:
 191 00a0 00030240 		.word	1073873664
 192 00a4 00070240 		.word	1073874688
 193 00a8 00030440 		.word	1074004736
 194 00ac 806D4000 		.word	4222336
 195 00b0 08030440 		.word	1074004744
 196 00b4 00070440 		.word	1074005760
 197 00b8 08070440 		.word	1074005768
 198 00bc 18070440 		.word	1074005784
 199              		.cfi_endproc
 200              	.LFE6:
 201              		.size	cyfitter_cfg, .-cyfitter_cfg
 202              		.text
 203              	.Letext0:
 204              		.file 2 "Generated_Source\\PSoC4\\cytypes.h"
 205              		.file 3 "Generated_Source\\PSoC4\\CyLib.h"
 206              		.file 4 "Generated_Source\\PSoC4\\CyLFClk.h"
 207              		.section	.debug_info,"",%progbits
 208              	.Ldebug_info0:
 209 0000 6C010000 		.4byte	0x16c
 210 0004 0400     		.2byte	0x4
 211 0006 00000000 		.4byte	.Ldebug_abbrev0
 212 000a 04       		.byte	0x4
 213 000b 01       		.uleb128 0x1
 214 000c 93010000 		.4byte	.LASF20
 215 0010 0C       		.byte	0xc
 216 0011 15000000 		.4byte	.LASF21
 217 0015 E0000000 		.4byte	.LASF22
 218 0019 00000000 		.4byte	.Ldebug_ranges0+0
 219 001d 00000000 		.4byte	0
 220 0021 00000000 		.4byte	.Ldebug_line0
 221 0025 02       		.uleb128 0x2
 222 0026 04       		.byte	0x4
 223 0027 05       		.byte	0x5
 224 0028 696E7400 		.ascii	"int\000"
 225 002c 03       		.uleb128 0x3
 226 002d 04       		.byte	0x4
 227 002e 07       		.byte	0x7
 228 002f 3B000000 		.4byte	.LASF0
 229 0033 03       		.uleb128 0x3
 230 0034 08       		.byte	0x8
ARM GAS  C:\Users\Banni\AppData\Local\Temp\ccEZ2Dzq.s 			page 10


 231 0035 05       		.byte	0x5
 232 0036 00000000 		.4byte	.LASF1
 233 003a 03       		.uleb128 0x3
 234 003b 08       		.byte	0x8
 235 003c 04       		.byte	0x4
 236 003d 7D010000 		.4byte	.LASF2
 237 0041 03       		.uleb128 0x3
 238 0042 01       		.byte	0x1
 239 0043 06       		.byte	0x6
 240 0044 4E010000 		.4byte	.LASF3
 241 0048 03       		.uleb128 0x3
 242 0049 01       		.byte	0x1
 243 004a 08       		.byte	0x8
 244 004b 48000000 		.4byte	.LASF4
 245 004f 03       		.uleb128 0x3
 246 0050 02       		.byte	0x2
 247 0051 05       		.byte	0x5
 248 0052 89010000 		.4byte	.LASF5
 249 0056 03       		.uleb128 0x3
 250 0057 02       		.byte	0x2
 251 0058 07       		.byte	0x7
 252 0059 3B010000 		.4byte	.LASF6
 253 005d 03       		.uleb128 0x3
 254 005e 04       		.byte	0x4
 255 005f 05       		.byte	0x5
 256 0060 BB000000 		.4byte	.LASF7
 257 0064 03       		.uleb128 0x3
 258 0065 04       		.byte	0x4
 259 0066 07       		.byte	0x7
 260 0067 6B000000 		.4byte	.LASF8
 261 006b 03       		.uleb128 0x3
 262 006c 08       		.byte	0x8
 263 006d 07       		.byte	0x7
 264 006e 8A000000 		.4byte	.LASF9
 265 0072 03       		.uleb128 0x3
 266 0073 04       		.byte	0x4
 267 0074 07       		.byte	0x7
 268 0075 25020000 		.4byte	.LASF10
 269 0079 03       		.uleb128 0x3
 270 007a 01       		.byte	0x1
 271 007b 08       		.byte	0x8
 272 007c B6000000 		.4byte	.LASF11
 273 0080 04       		.uleb128 0x4
 274 0081 0E000000 		.4byte	.LASF14
 275 0085 02       		.byte	0x2
 276 0086 E601     		.2byte	0x1e6
 277 0088 64000000 		.4byte	0x64
 278 008c 03       		.uleb128 0x3
 279 008d 04       		.byte	0x4
 280 008e 04       		.byte	0x4
 281 008f A1000000 		.4byte	.LASF12
 282 0093 03       		.uleb128 0x3
 283 0094 08       		.byte	0x8
 284 0095 04       		.byte	0x4
 285 0096 2E010000 		.4byte	.LASF13
 286 009a 04       		.uleb128 0x4
 287 009b 35010000 		.4byte	.LASF15
ARM GAS  C:\Users\Banni\AppData\Local\Temp\ccEZ2Dzq.s 			page 11


 288 009f 02       		.byte	0x2
 289 00a0 9002     		.2byte	0x290
 290 00a2 A6000000 		.4byte	0xa6
 291 00a6 05       		.uleb128 0x5
 292 00a7 80000000 		.4byte	0x80
 293 00ab 06       		.uleb128 0x6
 294 00ac C4000000 		.4byte	.LASF23
 295 00b0 01       		.byte	0x1
 296 00b1 D7       		.byte	0xd7
 297 00b2 00000000 		.4byte	.LFB5
 298 00b6 18000000 		.4byte	.LFE5-.LFB5
 299 00ba 01       		.uleb128 0x1
 300 00bb 9C       		.byte	0x9c
 301 00bc 07       		.uleb128 0x7
 302 00bd D5000000 		.4byte	.LASF24
 303 00c1 01       		.byte	0x1
 304 00c2 A9       		.byte	0xa9
 305 00c3 00000000 		.4byte	.LFB4
 306 00c7 68000000 		.4byte	.LFE4-.LFB4
 307 00cb 01       		.uleb128 0x1
 308 00cc 9C       		.byte	0x9c
 309 00cd 1B010000 		.4byte	0x11b
 310 00d1 08       		.uleb128 0x8
 311 00d2 0E000000 		.4byte	.LVL0
 312 00d6 43010000 		.4byte	0x143
 313 00da E4000000 		.4byte	0xe4
 314 00de 09       		.uleb128 0x9
 315 00df 01       		.uleb128 0x1
 316 00e0 50       		.byte	0x50
 317 00e1 01       		.uleb128 0x1
 318 00e2 48       		.byte	0x48
 319 00e3 00       		.byte	0
 320 00e4 08       		.uleb128 0x8
 321 00e5 30000000 		.4byte	.LVL1
 322 00e9 4E010000 		.4byte	0x14e
 323 00ed F7000000 		.4byte	0xf7
 324 00f1 09       		.uleb128 0x9
 325 00f2 01       		.uleb128 0x1
 326 00f3 50       		.byte	0x50
 327 00f4 01       		.uleb128 0x1
 328 00f5 3D       		.byte	0x3d
 329 00f6 00       		.byte	0
 330 00f7 08       		.uleb128 0x8
 331 00f8 36000000 		.4byte	.LVL2
 332 00fc 59010000 		.4byte	0x159
 333 0100 0A010000 		.4byte	0x10a
 334 0104 09       		.uleb128 0x9
 335 0105 01       		.uleb128 0x1
 336 0106 50       		.byte	0x50
 337 0107 01       		.uleb128 0x1
 338 0108 3D       		.byte	0x3d
 339 0109 00       		.byte	0
 340 010a 0A       		.uleb128 0xa
 341 010b 40000000 		.4byte	.LVL3
 342 010f 64010000 		.4byte	0x164
 343 0113 09       		.uleb128 0x9
 344 0114 01       		.uleb128 0x1
ARM GAS  C:\Users\Banni\AppData\Local\Temp\ccEZ2Dzq.s 			page 12


 345 0115 50       		.byte	0x50
 346 0116 02       		.uleb128 0x2
 347 0117 75       		.byte	0x75
 348 0118 00       		.sleb128 0
 349 0119 00       		.byte	0
 350 011a 00       		.byte	0
 351 011b 0B       		.uleb128 0xb
 352 011c 7D000000 		.4byte	.LASF25
 353 0120 01       		.byte	0x1
 354 0121 F1       		.byte	0xf1
 355 0122 68000000 		.4byte	.LFB6
 356 0126 58000000 		.4byte	.LFE6-.LFB6
 357 012a 01       		.uleb128 0x1
 358 012b 9C       		.byte	0x9c
 359 012c 43010000 		.4byte	0x143
 360 0130 0C       		.uleb128 0xc
 361 0131 9A000000 		.4byte	.LVL4
 362 0135 BC000000 		.4byte	0xbc
 363 0139 0C       		.uleb128 0xc
 364 013a 9E000000 		.4byte	.LVL5
 365 013e AB000000 		.4byte	0xab
 366 0142 00       		.byte	0
 367 0143 0D       		.uleb128 0xd
 368 0144 56000000 		.4byte	.LASF16
 369 0148 56000000 		.4byte	.LASF16
 370 014c 03       		.byte	0x3
 371 014d 6C       		.byte	0x6c
 372 014e 0D       		.uleb128 0xd
 373 014f A7000000 		.4byte	.LASF17
 374 0153 A7000000 		.4byte	.LASF17
 375 0157 03       		.byte	0x3
 376 0158 BD       		.byte	0xbd
 377 0159 0D       		.uleb128 0xd
 378 015a 5A010000 		.4byte	.LASF18
 379 015e 5A010000 		.4byte	.LASF18
 380 0162 03       		.byte	0x3
 381 0163 C3       		.byte	0xc3
 382 0164 0D       		.uleb128 0xd
 383 0165 66010000 		.4byte	.LASF19
 384 0169 66010000 		.4byte	.LASF19
 385 016d 04       		.byte	0x4
 386 016e 9F       		.byte	0x9f
 387 016f 00       		.byte	0
 388              		.section	.debug_abbrev,"",%progbits
 389              	.Ldebug_abbrev0:
 390 0000 01       		.uleb128 0x1
 391 0001 11       		.uleb128 0x11
 392 0002 01       		.byte	0x1
 393 0003 25       		.uleb128 0x25
 394 0004 0E       		.uleb128 0xe
 395 0005 13       		.uleb128 0x13
 396 0006 0B       		.uleb128 0xb
 397 0007 03       		.uleb128 0x3
 398 0008 0E       		.uleb128 0xe
 399 0009 1B       		.uleb128 0x1b
 400 000a 0E       		.uleb128 0xe
 401 000b 55       		.uleb128 0x55
ARM GAS  C:\Users\Banni\AppData\Local\Temp\ccEZ2Dzq.s 			page 13


 402 000c 17       		.uleb128 0x17
 403 000d 11       		.uleb128 0x11
 404 000e 01       		.uleb128 0x1
 405 000f 10       		.uleb128 0x10
 406 0010 17       		.uleb128 0x17
 407 0011 00       		.byte	0
 408 0012 00       		.byte	0
 409 0013 02       		.uleb128 0x2
 410 0014 24       		.uleb128 0x24
 411 0015 00       		.byte	0
 412 0016 0B       		.uleb128 0xb
 413 0017 0B       		.uleb128 0xb
 414 0018 3E       		.uleb128 0x3e
 415 0019 0B       		.uleb128 0xb
 416 001a 03       		.uleb128 0x3
 417 001b 08       		.uleb128 0x8
 418 001c 00       		.byte	0
 419 001d 00       		.byte	0
 420 001e 03       		.uleb128 0x3
 421 001f 24       		.uleb128 0x24
 422 0020 00       		.byte	0
 423 0021 0B       		.uleb128 0xb
 424 0022 0B       		.uleb128 0xb
 425 0023 3E       		.uleb128 0x3e
 426 0024 0B       		.uleb128 0xb
 427 0025 03       		.uleb128 0x3
 428 0026 0E       		.uleb128 0xe
 429 0027 00       		.byte	0
 430 0028 00       		.byte	0
 431 0029 04       		.uleb128 0x4
 432 002a 16       		.uleb128 0x16
 433 002b 00       		.byte	0
 434 002c 03       		.uleb128 0x3
 435 002d 0E       		.uleb128 0xe
 436 002e 3A       		.uleb128 0x3a
 437 002f 0B       		.uleb128 0xb
 438 0030 3B       		.uleb128 0x3b
 439 0031 05       		.uleb128 0x5
 440 0032 49       		.uleb128 0x49
 441 0033 13       		.uleb128 0x13
 442 0034 00       		.byte	0
 443 0035 00       		.byte	0
 444 0036 05       		.uleb128 0x5
 445 0037 35       		.uleb128 0x35
 446 0038 00       		.byte	0
 447 0039 49       		.uleb128 0x49
 448 003a 13       		.uleb128 0x13
 449 003b 00       		.byte	0
 450 003c 00       		.byte	0
 451 003d 06       		.uleb128 0x6
 452 003e 2E       		.uleb128 0x2e
 453 003f 00       		.byte	0
 454 0040 03       		.uleb128 0x3
 455 0041 0E       		.uleb128 0xe
 456 0042 3A       		.uleb128 0x3a
 457 0043 0B       		.uleb128 0xb
 458 0044 3B       		.uleb128 0x3b
ARM GAS  C:\Users\Banni\AppData\Local\Temp\ccEZ2Dzq.s 			page 14


 459 0045 0B       		.uleb128 0xb
 460 0046 27       		.uleb128 0x27
 461 0047 19       		.uleb128 0x19
 462 0048 11       		.uleb128 0x11
 463 0049 01       		.uleb128 0x1
 464 004a 12       		.uleb128 0x12
 465 004b 06       		.uleb128 0x6
 466 004c 40       		.uleb128 0x40
 467 004d 18       		.uleb128 0x18
 468 004e 9742     		.uleb128 0x2117
 469 0050 19       		.uleb128 0x19
 470 0051 00       		.byte	0
 471 0052 00       		.byte	0
 472 0053 07       		.uleb128 0x7
 473 0054 2E       		.uleb128 0x2e
 474 0055 01       		.byte	0x1
 475 0056 03       		.uleb128 0x3
 476 0057 0E       		.uleb128 0xe
 477 0058 3A       		.uleb128 0x3a
 478 0059 0B       		.uleb128 0xb
 479 005a 3B       		.uleb128 0x3b
 480 005b 0B       		.uleb128 0xb
 481 005c 27       		.uleb128 0x27
 482 005d 19       		.uleb128 0x19
 483 005e 11       		.uleb128 0x11
 484 005f 01       		.uleb128 0x1
 485 0060 12       		.uleb128 0x12
 486 0061 06       		.uleb128 0x6
 487 0062 40       		.uleb128 0x40
 488 0063 18       		.uleb128 0x18
 489 0064 9742     		.uleb128 0x2117
 490 0066 19       		.uleb128 0x19
 491 0067 01       		.uleb128 0x1
 492 0068 13       		.uleb128 0x13
 493 0069 00       		.byte	0
 494 006a 00       		.byte	0
 495 006b 08       		.uleb128 0x8
 496 006c 898201   		.uleb128 0x4109
 497 006f 01       		.byte	0x1
 498 0070 11       		.uleb128 0x11
 499 0071 01       		.uleb128 0x1
 500 0072 31       		.uleb128 0x31
 501 0073 13       		.uleb128 0x13
 502 0074 01       		.uleb128 0x1
 503 0075 13       		.uleb128 0x13
 504 0076 00       		.byte	0
 505 0077 00       		.byte	0
 506 0078 09       		.uleb128 0x9
 507 0079 8A8201   		.uleb128 0x410a
 508 007c 00       		.byte	0
 509 007d 02       		.uleb128 0x2
 510 007e 18       		.uleb128 0x18
 511 007f 9142     		.uleb128 0x2111
 512 0081 18       		.uleb128 0x18
 513 0082 00       		.byte	0
 514 0083 00       		.byte	0
 515 0084 0A       		.uleb128 0xa
ARM GAS  C:\Users\Banni\AppData\Local\Temp\ccEZ2Dzq.s 			page 15


 516 0085 898201   		.uleb128 0x4109
 517 0088 01       		.byte	0x1
 518 0089 11       		.uleb128 0x11
 519 008a 01       		.uleb128 0x1
 520 008b 31       		.uleb128 0x31
 521 008c 13       		.uleb128 0x13
 522 008d 00       		.byte	0
 523 008e 00       		.byte	0
 524 008f 0B       		.uleb128 0xb
 525 0090 2E       		.uleb128 0x2e
 526 0091 01       		.byte	0x1
 527 0092 3F       		.uleb128 0x3f
 528 0093 19       		.uleb128 0x19
 529 0094 03       		.uleb128 0x3
 530 0095 0E       		.uleb128 0xe
 531 0096 3A       		.uleb128 0x3a
 532 0097 0B       		.uleb128 0xb
 533 0098 3B       		.uleb128 0x3b
 534 0099 0B       		.uleb128 0xb
 535 009a 27       		.uleb128 0x27
 536 009b 19       		.uleb128 0x19
 537 009c 11       		.uleb128 0x11
 538 009d 01       		.uleb128 0x1
 539 009e 12       		.uleb128 0x12
 540 009f 06       		.uleb128 0x6
 541 00a0 40       		.uleb128 0x40
 542 00a1 18       		.uleb128 0x18
 543 00a2 9742     		.uleb128 0x2117
 544 00a4 19       		.uleb128 0x19
 545 00a5 01       		.uleb128 0x1
 546 00a6 13       		.uleb128 0x13
 547 00a7 00       		.byte	0
 548 00a8 00       		.byte	0
 549 00a9 0C       		.uleb128 0xc
 550 00aa 898201   		.uleb128 0x4109
 551 00ad 00       		.byte	0
 552 00ae 11       		.uleb128 0x11
 553 00af 01       		.uleb128 0x1
 554 00b0 31       		.uleb128 0x31
 555 00b1 13       		.uleb128 0x13
 556 00b2 00       		.byte	0
 557 00b3 00       		.byte	0
 558 00b4 0D       		.uleb128 0xd
 559 00b5 2E       		.uleb128 0x2e
 560 00b6 00       		.byte	0
 561 00b7 3F       		.uleb128 0x3f
 562 00b8 19       		.uleb128 0x19
 563 00b9 3C       		.uleb128 0x3c
 564 00ba 19       		.uleb128 0x19
 565 00bb 6E       		.uleb128 0x6e
 566 00bc 0E       		.uleb128 0xe
 567 00bd 03       		.uleb128 0x3
 568 00be 0E       		.uleb128 0xe
 569 00bf 3A       		.uleb128 0x3a
 570 00c0 0B       		.uleb128 0xb
 571 00c1 3B       		.uleb128 0x3b
 572 00c2 0B       		.uleb128 0xb
ARM GAS  C:\Users\Banni\AppData\Local\Temp\ccEZ2Dzq.s 			page 16


 573 00c3 00       		.byte	0
 574 00c4 00       		.byte	0
 575 00c5 00       		.byte	0
 576              		.section	.debug_aranges,"",%progbits
 577 0000 2C000000 		.4byte	0x2c
 578 0004 0200     		.2byte	0x2
 579 0006 00000000 		.4byte	.Ldebug_info0
 580 000a 04       		.byte	0x4
 581 000b 00       		.byte	0
 582 000c 0000     		.2byte	0
 583 000e 0000     		.2byte	0
 584 0010 00000000 		.4byte	.LFB5
 585 0014 18000000 		.4byte	.LFE5-.LFB5
 586 0018 00000000 		.4byte	.LFB4
 587 001c 68000000 		.4byte	.LFE4-.LFB4
 588 0020 68000000 		.4byte	.LFB6
 589 0024 58000000 		.4byte	.LFE6-.LFB6
 590 0028 00000000 		.4byte	0
 591 002c 00000000 		.4byte	0
 592              		.section	.debug_ranges,"",%progbits
 593              	.Ldebug_ranges0:
 594 0000 00000000 		.4byte	.LFB5
 595 0004 18000000 		.4byte	.LFE5
 596 0008 00000000 		.4byte	.LFB4
 597 000c 68000000 		.4byte	.LFE4
 598 0010 68000000 		.4byte	.LFB6
 599 0014 C0000000 		.4byte	.LFE6
 600 0018 00000000 		.4byte	0
 601 001c 00000000 		.4byte	0
 602              		.section	.debug_line,"",%progbits
 603              	.Ldebug_line0:
 604 0000 A4000000 		.section	.debug_str,"MS",%progbits,1
 604      02006100 
 604      00000201 
 604      FB0E0D00 
 604      01010101 
 605              	.LASF1:
 606 0000 6C6F6E67 		.ascii	"long long int\000"
 606      206C6F6E 
 606      6720696E 
 606      7400
 607              	.LASF14:
 608 000e 75696E74 		.ascii	"uint32\000"
 608      333200
 609              	.LASF21:
 610 0015 47656E65 		.ascii	"Generated_Source\\PSoC4\\cyfitter_cfg.c\000"
 610      72617465 
 610      645F536F 
 610      75726365 
 610      5C50536F 
 611              	.LASF0:
 612 003b 756E7369 		.ascii	"unsigned int\000"
 612      676E6564 
 612      20696E74 
 612      00
 613              	.LASF4:
 614 0048 756E7369 		.ascii	"unsigned char\000"
ARM GAS  C:\Users\Banni\AppData\Local\Temp\ccEZ2Dzq.s 			page 17


 614      676E6564 
 614      20636861 
 614      7200
 615              	.LASF16:
 616 0056 43795379 		.ascii	"CySysClkWriteImoFreq\000"
 616      73436C6B 
 616      57726974 
 616      65496D6F 
 616      46726571 
 617              	.LASF8:
 618 006b 6C6F6E67 		.ascii	"long unsigned int\000"
 618      20756E73 
 618      69676E65 
 618      6420696E 
 618      7400
 619              	.LASF25:
 620 007d 63796669 		.ascii	"cyfitter_cfg\000"
 620      74746572 
 620      5F636667 
 620      00
 621              	.LASF9:
 622 008a 6C6F6E67 		.ascii	"long long unsigned int\000"
 622      206C6F6E 
 622      6720756E 
 622      7369676E 
 622      65642069 
 623              	.LASF12:
 624 00a1 666C6F61 		.ascii	"float\000"
 624      7400
 625              	.LASF17:
 626 00a7 4379496E 		.ascii	"CyIntSetVector\000"
 626      74536574 
 626      56656374 
 626      6F7200
 627              	.LASF11:
 628 00b6 63686172 		.ascii	"char\000"
 628      00
 629              	.LASF7:
 630 00bb 6C6F6E67 		.ascii	"long int\000"
 630      20696E74 
 630      00
 631              	.LASF23:
 632 00c4 416E616C 		.ascii	"AnalogSetDefault\000"
 632      6F675365 
 632      74446566 
 632      61756C74 
 632      00
 633              	.LASF24:
 634 00d5 436C6F63 		.ascii	"ClockSetup\000"
 634      6B536574 
 634      757000
 635              	.LASF22:
 636 00e0 433A5C55 		.ascii	"C:\\Users\\Banni\\Desktop\\BLE Project\\Workspace\\"
 636      73657273 
 636      5C42616E 
 636      6E695C44 
 636      65736B74 
ARM GAS  C:\Users\Banni\AppData\Local\Temp\ccEZ2Dzq.s 			page 18


 637 010d 43593843 		.ascii	"CY8C_149KIT\\HomeAutomation.cydsn\000"
 637      5F313439 
 637      4B49545C 
 637      486F6D65 
 637      4175746F 
 638              	.LASF13:
 639 012e 646F7562 		.ascii	"double\000"
 639      6C6500
 640              	.LASF15:
 641 0135 72656733 		.ascii	"reg32\000"
 641      3200
 642              	.LASF6:
 643 013b 73686F72 		.ascii	"short unsigned int\000"
 643      7420756E 
 643      7369676E 
 643      65642069 
 643      6E7400
 644              	.LASF3:
 645 014e 7369676E 		.ascii	"signed char\000"
 645      65642063 
 645      68617200 
 646              	.LASF18:
 647 015a 4379496E 		.ascii	"CyIntEnable\000"
 647      74456E61 
 647      626C6500 
 648              	.LASF19:
 649 0166 43795379 		.ascii	"CySysClkSetTimerSource\000"
 649      73436C6B 
 649      53657454 
 649      696D6572 
 649      536F7572 
 650              	.LASF2:
 651 017d 6C6F6E67 		.ascii	"long double\000"
 651      20646F75 
 651      626C6500 
 652              	.LASF5:
 653 0189 73686F72 		.ascii	"short int\000"
 653      7420696E 
 653      7400
 654              	.LASF20:
 655 0193 474E5520 		.ascii	"GNU C11 5.4.1 20160609 (release) [ARM/embedded-5-br"
 655      43313120 
 655      352E342E 
 655      31203230 
 655      31363036 
 656 01c6 616E6368 		.ascii	"anch revision 237715] -mcpu=cortex-m0plus -mthumb -"
 656      20726576 
 656      6973696F 
 656      6E203233 
 656      37373135 
 657 01f9 67202D4F 		.ascii	"g -Og -ffunction-sections -ffat-lto-objects\000"
 657      67202D66 
 657      66756E63 
 657      74696F6E 
 657      2D736563 
 658              	.LASF10:
 659 0225 73697A65 		.ascii	"sizetype\000"
ARM GAS  C:\Users\Banni\AppData\Local\Temp\ccEZ2Dzq.s 			page 19


 659      74797065 
 659      00
 660              		.ident	"GCC: (GNU Tools for ARM Embedded Processors) 5.4.1 20160609 (release) [ARM/embedded-5-bran
