Archive member included to satisfy reference by file (symbol)

.\CortexM0p\ARM_GCC_541\Debug\DebugUARTBridge.a(from_ble.o)
                              .\CortexM0p\ARM_GCC_541\Debug\main.o (from_ble_Start)
.\CortexM0p\ARM_GCC_541\Debug\DebugUARTBridge.a(from_ble_UART.o)
                              .\CortexM0p\ARM_GCC_541\Debug\DebugUARTBridge.a(from_ble.o) (from_ble_UartInit)
.\CortexM0p\ARM_GCC_541\Debug\DebugUARTBridge.a(to_comp.o)
                              .\CortexM0p\ARM_GCC_541\Debug\main.o (to_comp_Start)
.\CortexM0p\ARM_GCC_541\Debug\DebugUARTBridge.a(to_comp_SPI_UART.o)
                              .\CortexM0p\ARM_GCC_541\Debug\main.o (to_comp_SpiUartWriteTxData)
.\CortexM0p\ARM_GCC_541\Debug\DebugUARTBridge.a(to_comp_UART.o)
                              .\CortexM0p\ARM_GCC_541\Debug\DebugUARTBridge.a(to_comp.o) (to_comp_UartInit)
.\CortexM0p\ARM_GCC_541\Debug\DebugUARTBridge.a(CyLib.o)
                              .\CortexM0p\ARM_GCC_541\Debug\cyfitter_cfg.o (CyIntEnable)
.\CortexM0p\ARM_GCC_541\Debug\DebugUARTBridge.a(CyLFClk.o)
                              .\CortexM0p\ARM_GCC_541\Debug\DebugUARTBridge.a(CyLib.o) (CySysClkWcoEnabled)
.\CortexM0p\ARM_GCC_541\Debug\DebugUARTBridge.a(CyBootAsmGnu.o)
                              .\CortexM0p\ARM_GCC_541\Debug\DebugUARTBridge.a(CyLib.o) (CyDelayCycles)
.\CortexM0p\ARM_GCC_541\Debug\DebugUARTBridge.a(from_ble_SPI_UART.o)
                              .\CortexM0p\ARM_GCC_541\Debug\DebugUARTBridge.a(from_ble_UART.o) (from_ble_SpiUartReadRxData)
.\CortexM0p\ARM_GCC_541\Debug\DebugUARTBridge.a(CyFlash.o)
                              .\CortexM0p\ARM_GCC_541\Debug\DebugUARTBridge.a(CyLib.o) (CySysFlashSetWaitCycles)
c:/program files (x86)/cypress/psoc creator/4.2/psoc creator/import/gnu/arm/5.4.1/bin/../lib/gcc/arm-none-eabi/5.4.1/armv6-m\libgcc.a(_udivsi3.o)
                              .\CortexM0p\ARM_GCC_541\Debug\DebugUARTBridge.a(CyLib.o) (__aeabi_uidiv)
c:/program files (x86)/cypress/psoc creator/4.2/psoc creator/import/gnu/arm/5.4.1/bin/../lib/gcc/arm-none-eabi/5.4.1/armv6-m\libgcc.a(_divsi3.o)
                              .\CortexM0p\ARM_GCC_541\Debug\DebugUARTBridge.a(CyLib.o) (__aeabi_idiv)
c:/program files (x86)/cypress/psoc creator/4.2/psoc creator/import/gnu/arm/5.4.1/bin/../lib/gcc/arm-none-eabi/5.4.1/armv6-m\libgcc.a(_dvmd_tls.o)
                              c:/program files (x86)/cypress/psoc creator/4.2/psoc creator/import/gnu/arm/5.4.1/bin/../lib/gcc/arm-none-eabi/5.4.1/armv6-m\libgcc.a(_udivsi3.o) (__aeabi_idiv0)
c:/program files (x86)/cypress/psoc creator/4.2/psoc creator/import/gnu/arm/5.4.1/bin/../lib/gcc/arm-none-eabi/5.4.1/../../../../arm-none-eabi/lib/armv6-m\libg_nano.a(lib_a-errno.o)
                              .\CortexM0p\ARM_GCC_541\Debug\Cm0plusStart.o (__errno)
c:/program files (x86)/cypress/psoc creator/4.2/psoc creator/import/gnu/arm/5.4.1/bin/../lib/gcc/arm-none-eabi/5.4.1/../../../../arm-none-eabi/lib/armv6-m\libg_nano.a(lib_a-exit.o)
                              c:/program files (x86)/cypress/psoc creator/4.2/psoc creator/import/gnu/arm/5.4.1/bin/../lib/gcc/arm-none-eabi/5.4.1/../../../../arm-none-eabi/lib/armv6-m/crt0.o (exit)
c:/program files (x86)/cypress/psoc creator/4.2/psoc creator/import/gnu/arm/5.4.1/bin/../lib/gcc/arm-none-eabi/5.4.1/../../../../arm-none-eabi/lib/armv6-m\libg_nano.a(lib_a-impure.o)
                              c:/program files (x86)/cypress/psoc creator/4.2/psoc creator/import/gnu/arm/5.4.1/bin/../lib/gcc/arm-none-eabi/5.4.1/../../../../arm-none-eabi/lib/armv6-m\libg_nano.a(lib_a-exit.o) (_global_impure_ptr)
c:/program files (x86)/cypress/psoc creator/4.2/psoc creator/import/gnu/arm/5.4.1/bin/../lib/gcc/arm-none-eabi/5.4.1/../../../../arm-none-eabi/lib/armv6-m\libg_nano.a(lib_a-init.o)
                              c:/program files (x86)/cypress/psoc creator/4.2/psoc creator/import/gnu/arm/5.4.1/bin/../lib/gcc/arm-none-eabi/5.4.1/../../../../arm-none-eabi/lib/armv6-m/crt0.o (__libc_init_array)
c:/program files (x86)/cypress/psoc creator/4.2/psoc creator/import/gnu/arm/5.4.1/bin/../lib/gcc/arm-none-eabi/5.4.1/../../../../arm-none-eabi/lib/armv6-m\libg_nano.a(lib_a-memcpy-stub.o)
                              .\CortexM0p\ARM_GCC_541\Debug\DebugUARTBridge.a(CyFlash.o) (memcpy)
c:/program files (x86)/cypress/psoc creator/4.2/psoc creator/import/gnu/arm/5.4.1/bin/../lib/gcc/arm-none-eabi/5.4.1/../../../../arm-none-eabi/lib/armv6-m\libg_nano.a(lib_a-memset.o)
                              c:/program files (x86)/cypress/psoc creator/4.2/psoc creator/import/gnu/arm/5.4.1/bin/../lib/gcc/arm-none-eabi/5.4.1/../../../../arm-none-eabi/lib/armv6-m/crt0.o (memset)

Discarded input sections

 .text          0x00000000        0x0 c:/program files (x86)/cypress/psoc creator/4.2/psoc creator/import/gnu/arm/5.4.1/bin/../lib/gcc/arm-none-eabi/5.4.1/armv6-m/crti.o
 .data          0x00000000        0x0 c:/program files (x86)/cypress/psoc creator/4.2/psoc creator/import/gnu/arm/5.4.1/bin/../lib/gcc/arm-none-eabi/5.4.1/armv6-m/crti.o
 .bss           0x00000000        0x0 c:/program files (x86)/cypress/psoc creator/4.2/psoc creator/import/gnu/arm/5.4.1/bin/../lib/gcc/arm-none-eabi/5.4.1/armv6-m/crti.o
 .data          0x00000000        0x4 c:/program files (x86)/cypress/psoc creator/4.2/psoc creator/import/gnu/arm/5.4.1/bin/../lib/gcc/arm-none-eabi/5.4.1/armv6-m/crtbegin.o
 .text          0x00000000       0x78 c:/program files (x86)/cypress/psoc creator/4.2/psoc creator/import/gnu/arm/5.4.1/bin/../lib/gcc/arm-none-eabi/5.4.1/../../../../arm-none-eabi/lib/armv6-m/crt0.o
 .data          0x00000000        0x0 c:/program files (x86)/cypress/psoc creator/4.2/psoc creator/import/gnu/arm/5.4.1/bin/../lib/gcc/arm-none-eabi/5.4.1/../../../../arm-none-eabi/lib/armv6-m/crt0.o
 .bss           0x00000000        0x0 c:/program files (x86)/cypress/psoc creator/4.2/psoc creator/import/gnu/arm/5.4.1/bin/../lib/gcc/arm-none-eabi/5.4.1/../../../../arm-none-eabi/lib/armv6-m/crt0.o
 .ARM.extab     0x00000000        0x0 c:/program files (x86)/cypress/psoc creator/4.2/psoc creator/import/gnu/arm/5.4.1/bin/../lib/gcc/arm-none-eabi/5.4.1/../../../../arm-none-eabi/lib/armv6-m/crt0.o
 .ARM.exidx     0x00000000        0x8 c:/program files (x86)/cypress/psoc creator/4.2/psoc creator/import/gnu/arm/5.4.1/bin/../lib/gcc/arm-none-eabi/5.4.1/../../../../arm-none-eabi/lib/armv6-m/crt0.o
 .text          0x00000000        0x0 .\CortexM0p\ARM_GCC_541\Debug\main.o
 .data          0x00000000        0x0 .\CortexM0p\ARM_GCC_541\Debug\main.o
 .bss           0x00000000        0x0 .\CortexM0p\ARM_GCC_541\Debug\main.o
 .text          0x00000000        0x0 .\CortexM0p\ARM_GCC_541\Debug\cyfitter_cfg.o
 .data          0x00000000        0x0 .\CortexM0p\ARM_GCC_541\Debug\cyfitter_cfg.o
 .bss           0x00000000        0x0 .\CortexM0p\ARM_GCC_541\Debug\cyfitter_cfg.o
 .text          0x00000000        0x0 .\CortexM0p\ARM_GCC_541\Debug\cymetadata.o
 .data          0x00000000        0x0 .\CortexM0p\ARM_GCC_541\Debug\cymetadata.o
 .bss           0x00000000        0x0 .\CortexM0p\ARM_GCC_541\Debug\cymetadata.o
 .text          0x00000000        0x0 .\CortexM0p\ARM_GCC_541\Debug\Cm0plusStart.o
 .data          0x00000000        0x4 .\CortexM0p\ARM_GCC_541\Debug\Cm0plusStart.o
 .bss           0x00000000        0x0 .\CortexM0p\ARM_GCC_541\Debug\Cm0plusStart.o
 .text._exit    0x00000000        0xc .\CortexM0p\ARM_GCC_541\Debug\Cm0plusStart.o
 .text._sbrk    0x00000000       0x30 .\CortexM0p\ARM_GCC_541\Debug\Cm0plusStart.o
 .text          0x00000000        0x0 .\CortexM0p\ARM_GCC_541\Debug\DebugUARTBridge.a(from_ble.o)
 .data          0x00000000        0x0 .\CortexM0p\ARM_GCC_541\Debug\DebugUARTBridge.a(from_ble.o)
 .text.from_ble_ScbModeStop
                0x00000000        0x8 .\CortexM0p\ARM_GCC_541\Debug\DebugUARTBridge.a(from_ble.o)
 .text.from_ble_Stop
                0x00000000       0x20 .\CortexM0p\ARM_GCC_541\Debug\DebugUARTBridge.a(from_ble.o)
 .text.from_ble_SetRxFifoLevel
                0x00000000       0x14 .\CortexM0p\ARM_GCC_541\Debug\DebugUARTBridge.a(from_ble.o)
 .text.from_ble_SetTxFifoLevel
                0x00000000       0x14 .\CortexM0p\ARM_GCC_541\Debug\DebugUARTBridge.a(from_ble.o)
 .text          0x00000000        0x0 .\CortexM0p\ARM_GCC_541\Debug\DebugUARTBridge.a(from_ble_UART.o)
 .data          0x00000000        0x0 .\CortexM0p\ARM_GCC_541\Debug\DebugUARTBridge.a(from_ble_UART.o)
 .bss           0x00000000        0x0 .\CortexM0p\ARM_GCC_541\Debug\DebugUARTBridge.a(from_ble_UART.o)
 .text.from_ble_UartStop
                0x00000000       0x28 .\CortexM0p\ARM_GCC_541\Debug\DebugUARTBridge.a(from_ble_UART.o)
 .text.from_ble_UartSetRxAddress
                0x00000000       0x14 .\CortexM0p\ARM_GCC_541\Debug\DebugUARTBridge.a(from_ble_UART.o)
 .text.from_ble_UartSetRxAddressMask
                0x00000000       0x18 .\CortexM0p\ARM_GCC_541\Debug\DebugUARTBridge.a(from_ble_UART.o)
 .text.from_ble_UartGetByte
                0x00000000       0x34 .\CortexM0p\ARM_GCC_541\Debug\DebugUARTBridge.a(from_ble_UART.o)
 .text.from_ble_UartSetRtsPolarity
                0x00000000       0x28 .\CortexM0p\ARM_GCC_541\Debug\DebugUARTBridge.a(from_ble_UART.o)
 .text.from_ble_UartSetRtsFifoLevel
                0x00000000       0x14 .\CortexM0p\ARM_GCC_541\Debug\DebugUARTBridge.a(from_ble_UART.o)
 .text.from_ble_UartPutString
                0x00000000       0x18 .\CortexM0p\ARM_GCC_541\Debug\DebugUARTBridge.a(from_ble_UART.o)
 .text.from_ble_UartPutCRLF
                0x00000000       0x14 .\CortexM0p\ARM_GCC_541\Debug\DebugUARTBridge.a(from_ble_UART.o)
 .text.from_ble_UartEnableCts
                0x00000000       0x14 .\CortexM0p\ARM_GCC_541\Debug\DebugUARTBridge.a(from_ble_UART.o)
 .text.from_ble_UartDisableCts
                0x00000000       0x14 .\CortexM0p\ARM_GCC_541\Debug\DebugUARTBridge.a(from_ble_UART.o)
 .text.from_ble_UartSetCtsPolarity
                0x00000000       0x28 .\CortexM0p\ARM_GCC_541\Debug\DebugUARTBridge.a(from_ble_UART.o)
 .text.from_ble_UartSendBreakBlocking
                0x00000000       0x58 .\CortexM0p\ARM_GCC_541\Debug\DebugUARTBridge.a(from_ble_UART.o)
 .text          0x00000000        0x0 .\CortexM0p\ARM_GCC_541\Debug\DebugUARTBridge.a(to_comp.o)
 .data          0x00000000        0x0 .\CortexM0p\ARM_GCC_541\Debug\DebugUARTBridge.a(to_comp.o)
 .text.to_comp_ScbModeStop
                0x00000000        0x8 .\CortexM0p\ARM_GCC_541\Debug\DebugUARTBridge.a(to_comp.o)
 .text.to_comp_Stop
                0x00000000       0x20 .\CortexM0p\ARM_GCC_541\Debug\DebugUARTBridge.a(to_comp.o)
 .text.to_comp_SetRxFifoLevel
                0x00000000       0x14 .\CortexM0p\ARM_GCC_541\Debug\DebugUARTBridge.a(to_comp.o)
 .text.to_comp_SetTxFifoLevel
                0x00000000       0x14 .\CortexM0p\ARM_GCC_541\Debug\DebugUARTBridge.a(to_comp.o)
 .text          0x00000000        0x0 .\CortexM0p\ARM_GCC_541\Debug\DebugUARTBridge.a(to_comp_SPI_UART.o)
 .data          0x00000000        0x0 .\CortexM0p\ARM_GCC_541\Debug\DebugUARTBridge.a(to_comp_SPI_UART.o)
 .bss           0x00000000        0x0 .\CortexM0p\ARM_GCC_541\Debug\DebugUARTBridge.a(to_comp_SPI_UART.o)
 .text.to_comp_SpiUartReadRxData
                0x00000000        0xc .\CortexM0p\ARM_GCC_541\Debug\DebugUARTBridge.a(to_comp_SPI_UART.o)
 .text.to_comp_SpiUartGetRxBufferSize
                0x00000000       0x10 .\CortexM0p\ARM_GCC_541\Debug\DebugUARTBridge.a(to_comp_SPI_UART.o)
 .text.to_comp_SpiUartClearRxBuffer
                0x00000000       0x20 .\CortexM0p\ARM_GCC_541\Debug\DebugUARTBridge.a(to_comp_SPI_UART.o)
 .text.to_comp_SpiUartPutArray
                0x00000000       0x18 .\CortexM0p\ARM_GCC_541\Debug\DebugUARTBridge.a(to_comp_SPI_UART.o)
 .text.to_comp_SpiUartGetTxBufferSize
                0x00000000       0x10 .\CortexM0p\ARM_GCC_541\Debug\DebugUARTBridge.a(to_comp_SPI_UART.o)
 .text.to_comp_SpiUartClearTxBuffer
                0x00000000       0x20 .\CortexM0p\ARM_GCC_541\Debug\DebugUARTBridge.a(to_comp_SPI_UART.o)
 .text.to_comp_SpiUartDisableIntRx
                0x00000000       0x10 .\CortexM0p\ARM_GCC_541\Debug\DebugUARTBridge.a(to_comp_SPI_UART.o)
 .text.to_comp_SpiUartDisableIntTx
                0x00000000       0x10 .\CortexM0p\ARM_GCC_541\Debug\DebugUARTBridge.a(to_comp_SPI_UART.o)
 .text          0x00000000        0x0 .\CortexM0p\ARM_GCC_541\Debug\DebugUARTBridge.a(to_comp_UART.o)
 .data          0x00000000        0x0 .\CortexM0p\ARM_GCC_541\Debug\DebugUARTBridge.a(to_comp_UART.o)
 .bss           0x00000000        0x0 .\CortexM0p\ARM_GCC_541\Debug\DebugUARTBridge.a(to_comp_UART.o)
 .text.to_comp_UartStop
                0x00000000       0x28 .\CortexM0p\ARM_GCC_541\Debug\DebugUARTBridge.a(to_comp_UART.o)
 .text.to_comp_UartSetRxAddress
                0x00000000       0x14 .\CortexM0p\ARM_GCC_541\Debug\DebugUARTBridge.a(to_comp_UART.o)
 .text.to_comp_UartSetRxAddressMask
                0x00000000       0x18 .\CortexM0p\ARM_GCC_541\Debug\DebugUARTBridge.a(to_comp_UART.o)
 .text.to_comp_UartGetChar
                0x00000000       0x2c .\CortexM0p\ARM_GCC_541\Debug\DebugUARTBridge.a(to_comp_UART.o)
 .text.to_comp_UartGetByte
                0x00000000       0x34 .\CortexM0p\ARM_GCC_541\Debug\DebugUARTBridge.a(to_comp_UART.o)
 .text.to_comp_UartSetRtsPolarity
                0x00000000       0x28 .\CortexM0p\ARM_GCC_541\Debug\DebugUARTBridge.a(to_comp_UART.o)
 .text.to_comp_UartSetRtsFifoLevel
                0x00000000       0x14 .\CortexM0p\ARM_GCC_541\Debug\DebugUARTBridge.a(to_comp_UART.o)
 .text.to_comp_UartPutString
                0x00000000       0x18 .\CortexM0p\ARM_GCC_541\Debug\DebugUARTBridge.a(to_comp_UART.o)
 .text.to_comp_UartPutCRLF
                0x00000000       0x14 .\CortexM0p\ARM_GCC_541\Debug\DebugUARTBridge.a(to_comp_UART.o)
 .text.to_comp_UartEnableCts
                0x00000000       0x14 .\CortexM0p\ARM_GCC_541\Debug\DebugUARTBridge.a(to_comp_UART.o)
 .text.to_comp_UartDisableCts
                0x00000000       0x14 .\CortexM0p\ARM_GCC_541\Debug\DebugUARTBridge.a(to_comp_UART.o)
 .text.to_comp_UartSetCtsPolarity
                0x00000000       0x28 .\CortexM0p\ARM_GCC_541\Debug\DebugUARTBridge.a(to_comp_UART.o)
 .text.to_comp_UartSendBreakBlocking
                0x00000000       0x58 .\CortexM0p\ARM_GCC_541\Debug\DebugUARTBridge.a(to_comp_UART.o)
 .text          0x00000000        0x0 .\CortexM0p\ARM_GCC_541\Debug\DebugUARTBridge.a(CyLib.o)
 .bss           0x00000000       0x18 .\CortexM0p\ARM_GCC_541\Debug\DebugUARTBridge.a(CyLib.o)
 .text.CySysClkImoStart
                0x00000000       0x14 .\CortexM0p\ARM_GCC_541\Debug\DebugUARTBridge.a(CyLib.o)
 .text.CySysClkImoStop
                0x00000000       0x18 .\CortexM0p\ARM_GCC_541\Debug\DebugUARTBridge.a(CyLib.o)
 .text.CySysClkWriteHfclkDirect
                0x00000000       0x7c .\CortexM0p\ARM_GCC_541\Debug\DebugUARTBridge.a(CyLib.o)
 .text.CySysEnablePumpClock
                0x00000000       0x34 .\CortexM0p\ARM_GCC_541\Debug\DebugUARTBridge.a(CyLib.o)
 .text.CySysClkGetSysclkSource
                0x00000000       0x2c .\CortexM0p\ARM_GCC_541\Debug\DebugUARTBridge.a(CyLib.o)
 .text.CySysClkWriteSysclkDiv
                0x00000000       0x24 .\CortexM0p\ARM_GCC_541\Debug\DebugUARTBridge.a(CyLib.o)
 .text.CySysClkWriteHfclkDiv
                0x00000000       0x24 .\CortexM0p\ARM_GCC_541\Debug\DebugUARTBridge.a(CyLib.o)
 .text.CySysClkEcoStop
                0x00000000       0x14 .\CortexM0p\ARM_GCC_541\Debug\DebugUARTBridge.a(CyLib.o)
 .text.CySysClkEcoReadStatus
                0x00000000       0x14 .\CortexM0p\ARM_GCC_541\Debug\DebugUARTBridge.a(CyLib.o)
 .text.CySysClkConfigureEcoTrim
                0x00000000       0x60 .\CortexM0p\ARM_GCC_541\Debug\DebugUARTBridge.a(CyLib.o)
 .text.CySysClkConfigureEcoDrive
                0x00000000      0x174 .\CortexM0p\ARM_GCC_541\Debug\DebugUARTBridge.a(CyLib.o)
 .text.CySysClkPllStop
                0x00000000       0x28 .\CortexM0p\ARM_GCC_541\Debug\DebugUARTBridge.a(CyLib.o)
 .text.CySysClkPllSetBypassMode
                0x00000000       0x38 .\CortexM0p\ARM_GCC_541\Debug\DebugUARTBridge.a(CyLib.o)
 .text.CySysClkPllGetUnlockStatus
                0x00000000       0x34 .\CortexM0p\ARM_GCC_541\Debug\DebugUARTBridge.a(CyLib.o)
 .text.CySysClkPllSetSource
                0x00000000       0x60 .\CortexM0p\ARM_GCC_541\Debug\DebugUARTBridge.a(CyLib.o)
 .text.CySysGetResetReason
                0x00000000       0x14 .\CortexM0p\ARM_GCC_541\Debug\DebugUARTBridge.a(CyLib.o)
 .text.CyDisableInts
                0x00000000       0x10 .\CortexM0p\ARM_GCC_541\Debug\DebugUARTBridge.a(CyLib.o)
 .text.CyEnableInts
                0x00000000        0xc .\CortexM0p\ARM_GCC_541\Debug\DebugUARTBridge.a(CyLib.o)
 .text.CyIntGetState
                0x00000000       0x18 .\CortexM0p\ARM_GCC_541\Debug\DebugUARTBridge.a(CyLib.o)
 .text.CyIntDisable
                0x00000000       0x14 .\CortexM0p\ARM_GCC_541\Debug\DebugUARTBridge.a(CyLib.o)
 .text.CyIntSetPending
                0x00000000       0x14 .\CortexM0p\ARM_GCC_541\Debug\DebugUARTBridge.a(CyLib.o)
 .text.CyIntClearPending
                0x00000000       0x14 .\CortexM0p\ARM_GCC_541\Debug\DebugUARTBridge.a(CyLib.o)
 .text.CySysClkPllGetLockStatus
                0x00000000       0x40 .\CortexM0p\ARM_GCC_541\Debug\DebugUARTBridge.a(CyLib.o)
 .text.CySysClkPllGetBypassMode
                0x00000000       0x2c .\CortexM0p\ARM_GCC_541\Debug\DebugUARTBridge.a(CyLib.o)
 .text.CySysClkPllConfigChangeAllowed
                0x00000000       0x2c .\CortexM0p\ARM_GCC_541\Debug\DebugUARTBridge.a(CyLib.o)
 .text.CySysClkPllSetPQ
                0x00000000       0xa4 .\CortexM0p\ARM_GCC_541\Debug\DebugUARTBridge.a(CyLib.o)
 .text.CySysClkPllSetOutputDivider
                0x00000000       0x58 .\CortexM0p\ARM_GCC_541\Debug\DebugUARTBridge.a(CyLib.o)
 .text.CySysClkPllSetFrequency
                0x00000000      0x110 .\CortexM0p\ARM_GCC_541\Debug\DebugUARTBridge.a(CyLib.o)
 .text.CyIntSetSysVector
                0x00000000       0x20 .\CortexM0p\ARM_GCC_541\Debug\DebugUARTBridge.a(CyLib.o)
 .text.CyIntGetSysVector
                0x00000000       0x1c .\CortexM0p\ARM_GCC_541\Debug\DebugUARTBridge.a(CyLib.o)
 .text.CyIntGetVector
                0x00000000       0x20 .\CortexM0p\ARM_GCC_541\Debug\DebugUARTBridge.a(CyLib.o)
 .text.CyIntSetPriority
                0x00000000       0x4c .\CortexM0p\ARM_GCC_541\Debug\DebugUARTBridge.a(CyLib.o)
 .text.CyIntGetPriority
                0x00000000       0x2c .\CortexM0p\ARM_GCC_541\Debug\DebugUARTBridge.a(CyLib.o)
 .text.CySoftwareReset
                0x00000000       0x18 .\CortexM0p\ARM_GCC_541\Debug\DebugUARTBridge.a(CyLib.o)
 .text.CySysClkEcoStart
                0x00000000       0x48 .\CortexM0p\ARM_GCC_541\Debug\DebugUARTBridge.a(CyLib.o)
 .text.CySysClkPllStart
                0x00000000       0x9c .\CortexM0p\ARM_GCC_541\Debug\DebugUARTBridge.a(CyLib.o)
 .text.CyDelayFreq
                0x00000000       0x4c .\CortexM0p\ARM_GCC_541\Debug\DebugUARTBridge.a(CyLib.o)
 .text.CySysTickStop
                0x00000000       0x10 .\CortexM0p\ARM_GCC_541\Debug\DebugUARTBridge.a(CyLib.o)
 .text.CySysTickEnableInterrupt
                0x00000000       0x10 .\CortexM0p\ARM_GCC_541\Debug\DebugUARTBridge.a(CyLib.o)
 .text.CySysTickEnable
                0x00000000       0x18 .\CortexM0p\ARM_GCC_541\Debug\DebugUARTBridge.a(CyLib.o)
 .text.CySysTickDisableInterrupt
                0x00000000       0x10 .\CortexM0p\ARM_GCC_541\Debug\DebugUARTBridge.a(CyLib.o)
 .text.CySysTickSetReload
                0x00000000       0x10 .\CortexM0p\ARM_GCC_541\Debug\DebugUARTBridge.a(CyLib.o)
 .text.CySysTickGetReload
                0x00000000       0x10 .\CortexM0p\ARM_GCC_541\Debug\DebugUARTBridge.a(CyLib.o)
 .text.CySysTickGetValue
                0x00000000       0x10 .\CortexM0p\ARM_GCC_541\Debug\DebugUARTBridge.a(CyLib.o)
 .text.CySysTickSetClockSource
                0x00000000       0x20 .\CortexM0p\ARM_GCC_541\Debug\DebugUARTBridge.a(CyLib.o)
 .text.CySysTickGetClockSource
                0x00000000       0x10 .\CortexM0p\ARM_GCC_541\Debug\DebugUARTBridge.a(CyLib.o)
 .text.CySysTickGetCountFlag
                0x00000000       0x10 .\CortexM0p\ARM_GCC_541\Debug\DebugUARTBridge.a(CyLib.o)
 .text.CySysTickServiceCallbacks
                0x00000000       0x28 .\CortexM0p\ARM_GCC_541\Debug\DebugUARTBridge.a(CyLib.o)
 .text.CySysTickClear
                0x00000000        0xc .\CortexM0p\ARM_GCC_541\Debug\DebugUARTBridge.a(CyLib.o)
 .text.CySysTickInit
                0x00000000       0x44 .\CortexM0p\ARM_GCC_541\Debug\DebugUARTBridge.a(CyLib.o)
 .text.CySysTickStart
                0x00000000       0x20 .\CortexM0p\ARM_GCC_541\Debug\DebugUARTBridge.a(CyLib.o)
 .text.CySysTickSetCallback
                0x00000000       0x10 .\CortexM0p\ARM_GCC_541\Debug\DebugUARTBridge.a(CyLib.o)
 .text.CySysTickGetCallback
                0x00000000        0xc .\CortexM0p\ARM_GCC_541\Debug\DebugUARTBridge.a(CyLib.o)
 .text.CyGetUniqueId
                0x00000000       0x70 .\CortexM0p\ARM_GCC_541\Debug\DebugUARTBridge.a(CyLib.o)
 .text.CySysSetRamAccessArbPriority
                0x00000000       0x20 .\CortexM0p\ARM_GCC_541\Debug\DebugUARTBridge.a(CyLib.o)
 .text.CySysSetFlashAccessArbPriority
                0x00000000       0x20 .\CortexM0p\ARM_GCC_541\Debug\DebugUARTBridge.a(CyLib.o)
 .text.CySysSetDmacAccessArbPriority
                0x00000000       0x20 .\CortexM0p\ARM_GCC_541\Debug\DebugUARTBridge.a(CyLib.o)
 .text.CySysSetPeripheralAccessArbPriority
                0x00000000       0x68 .\CortexM0p\ARM_GCC_541\Debug\DebugUARTBridge.a(CyLib.o)
 .text          0x00000000        0x0 .\CortexM0p\ARM_GCC_541\Debug\DebugUARTBridge.a(CyLFClk.o)
 .text.CySysClkIloStart
                0x00000000       0x14 .\CortexM0p\ARM_GCC_541\Debug\DebugUARTBridge.a(CyLFClk.o)
 .text.CySysClkIloStop
                0x00000000       0x10 .\CortexM0p\ARM_GCC_541\Debug\DebugUARTBridge.a(CyLFClk.o)
 .text.CySysClkIloStartMeasurement
                0x00000000       0x34 .\CortexM0p\ARM_GCC_541\Debug\DebugUARTBridge.a(CyLFClk.o)
 .text.CySysClkIloStopMeasurement
                0x00000000       0x28 .\CortexM0p\ARM_GCC_541\Debug\DebugUARTBridge.a(CyLFClk.o)
 .text.CySysClkIloCompensate
                0x00000000      0x10c .\CortexM0p\ARM_GCC_541\Debug\DebugUARTBridge.a(CyLFClk.o)
 .text.CySysClkWcoStart
                0x00000000       0x40 .\CortexM0p\ARM_GCC_541\Debug\DebugUARTBridge.a(CyLFClk.o)
 .text.CySysClkWcoStop
                0x00000000       0x1c .\CortexM0p\ARM_GCC_541\Debug\DebugUARTBridge.a(CyLFClk.o)
 .text.CySysClkWcoSetPowerMode
                0x00000000       0x4c .\CortexM0p\ARM_GCC_541\Debug\DebugUARTBridge.a(CyLFClk.o)
 .text.CySysClkWcoClockOutSelect
                0x00000000       0x2c .\CortexM0p\ARM_GCC_541\Debug\DebugUARTBridge.a(CyLFClk.o)
 .text.CySysWdtGetEnabledStatus
                0x00000000       0x1c .\CortexM0p\ARM_GCC_541\Debug\DebugUARTBridge.a(CyLFClk.o)
 .text.CySysWdtEnable
                0x00000000        0xc .\CortexM0p\ARM_GCC_541\Debug\DebugUARTBridge.a(CyLFClk.o)
 .text.CySysWdtSetMatch
                0x00000000       0x18 .\CortexM0p\ARM_GCC_541\Debug\DebugUARTBridge.a(CyLFClk.o)
 .text.CySysWdtGetMatch
                0x00000000       0x10 .\CortexM0p\ARM_GCC_541\Debug\DebugUARTBridge.a(CyLFClk.o)
 .text.CySysWdtGetCount
                0x00000000        0xc .\CortexM0p\ARM_GCC_541\Debug\DebugUARTBridge.a(CyLFClk.o)
 .text.CySysWdtSetIgnoreBits
                0x00000000       0x20 .\CortexM0p\ARM_GCC_541\Debug\DebugUARTBridge.a(CyLFClk.o)
 .text.CySysWdtGetIgnoreBits
                0x00000000       0x10 .\CortexM0p\ARM_GCC_541\Debug\DebugUARTBridge.a(CyLFClk.o)
 .text.CySysWdtClearInterrupt
                0x00000000       0x10 .\CortexM0p\ARM_GCC_541\Debug\DebugUARTBridge.a(CyLFClk.o)
 .text.CySysWdtMaskInterrupt
                0x00000000       0x10 .\CortexM0p\ARM_GCC_541\Debug\DebugUARTBridge.a(CyLFClk.o)
 .text.CySysWdtUnmaskInterrupt
                0x00000000       0x10 .\CortexM0p\ARM_GCC_541\Debug\DebugUARTBridge.a(CyLFClk.o)
 .text.CySysWdtSetInterruptCallback
                0x00000000       0x10 .\CortexM0p\ARM_GCC_541\Debug\DebugUARTBridge.a(CyLFClk.o)
 .text.CySysWdtGetInterruptCallback
                0x00000000        0xc .\CortexM0p\ARM_GCC_541\Debug\DebugUARTBridge.a(CyLFClk.o)
 .text.CySysWdtIsr
                0x00000000       0x18 .\CortexM0p\ARM_GCC_541\Debug\DebugUARTBridge.a(CyLFClk.o)
 .text.CySysTimerGetEnabledStatus
                0x00000000       0x24 .\CortexM0p\ARM_GCC_541\Debug\DebugUARTBridge.a(CyLFClk.o)
 .text.CySysTimerSetMode
                0x00000000       0x40 .\CortexM0p\ARM_GCC_541\Debug\DebugUARTBridge.a(CyLFClk.o)
 .text.CySysTimerGetMode
                0x00000000       0x14 .\CortexM0p\ARM_GCC_541\Debug\DebugUARTBridge.a(CyLFClk.o)
 .text.CySysTimerSetClearOnMatch
                0x00000000       0x34 .\CortexM0p\ARM_GCC_541\Debug\DebugUARTBridge.a(CyLFClk.o)
 .text.CySysTimerGetClearOnMatch
                0x00000000       0x24 .\CortexM0p\ARM_GCC_541\Debug\DebugUARTBridge.a(CyLFClk.o)
 .text.CySysTimerEnable
                0x00000000       0x3c .\CortexM0p\ARM_GCC_541\Debug\DebugUARTBridge.a(CyLFClk.o)
 .text.CySysTimerDisable
                0x00000000       0x3c .\CortexM0p\ARM_GCC_541\Debug\DebugUARTBridge.a(CyLFClk.o)
 .text.CySysTimerSetCascade
                0x00000000       0x34 .\CortexM0p\ARM_GCC_541\Debug\DebugUARTBridge.a(CyLFClk.o)
 .text.CySysTimerGetCascade
                0x00000000       0x14 .\CortexM0p\ARM_GCC_541\Debug\DebugUARTBridge.a(CyLFClk.o)
 .text.CySysTimerSetMatch
                0x00000000       0x54 .\CortexM0p\ARM_GCC_541\Debug\DebugUARTBridge.a(CyLFClk.o)
 .text.CySysTimerSetToggleBit
                0x00000000       0x30 .\CortexM0p\ARM_GCC_541\Debug\DebugUARTBridge.a(CyLFClk.o)
 .text.CySysTimerGetToggleBit
                0x00000000       0x10 .\CortexM0p\ARM_GCC_541\Debug\DebugUARTBridge.a(CyLFClk.o)
 .text.CySysTimerGetMatch
                0x00000000       0x20 .\CortexM0p\ARM_GCC_541\Debug\DebugUARTBridge.a(CyLFClk.o)
 .text.CySysTimerGetCount
                0x00000000       0x3c .\CortexM0p\ARM_GCC_541\Debug\DebugUARTBridge.a(CyLFClk.o)
 .text.CySysTimerGetInterruptSource
                0x00000000       0x14 .\CortexM0p\ARM_GCC_541\Debug\DebugUARTBridge.a(CyLFClk.o)
 .text.CySysTimerSetInterruptCallback
                0x00000000       0x20 .\CortexM0p\ARM_GCC_541\Debug\DebugUARTBridge.a(CyLFClk.o)
 .text.CySysTimerGetInterruptCallback
                0x00000000       0x20 .\CortexM0p\ARM_GCC_541\Debug\DebugUARTBridge.a(CyLFClk.o)
 .text.CySysTimerEnableIsr
                0x00000000       0x34 .\CortexM0p\ARM_GCC_541\Debug\DebugUARTBridge.a(CyLFClk.o)
 .text.CySysTimerDisableIsr
                0x00000000       0x28 .\CortexM0p\ARM_GCC_541\Debug\DebugUARTBridge.a(CyLFClk.o)
 .text.CySysTimerResetCounters
                0x00000000       0x20 .\CortexM0p\ARM_GCC_541\Debug\DebugUARTBridge.a(CyLFClk.o)
 .text.CySysTimerDelayUntilMatch
                0x00000000       0x6c .\CortexM0p\ARM_GCC_541\Debug\DebugUARTBridge.a(CyLFClk.o)
 .text.CySysTimerDelay
                0x00000000       0x3c .\CortexM0p\ARM_GCC_541\Debug\DebugUARTBridge.a(CyLFClk.o)
 .rodata        0x00000000        0xc .\CortexM0p\ARM_GCC_541\Debug\DebugUARTBridge.a(CyLFClk.o)
 .data          0x00000000        0x0 .\CortexM0p\ARM_GCC_541\Debug\DebugUARTBridge.a(CyBootAsmGnu.o)
 .bss           0x00000000        0x0 .\CortexM0p\ARM_GCC_541\Debug\DebugUARTBridge.a(CyBootAsmGnu.o)
 .text          0x00000000        0x0 .\CortexM0p\ARM_GCC_541\Debug\DebugUARTBridge.a(from_ble_SPI_UART.o)
 .data          0x00000000        0x0 .\CortexM0p\ARM_GCC_541\Debug\DebugUARTBridge.a(from_ble_SPI_UART.o)
 .bss           0x00000000        0x0 .\CortexM0p\ARM_GCC_541\Debug\DebugUARTBridge.a(from_ble_SPI_UART.o)
 .text.from_ble_SpiUartClearRxBuffer
                0x00000000       0x20 .\CortexM0p\ARM_GCC_541\Debug\DebugUARTBridge.a(from_ble_SPI_UART.o)
 .text.from_ble_SpiUartWriteTxData
                0x00000000       0x1c .\CortexM0p\ARM_GCC_541\Debug\DebugUARTBridge.a(from_ble_SPI_UART.o)
 .text.from_ble_SpiUartPutArray
                0x00000000       0x18 .\CortexM0p\ARM_GCC_541\Debug\DebugUARTBridge.a(from_ble_SPI_UART.o)
 .text.from_ble_SpiUartGetTxBufferSize
                0x00000000       0x10 .\CortexM0p\ARM_GCC_541\Debug\DebugUARTBridge.a(from_ble_SPI_UART.o)
 .text.from_ble_SpiUartClearTxBuffer
                0x00000000       0x20 .\CortexM0p\ARM_GCC_541\Debug\DebugUARTBridge.a(from_ble_SPI_UART.o)
 .text.from_ble_SpiUartDisableIntRx
                0x00000000       0x10 .\CortexM0p\ARM_GCC_541\Debug\DebugUARTBridge.a(from_ble_SPI_UART.o)
 .text.from_ble_SpiUartDisableIntTx
                0x00000000       0x10 .\CortexM0p\ARM_GCC_541\Debug\DebugUARTBridge.a(from_ble_SPI_UART.o)
 .text          0x00000000        0x0 .\CortexM0p\ARM_GCC_541\Debug\DebugUARTBridge.a(CyFlash.o)
 .data          0x00000000        0x0 .\CortexM0p\ARM_GCC_541\Debug\DebugUARTBridge.a(CyFlash.o)
 .bss           0x00000000       0x18 .\CortexM0p\ARM_GCC_541\Debug\DebugUARTBridge.a(CyFlash.o)
 .text.CySysFlashClockBackup
                0x00000000       0x64 .\CortexM0p\ARM_GCC_541\Debug\DebugUARTBridge.a(CyFlash.o)
 .text.CySysFlashClockConfig
                0x00000000       0x54 .\CortexM0p\ARM_GCC_541\Debug\DebugUARTBridge.a(CyFlash.o)
 .text.CySysFlashClockRestore
                0x00000000       0x64 .\CortexM0p\ARM_GCC_541\Debug\DebugUARTBridge.a(CyFlash.o)
 .text.CySysFlashWriteRow
                0x00000000      0x120 .\CortexM0p\ARM_GCC_541\Debug\DebugUARTBridge.a(CyFlash.o)
 .text.CySysSFlashWriteUserRow
                0x00000000      0x10c .\CortexM0p\ARM_GCC_541\Debug\DebugUARTBridge.a(CyFlash.o)
 .text          0x00000000      0x114 c:/program files (x86)/cypress/psoc creator/4.2/psoc creator/import/gnu/arm/5.4.1/bin/../lib/gcc/arm-none-eabi/5.4.1/armv6-m\libgcc.a(_udivsi3.o)
 .data          0x00000000        0x0 c:/program files (x86)/cypress/psoc creator/4.2/psoc creator/import/gnu/arm/5.4.1/bin/../lib/gcc/arm-none-eabi/5.4.1/armv6-m\libgcc.a(_udivsi3.o)
 .bss           0x00000000        0x0 c:/program files (x86)/cypress/psoc creator/4.2/psoc creator/import/gnu/arm/5.4.1/bin/../lib/gcc/arm-none-eabi/5.4.1/armv6-m\libgcc.a(_udivsi3.o)
 .text          0x00000000      0x1d4 c:/program files (x86)/cypress/psoc creator/4.2/psoc creator/import/gnu/arm/5.4.1/bin/../lib/gcc/arm-none-eabi/5.4.1/armv6-m\libgcc.a(_divsi3.o)
 .data          0x00000000        0x0 c:/program files (x86)/cypress/psoc creator/4.2/psoc creator/import/gnu/arm/5.4.1/bin/../lib/gcc/arm-none-eabi/5.4.1/armv6-m\libgcc.a(_divsi3.o)
 .bss           0x00000000        0x0 c:/program files (x86)/cypress/psoc creator/4.2/psoc creator/import/gnu/arm/5.4.1/bin/../lib/gcc/arm-none-eabi/5.4.1/armv6-m\libgcc.a(_divsi3.o)
 .text          0x00000000        0x4 c:/program files (x86)/cypress/psoc creator/4.2/psoc creator/import/gnu/arm/5.4.1/bin/../lib/gcc/arm-none-eabi/5.4.1/armv6-m\libgcc.a(_dvmd_tls.o)
 .data          0x00000000        0x0 c:/program files (x86)/cypress/psoc creator/4.2/psoc creator/import/gnu/arm/5.4.1/bin/../lib/gcc/arm-none-eabi/5.4.1/armv6-m\libgcc.a(_dvmd_tls.o)
 .bss           0x00000000        0x0 c:/program files (x86)/cypress/psoc creator/4.2/psoc creator/import/gnu/arm/5.4.1/bin/../lib/gcc/arm-none-eabi/5.4.1/armv6-m\libgcc.a(_dvmd_tls.o)
 .text          0x00000000        0x0 c:/program files (x86)/cypress/psoc creator/4.2/psoc creator/import/gnu/arm/5.4.1/bin/../lib/gcc/arm-none-eabi/5.4.1/../../../../arm-none-eabi/lib/armv6-m\libg_nano.a(lib_a-errno.o)
 .data          0x00000000        0x0 c:/program files (x86)/cypress/psoc creator/4.2/psoc creator/import/gnu/arm/5.4.1/bin/../lib/gcc/arm-none-eabi/5.4.1/../../../../arm-none-eabi/lib/armv6-m\libg_nano.a(lib_a-errno.o)
 .bss           0x00000000        0x0 c:/program files (x86)/cypress/psoc creator/4.2/psoc creator/import/gnu/arm/5.4.1/bin/../lib/gcc/arm-none-eabi/5.4.1/../../../../arm-none-eabi/lib/armv6-m\libg_nano.a(lib_a-errno.o)
 .text          0x00000000        0x0 c:/program files (x86)/cypress/psoc creator/4.2/psoc creator/import/gnu/arm/5.4.1/bin/../lib/gcc/arm-none-eabi/5.4.1/../../../../arm-none-eabi/lib/armv6-m\libg_nano.a(lib_a-exit.o)
 .data          0x00000000        0x0 c:/program files (x86)/cypress/psoc creator/4.2/psoc creator/import/gnu/arm/5.4.1/bin/../lib/gcc/arm-none-eabi/5.4.1/../../../../arm-none-eabi/lib/armv6-m\libg_nano.a(lib_a-exit.o)
 .bss           0x00000000        0x0 c:/program files (x86)/cypress/psoc creator/4.2/psoc creator/import/gnu/arm/5.4.1/bin/../lib/gcc/arm-none-eabi/5.4.1/../../../../arm-none-eabi/lib/armv6-m\libg_nano.a(lib_a-exit.o)
 .text.exit     0x00000000       0x2c c:/program files (x86)/cypress/psoc creator/4.2/psoc creator/import/gnu/arm/5.4.1/bin/../lib/gcc/arm-none-eabi/5.4.1/../../../../arm-none-eabi/lib/armv6-m\libg_nano.a(lib_a-exit.o)
 .text          0x00000000        0x0 c:/program files (x86)/cypress/psoc creator/4.2/psoc creator/import/gnu/arm/5.4.1/bin/../lib/gcc/arm-none-eabi/5.4.1/../../../../arm-none-eabi/lib/armv6-m\libg_nano.a(lib_a-impure.o)
 .data          0x00000000        0x0 c:/program files (x86)/cypress/psoc creator/4.2/psoc creator/import/gnu/arm/5.4.1/bin/../lib/gcc/arm-none-eabi/5.4.1/../../../../arm-none-eabi/lib/armv6-m\libg_nano.a(lib_a-impure.o)
 .bss           0x00000000        0x0 c:/program files (x86)/cypress/psoc creator/4.2/psoc creator/import/gnu/arm/5.4.1/bin/../lib/gcc/arm-none-eabi/5.4.1/../../../../arm-none-eabi/lib/armv6-m\libg_nano.a(lib_a-impure.o)
 .rodata._global_impure_ptr
                0x00000000        0x4 c:/program files (x86)/cypress/psoc creator/4.2/psoc creator/import/gnu/arm/5.4.1/bin/../lib/gcc/arm-none-eabi/5.4.1/../../../../arm-none-eabi/lib/armv6-m\libg_nano.a(lib_a-impure.o)
 .text          0x00000000        0x0 c:/program files (x86)/cypress/psoc creator/4.2/psoc creator/import/gnu/arm/5.4.1/bin/../lib/gcc/arm-none-eabi/5.4.1/../../../../arm-none-eabi/lib/armv6-m\libg_nano.a(lib_a-init.o)
 .data          0x00000000        0x0 c:/program files (x86)/cypress/psoc creator/4.2/psoc creator/import/gnu/arm/5.4.1/bin/../lib/gcc/arm-none-eabi/5.4.1/../../../../arm-none-eabi/lib/armv6-m\libg_nano.a(lib_a-init.o)
 .bss           0x00000000        0x0 c:/program files (x86)/cypress/psoc creator/4.2/psoc creator/import/gnu/arm/5.4.1/bin/../lib/gcc/arm-none-eabi/5.4.1/../../../../arm-none-eabi/lib/armv6-m\libg_nano.a(lib_a-init.o)
 .text          0x00000000        0x0 c:/program files (x86)/cypress/psoc creator/4.2/psoc creator/import/gnu/arm/5.4.1/bin/../lib/gcc/arm-none-eabi/5.4.1/../../../../arm-none-eabi/lib/armv6-m\libg_nano.a(lib_a-memcpy-stub.o)
 .data          0x00000000        0x0 c:/program files (x86)/cypress/psoc creator/4.2/psoc creator/import/gnu/arm/5.4.1/bin/../lib/gcc/arm-none-eabi/5.4.1/../../../../arm-none-eabi/lib/armv6-m\libg_nano.a(lib_a-memcpy-stub.o)
 .bss           0x00000000        0x0 c:/program files (x86)/cypress/psoc creator/4.2/psoc creator/import/gnu/arm/5.4.1/bin/../lib/gcc/arm-none-eabi/5.4.1/../../../../arm-none-eabi/lib/armv6-m\libg_nano.a(lib_a-memcpy-stub.o)
 .text.memcpy   0x00000000       0x12 c:/program files (x86)/cypress/psoc creator/4.2/psoc creator/import/gnu/arm/5.4.1/bin/../lib/gcc/arm-none-eabi/5.4.1/../../../../arm-none-eabi/lib/armv6-m\libg_nano.a(lib_a-memcpy-stub.o)
 .text          0x00000000        0x0 c:/program files (x86)/cypress/psoc creator/4.2/psoc creator/import/gnu/arm/5.4.1/bin/../lib/gcc/arm-none-eabi/5.4.1/../../../../arm-none-eabi/lib/armv6-m\libg_nano.a(lib_a-memset.o)
 .data          0x00000000        0x0 c:/program files (x86)/cypress/psoc creator/4.2/psoc creator/import/gnu/arm/5.4.1/bin/../lib/gcc/arm-none-eabi/5.4.1/../../../../arm-none-eabi/lib/armv6-m\libg_nano.a(lib_a-memset.o)
 .bss           0x00000000        0x0 c:/program files (x86)/cypress/psoc creator/4.2/psoc creator/import/gnu/arm/5.4.1/bin/../lib/gcc/arm-none-eabi/5.4.1/../../../../arm-none-eabi/lib/armv6-m\libg_nano.a(lib_a-memset.o)
 .text.memset   0x00000000       0x10 c:/program files (x86)/cypress/psoc creator/4.2/psoc creator/import/gnu/arm/5.4.1/bin/../lib/gcc/arm-none-eabi/5.4.1/../../../../arm-none-eabi/lib/armv6-m\libg_nano.a(lib_a-memset.o)
 .text          0x00000000        0x0 c:/program files (x86)/cypress/psoc creator/4.2/psoc creator/import/gnu/arm/5.4.1/bin/../lib/gcc/arm-none-eabi/5.4.1/armv6-m/crtend.o
 .data          0x00000000        0x0 c:/program files (x86)/cypress/psoc creator/4.2/psoc creator/import/gnu/arm/5.4.1/bin/../lib/gcc/arm-none-eabi/5.4.1/armv6-m/crtend.o
 .bss           0x00000000        0x0 c:/program files (x86)/cypress/psoc creator/4.2/psoc creator/import/gnu/arm/5.4.1/bin/../lib/gcc/arm-none-eabi/5.4.1/armv6-m/crtend.o
 .text          0x00000000        0x0 c:/program files (x86)/cypress/psoc creator/4.2/psoc creator/import/gnu/arm/5.4.1/bin/../lib/gcc/arm-none-eabi/5.4.1/armv6-m/crtn.o
 .data          0x00000000        0x0 c:/program files (x86)/cypress/psoc creator/4.2/psoc creator/import/gnu/arm/5.4.1/bin/../lib/gcc/arm-none-eabi/5.4.1/armv6-m/crtn.o
 .bss           0x00000000        0x0 c:/program files (x86)/cypress/psoc creator/4.2/psoc creator/import/gnu/arm/5.4.1/bin/../lib/gcc/arm-none-eabi/5.4.1/armv6-m/crtn.o

Memory Configuration

Name             Origin             Length             Attributes
rom              0x00000000         0x00020000         xr
ram              0x20000000         0x00004000         xrw
*default*        0x00000000         0xffffffff

Linker script and memory map

LOAD c:/program files (x86)/cypress/psoc creator/4.2/psoc creator/import/gnu/arm/5.4.1/bin/../lib/gcc/arm-none-eabi/5.4.1/armv6-m/crti.o
LOAD c:/program files (x86)/cypress/psoc creator/4.2/psoc creator/import/gnu/arm/5.4.1/bin/../lib/gcc/arm-none-eabi/5.4.1/armv6-m/crtbegin.o
LOAD c:/program files (x86)/cypress/psoc creator/4.2/psoc creator/import/gnu/arm/5.4.1/bin/../lib/gcc/arm-none-eabi/5.4.1/../../../../arm-none-eabi/lib/armv6-m/crt0.o
START GROUP
LOAD .\CortexM0p\ARM_GCC_541\Debug\main.o
LOAD .\CortexM0p\ARM_GCC_541\Debug\cyfitter_cfg.o
LOAD .\CortexM0p\ARM_GCC_541\Debug\cymetadata.o
LOAD .\CortexM0p\ARM_GCC_541\Debug\Cm0plusStart.o
LOAD .\CortexM0p\ARM_GCC_541\Debug\DebugUARTBridge.a
END GROUP
START GROUP
LOAD c:/program files (x86)/cypress/psoc creator/4.2/psoc creator/import/gnu/arm/5.4.1/bin/../lib/gcc/arm-none-eabi/5.4.1/armv6-m\libgcc.a
LOAD c:/program files (x86)/cypress/psoc creator/4.2/psoc creator/import/gnu/arm/5.4.1/bin/../lib/gcc/arm-none-eabi/5.4.1/../../../../arm-none-eabi/lib/armv6-m\libg_nano.a
LOAD c:/program files (x86)/cypress/psoc creator/4.2/psoc creator/import/gnu/arm/5.4.1/bin/../lib/gcc/arm-none-eabi/5.4.1/../../../../arm-none-eabi/lib/armv6-m\libc_nano.a
END GROUP
START GROUP
LOAD c:/program files (x86)/cypress/psoc creator/4.2/psoc creator/import/gnu/arm/5.4.1/bin/../lib/gcc/arm-none-eabi/5.4.1/armv6-m\libgcc.a
LOAD c:/program files (x86)/cypress/psoc creator/4.2/psoc creator/import/gnu/arm/5.4.1/bin/../lib/gcc/arm-none-eabi/5.4.1/../../../../arm-none-eabi/lib/armv6-m\libc_nano.a
END GROUP
LOAD c:/program files (x86)/cypress/psoc creator/4.2/psoc creator/import/gnu/arm/5.4.1/bin/../lib/gcc/arm-none-eabi/5.4.1/armv6-m/crtend.o
LOAD c:/program files (x86)/cypress/psoc creator/4.2/psoc creator/import/gnu/arm/5.4.1/bin/../lib/gcc/arm-none-eabi/5.4.1/armv6-m/crtn.o
START GROUP
LOAD c:/program files (x86)/cypress/psoc creator/4.2/psoc creator/import/gnu/arm/5.4.1/bin/../lib/gcc/arm-none-eabi/5.4.1/armv6-m\libgcc.a
LOAD c:/program files (x86)/cypress/psoc creator/4.2/psoc creator/import/gnu/arm/5.4.1/bin/../lib/gcc/arm-none-eabi/5.4.1/../../../../arm-none-eabi/lib/armv6-m\libc.a
LOAD c:/program files (x86)/cypress/psoc creator/4.2/psoc creator/import/gnu/arm/5.4.1/bin/../lib/gcc/arm-none-eabi/5.4.1/../../../../arm-none-eabi/lib/armv6-m\libnosys.a
END GROUP
                0x00000000                CY_APPL_ORIGIN = 0x0
                0x00000100                CY_FLASH_ROW_SIZE = 0x100
                0x00000001                CY_APPL_NUM = 0x1
                0x00000001                CY_APPL_MAX = 0x1
                0x00000040                CY_METADATA_SIZE = 0x40
                0x00000000                CY_APPL_LOADABLE = 0x0
                0x00000000                CY_CHECKSUM_EXCLUDE_SIZE = ALIGN (0x0, CY_FLASH_ROW_SIZE)
                0x00000000                CY_APP_FOR_STACK_AND_COPIER = 0x0
                [!provide]                PROVIDE (__cy_heap_start, _end)
                0x00000001                PROVIDE (__cy_region_num, ((__cy_regions_end - __cy_regions) / 0x10))
                0x20004000                PROVIDE (__cy_stack, (ORIGIN (ram) + LENGTH (ram)))
                [!provide]                PROVIDE (__cy_heap_end, (__cy_stack - 0x800))

.cybootloader   0x00000000        0x0
 *(.cybootloader)
                0x00000000                appl1_start = CY_APPL_ORIGIN?CY_APPL_ORIGIN:ALIGN (CY_FLASH_ROW_SIZE)
                0x0000ff00                appl2_start = (appl1_start + ALIGN ((((LENGTH (rom) - appl1_start) - (0x2 * CY_FLASH_ROW_SIZE)) / 0x2), CY_FLASH_ROW_SIZE))
                0x00000000                appl_start = (CY_APPL_NUM == 0x1)?appl1_start:appl2_start
                0x00000001                cy_project_type_bootloader = (appl_start == 0x0)?0x1:0x0
                0x00000000                cy_project_type_app_for_stack_and_copier = (CY_APP_FOR_STACK_AND_COPIER == 0x1)?0x1:0x0

.text           0x00000000      0x948
 CREATE_OBJECT_SYMBOLS
                0x00000000                PROVIDE (__cy_interrupt_vector, RomVectors)
 *(.romvectors)
 .romvectors    0x00000000       0x10 .\CortexM0p\ARM_GCC_541\Debug\Cm0plusStart.o
                0x00000000                RomVectors
                0x00000001                ASSERT ((. != __cy_interrupt_vector), No interrupt vector)
                0x00000001                ASSERT (CY_APPL_ORIGIN?(SIZEOF (.cybootloader) <= CY_APPL_ORIGIN):0x1, Wrong image location)
                0x00000010                PROVIDE (__cy_reset, Reset)
 *(.text.Reset)
 .text.Reset    0x00000010        0xc .\CortexM0p\ARM_GCC_541\Debug\Cm0plusStart.o
                0x00000010                Reset
                0x00000001                ASSERT ((. != __cy_reset), No reset code)
 *(.psocinit)
 .psocinit      0x0000001c       0xf0 .\CortexM0p\ARM_GCC_541\Debug\cyfitter_cfg.o
                0x0000009c                cyfitter_cfg
                0x0000010c                . = MAX (., 0x100)
 *(.text .text.* .gnu.linkonce.t.*)
 .text          0x0000010c       0x60 c:/program files (x86)/cypress/psoc creator/4.2/psoc creator/import/gnu/arm/5.4.1/bin/../lib/gcc/arm-none-eabi/5.4.1/armv6-m/crtbegin.o
 .text.main     0x0000016c       0x18 .\CortexM0p\ARM_GCC_541\Debug\main.o
                0x0000016c                main
 .text.AnalogSetDefault
                0x00000184       0x18 .\CortexM0p\ARM_GCC_541\Debug\cyfitter_cfg.o
 .text.IntDefaultHandler
                0x0000019c       0x10 .\CortexM0p\ARM_GCC_541\Debug\Cm0plusStart.o
                0x0000019c                IntDefaultHandler
 .text.Start_c  0x000001ac       0x48 .\CortexM0p\ARM_GCC_541\Debug\Cm0plusStart.o
                0x000001ac                Start_c
 .text.initialize_psoc
                0x000001f4       0x40 .\CortexM0p\ARM_GCC_541\Debug\Cm0plusStart.o
                0x000001f4                initialize_psoc
 .text.from_ble_ScbModePostEnable
                0x00000234        0x8 .\CortexM0p\ARM_GCC_541\Debug\DebugUARTBridge.a(from_ble.o)
 .text.from_ble_Init
                0x0000023c        0x8 .\CortexM0p\ARM_GCC_541\Debug\DebugUARTBridge.a(from_ble.o)
                0x0000023c                from_ble_Init
 .text.from_ble_Enable
                0x00000244       0x18 .\CortexM0p\ARM_GCC_541\Debug\DebugUARTBridge.a(from_ble.o)
                0x00000244                from_ble_Enable
 .text.from_ble_Start
                0x0000025c       0x20 .\CortexM0p\ARM_GCC_541\Debug\DebugUARTBridge.a(from_ble.o)
                0x0000025c                from_ble_Start
 .text.from_ble_UartInit
                0x0000027c       0xa8 .\CortexM0p\ARM_GCC_541\Debug\DebugUARTBridge.a(from_ble_UART.o)
                0x0000027c                from_ble_UartInit
 .text.from_ble_UartPostEnable
                0x00000324       0x24 .\CortexM0p\ARM_GCC_541\Debug\DebugUARTBridge.a(from_ble_UART.o)
                0x00000324                from_ble_UartPostEnable
 .text.from_ble_UartGetChar
                0x00000348       0x2c .\CortexM0p\ARM_GCC_541\Debug\DebugUARTBridge.a(from_ble_UART.o)
                0x00000348                from_ble_UartGetChar
 .text.to_comp_ScbModePostEnable
                0x00000374        0x8 .\CortexM0p\ARM_GCC_541\Debug\DebugUARTBridge.a(to_comp.o)
 .text.to_comp_Init
                0x0000037c        0x8 .\CortexM0p\ARM_GCC_541\Debug\DebugUARTBridge.a(to_comp.o)
                0x0000037c                to_comp_Init
 .text.to_comp_Enable
                0x00000384       0x18 .\CortexM0p\ARM_GCC_541\Debug\DebugUARTBridge.a(to_comp.o)
                0x00000384                to_comp_Enable
 .text.to_comp_Start
                0x0000039c       0x20 .\CortexM0p\ARM_GCC_541\Debug\DebugUARTBridge.a(to_comp.o)
                0x0000039c                to_comp_Start
 .text.to_comp_SpiUartWriteTxData
                0x000003bc       0x1c .\CortexM0p\ARM_GCC_541\Debug\DebugUARTBridge.a(to_comp_SPI_UART.o)
                0x000003bc                to_comp_SpiUartWriteTxData
 .text.to_comp_UartInit
                0x000003d8       0xa8 .\CortexM0p\ARM_GCC_541\Debug\DebugUARTBridge.a(to_comp_UART.o)
                0x000003d8                to_comp_UartInit
 .text.to_comp_UartPostEnable
                0x00000480       0x24 .\CortexM0p\ARM_GCC_541\Debug\DebugUARTBridge.a(to_comp_UART.o)
                0x00000480                to_comp_UartPostEnable
 .text.CySysClkImoDisableWcoLock
                0x000004a4       0x14 .\CortexM0p\ARM_GCC_541\Debug\DebugUARTBridge.a(CyLib.o)
                0x000004a4                CySysClkImoDisableWcoLock
 .text.CySysClkImoGetWcoLock
                0x000004b8       0x14 .\CortexM0p\ARM_GCC_541\Debug\DebugUARTBridge.a(CyLib.o)
                0x000004b8                CySysClkImoGetWcoLock
 .text.CyIntEnable
                0x000004cc       0x14 .\CortexM0p\ARM_GCC_541\Debug\DebugUARTBridge.a(CyLib.o)
                0x000004cc                CyIntEnable
 .text.CyHalt   0x000004e0        0x4 .\CortexM0p\ARM_GCC_541\Debug\DebugUARTBridge.a(CyLib.o)
                0x000004e0                CyHalt
 .text.CyIntSetVector
                0x000004e4       0x24 .\CortexM0p\ARM_GCC_541\Debug\DebugUARTBridge.a(CyLib.o)
                0x000004e4                CyIntSetVector
 .text.CyDelay  0x00000508       0x30 .\CortexM0p\ARM_GCC_541\Debug\DebugUARTBridge.a(CyLib.o)
                0x00000508                CyDelay
 .text.CySysClkImoEnableWcoLock
                0x00000538       0xcc .\CortexM0p\ARM_GCC_541\Debug\DebugUARTBridge.a(CyLib.o)
                0x00000538                CySysClkImoEnableWcoLock
 .text.CySysClkWriteImoFreq
                0x00000604       0xd8 .\CortexM0p\ARM_GCC_541\Debug\DebugUARTBridge.a(CyLib.o)
                0x00000604                CySysClkWriteImoFreq
 .text.CyDelayUs
                0x000006dc       0x14 .\CortexM0p\ARM_GCC_541\Debug\DebugUARTBridge.a(CyLib.o)
                0x000006dc                CyDelayUs
 .text.CySysClkGetTimerSource
                0x000006f0       0x10 .\CortexM0p\ARM_GCC_541\Debug\DebugUARTBridge.a(CyLFClk.o)
 .text.CySysClkWcoEnabled
                0x00000700       0x14 .\CortexM0p\ARM_GCC_541\Debug\DebugUARTBridge.a(CyLFClk.o)
                0x00000700                CySysClkWcoEnabled
 .text.CySysWdtDisable
                0x00000714       0x10 .\CortexM0p\ARM_GCC_541\Debug\DebugUARTBridge.a(CyLFClk.o)
                0x00000714                CySysWdtDisable
 .text.CySysClkSetTimerSource
                0x00000724       0x68 .\CortexM0p\ARM_GCC_541\Debug\DebugUARTBridge.a(CyLFClk.o)
                0x00000724                CySysClkSetTimerSource
 .text.CySysTimerClearInterrupt
                0x0000078c       0x2c .\CortexM0p\ARM_GCC_541\Debug\DebugUARTBridge.a(CyLFClk.o)
                0x0000078c                CySysTimerClearInterrupt
 .text.CySysTimerIsr
                0x000007b8       0xa4 .\CortexM0p\ARM_GCC_541\Debug\DebugUARTBridge.a(CyLFClk.o)
                0x000007b8                CySysTimerIsr
 *fill*         0x0000085c        0x4 
 .text          0x00000860       0x20 .\CortexM0p\ARM_GCC_541\Debug\DebugUARTBridge.a(CyBootAsmGnu.o)
                0x00000860                CyDelayCycles
                0x00000872                CyEnterCriticalSection
                0x0000087a                CyExitCriticalSection
 .text.from_ble_SpiUartReadRxData
                0x00000880        0xc .\CortexM0p\ARM_GCC_541\Debug\DebugUARTBridge.a(from_ble_SPI_UART.o)
                0x00000880                from_ble_SpiUartReadRxData
 .text.from_ble_SpiUartGetRxBufferSize
                0x0000088c       0x10 .\CortexM0p\ARM_GCC_541\Debug\DebugUARTBridge.a(from_ble_SPI_UART.o)
                0x0000088c                from_ble_SpiUartGetRxBufferSize
 .text.CySysFlashSetWaitCycles
                0x0000089c       0x54 .\CortexM0p\ARM_GCC_541\Debug\DebugUARTBridge.a(CyFlash.o)
                0x0000089c                CySysFlashSetWaitCycles
 .text.__errno  0x000008f0        0xc c:/program files (x86)/cypress/psoc creator/4.2/psoc creator/import/gnu/arm/5.4.1/bin/../lib/gcc/arm-none-eabi/5.4.1/../../../../arm-none-eabi/lib/armv6-m\libg_nano.a(lib_a-errno.o)
                0x000008f0                __errno
 .text.__libc_init_array
                0x000008fc       0x4c c:/program files (x86)/cypress/psoc creator/4.2/psoc creator/import/gnu/arm/5.4.1/bin/../lib/gcc/arm-none-eabi/5.4.1/../../../../arm-none-eabi/lib/armv6-m\libg_nano.a(lib_a-init.o)
                0x000008fc                __libc_init_array
 *(.plt)
 *(.gnu.warning)
 *(.glue_7t)
 .glue_7t       0x00000948        0x0 linker stubs
 *(.glue_7)
 .glue_7        0x00000948        0x0 linker stubs
 *(.vfp11_veneer)
 .vfp11_veneer  0x00000948        0x0 linker stubs
 *(.bootloader)
 *(.ARM.extab* .gnu.linkonce.armextab.*)
 *(.gcc_except_table)

.v4_bx          0x00000948        0x0
 .v4_bx         0x00000948        0x0 linker stubs

.iplt           0x00000948        0x0
 .iplt          0x00000948        0x0 c:/program files (x86)/cypress/psoc creator/4.2/psoc creator/import/gnu/arm/5.4.1/bin/../lib/gcc/arm-none-eabi/5.4.1/armv6-m/crtbegin.o

.eh_frame_hdr
 *(.eh_frame_hdr)

.eh_frame       0x00000948        0x4
 *(.eh_frame)
 .eh_frame      0x00000948        0x0 c:/program files (x86)/cypress/psoc creator/4.2/psoc creator/import/gnu/arm/5.4.1/bin/../lib/gcc/arm-none-eabi/5.4.1/armv6-m/crtbegin.o
 .eh_frame      0x00000948        0x4 c:/program files (x86)/cypress/psoc creator/4.2/psoc creator/import/gnu/arm/5.4.1/bin/../lib/gcc/arm-none-eabi/5.4.1/armv6-m/crtend.o
                [!provide]                PROVIDE (__exidx_start, .)

.ARM.exidx
 *(.ARM.exidx* .gnu.linkonce.armexidx.*)
                0x0000094c                __exidx_end = .

.rodata         0x0000094c       0x54
 *(.rodata .rodata.* .gnu.linkonce.r.*)
 .rodata        0x0000094c       0x17 .\CortexM0p\ARM_GCC_541\Debug\DebugUARTBridge.a(CyLib.o)
                0x0000094c                cyImoFreqMhz2DpllOffset
 .rodata.str1.1
                0x00000963        0x2 c:/program files (x86)/cypress/psoc creator/4.2/psoc creator/import/gnu/arm/5.4.1/bin/../lib/gcc/arm-none-eabi/5.4.1/../../../../arm-none-eabi/lib/armv6-m\libg_nano.a(lib_a-impure.o)
                0x00000968                . = ALIGN (0x4)
 *fill*         0x00000965        0x3 
 *(.init)
 .init          0x00000968        0x4 c:/program files (x86)/cypress/psoc creator/4.2/psoc creator/import/gnu/arm/5.4.1/bin/../lib/gcc/arm-none-eabi/5.4.1/armv6-m/crti.o
                0x00000968                _init
 .init          0x0000096c        0x8 c:/program files (x86)/cypress/psoc creator/4.2/psoc creator/import/gnu/arm/5.4.1/bin/../lib/gcc/arm-none-eabi/5.4.1/armv6-m/crtn.o
                0x00000974                . = ALIGN (0x4)
                0x00000974                __preinit_array_start = .
 *(.preinit_array)
                0x00000974                __preinit_array_end = .
                0x00000974                . = ALIGN (0x4)
                0x00000974                __init_array_start = .
 *(SORT(.init_array.*))
 *(.init_array)
 .init_array    0x00000974        0x4 c:/program files (x86)/cypress/psoc creator/4.2/psoc creator/import/gnu/arm/5.4.1/bin/../lib/gcc/arm-none-eabi/5.4.1/armv6-m/crtbegin.o
 .init_array    0x00000978        0x4 .\CortexM0p\ARM_GCC_541\Debug\Cm0plusStart.o
                0x0000097c                __init_array_end = .
                0x0000097c                . = ALIGN (0x4)
 *(.fini)
 .fini          0x0000097c        0x4 c:/program files (x86)/cypress/psoc creator/4.2/psoc creator/import/gnu/arm/5.4.1/bin/../lib/gcc/arm-none-eabi/5.4.1/armv6-m/crti.o
                0x0000097c                _fini
 .fini          0x00000980        0x8 c:/program files (x86)/cypress/psoc creator/4.2/psoc creator/import/gnu/arm/5.4.1/bin/../lib/gcc/arm-none-eabi/5.4.1/armv6-m/crtn.o
                0x00000988                . = ALIGN (0x4)
                0x00000988                __fini_array_start = .
 *(.fini_array)
 .fini_array    0x00000988        0x4 c:/program files (x86)/cypress/psoc creator/4.2/psoc creator/import/gnu/arm/5.4.1/bin/../lib/gcc/arm-none-eabi/5.4.1/armv6-m/crtbegin.o
 *(SORT(.fini_array.*))
                0x0000098c                __fini_array_end = .
                0x0000098c                . = ALIGN (0x4)
 *crtbegin.o(.ctors)
 *(EXCLUDE_FILE(*crtend.o) .ctors)
 *(SORT(.ctors.*))
 *crtend.o(.ctors)
                0x0000098c                . = ALIGN (0x4)
 *crtbegin.o(.dtors)
 *(EXCLUDE_FILE(*crtend.o) .dtors)
 *(SORT(.dtors.*))
 *crtend.o(.dtors)
                0x0000098c                . = ALIGN (0x4)
                0x0000098c                __cy_regions = .
                0x0000098c        0x4 LONG 0x9a0 __cy_region_init_ram
                0x00000990        0x4 LONG 0x200000b0 __cy_region_start_data
                0x00000994        0x4 LONG 0x80 __cy_region_init_size_ram
                0x00000998        0x4 LONG 0x40 __cy_region_zero_size_ram
                0x0000099c                __cy_regions_end = .
                0x000009a0                . = ALIGN (0x8)
 *fill*         0x0000099c        0x4 
                0x000009a0                _etext = .

.cy_checksum_exclude
                0x000009a0        0x0
 *(.cy_checksum_exclude)

.ramvectors     0x20000000       0xb0
                0x20000000                __cy_region_start_ram = .
 *(.ramvectors)
 .ramvectors    0x20000000       0xb0 .\CortexM0p\ARM_GCC_541\Debug\Cm0plusStart.o
                0x20000000                CyRamVectors

.noinit
 *(.noinit)

.data           0x200000b0       0x80 load address 0x000009a0
                0x200000b0                __cy_region_start_data = .
 *(.jcr)
 .jcr           0x200000b0        0x0 c:/program files (x86)/cypress/psoc creator/4.2/psoc creator/import/gnu/arm/5.4.1/bin/../lib/gcc/arm-none-eabi/5.4.1/armv6-m/crtbegin.o
 .jcr           0x200000b0        0x4 c:/program files (x86)/cypress/psoc creator/4.2/psoc creator/import/gnu/arm/5.4.1/bin/../lib/gcc/arm-none-eabi/5.4.1/armv6-m/crtend.o
 *(.got.plt)
 *(.got)
 *(.shdata)
 *(.data .data.* .gnu.linkonce.d.*)
 .data          0x200000b4       0x14 .\CortexM0p\ARM_GCC_541\Debug\DebugUARTBridge.a(CyLib.o)
                0x200000b4                CySysClkPumpConfig
                0x200000b8                cydelay32kMs
                0x200000bc                cydelayFreqKhz
                0x200000c0                cydelayFreqMhz
                0x200000c4                cydelayFreqHz
 .data          0x200000c8        0x4 .\CortexM0p\ARM_GCC_541\Debug\DebugUARTBridge.a(CyLFClk.o)
 .data.impure_data
                0x200000cc       0x60 c:/program files (x86)/cypress/psoc creator/4.2/psoc creator/import/gnu/arm/5.4.1/bin/../lib/gcc/arm-none-eabi/5.4.1/../../../../arm-none-eabi/lib/armv6-m\libg_nano.a(lib_a-impure.o)
 .data._impure_ptr
                0x2000012c        0x4 c:/program files (x86)/cypress/psoc creator/4.2/psoc creator/import/gnu/arm/5.4.1/bin/../lib/gcc/arm-none-eabi/5.4.1/../../../../arm-none-eabi/lib/armv6-m\libg_nano.a(lib_a-impure.o)
                0x2000012c                _impure_ptr
                0x20000130                . = ALIGN (0x8)
 *(.ram)
                0x20000130                _edata = .

.igot.plt       0x20000130        0x0 load address 0x00000a20
 .igot.plt      0x20000130        0x0 c:/program files (x86)/cypress/psoc creator/4.2/psoc creator/import/gnu/arm/5.4.1/bin/../lib/gcc/arm-none-eabi/5.4.1/armv6-m/crtbegin.o

.bss            0x20000130       0x40 load address 0x00000a20
                0x20000130                PROVIDE (__bss_start__, .)
 *(.shbss)
 *(.bss .bss.* .gnu.linkonce.b.*)
 .bss           0x20000130       0x1c c:/program files (x86)/cypress/psoc creator/4.2/psoc creator/import/gnu/arm/5.4.1/bin/../lib/gcc/arm-none-eabi/5.4.1/armv6-m/crtbegin.o
 .bss           0x2000014c        0x4 .\CortexM0p\ARM_GCC_541\Debug\DebugUARTBridge.a(from_ble.o)
                0x2000014c                from_ble_initVar
                0x2000014e                from_ble_IntrTxMask
 .bss           0x20000150        0x4 .\CortexM0p\ARM_GCC_541\Debug\DebugUARTBridge.a(to_comp.o)
                0x20000150                to_comp_initVar
                0x20000152                to_comp_IntrTxMask
 .bss           0x20000154       0x18 .\CortexM0p\ARM_GCC_541\Debug\DebugUARTBridge.a(CyLFClk.o)
 *(COMMON)
                0x20000170                . = ALIGN (0x8)
 *fill*         0x2000016c        0x4 
 *(.ram.b)
                0x20000170                _end = .
                0x20000170                __end = .
                0x20000170                PROVIDE (end, .)
                0x20000170                PROVIDE (__bss_end__, .)
                0x000009a0                __cy_region_init_ram = LOADADDR (.data)
                0x00000080                __cy_region_init_size_ram = (_edata - ADDR (.data))
                0x00000040                __cy_region_zero_size_ram = (_end - _edata)

.heap           0x20000170       0x80 load address 0x00000a20
                0x20000170                . = _end
                0x200001f0                . = (. + 0x80)
 *fill*         0x20000170       0x80 
                0x200001f0                __cy_heap_limit = .

.stack          0x20003800      0x800
                0x20003800                __cy_stack_limit = .
                0x20004000                . = (. + 0x800)
 *fill*         0x20003800      0x800 
                0x00000001                ASSERT ((__cy_stack_limit >= __cy_heap_limit), region RAM overflowed with stack)
                0x00000000                cy_checksum_exclude_size = (CY_APPL_LOADABLE == 0x1)?SIZEOF (.cy_checksum_exclude):0x0
                0x00000001                ASSERT ((cy_checksum_exclude_size <= CY_CHECKSUM_EXCLUDE_SIZE), CY_BOOT: Section .cy_checksum_exclude size exceedes specified limit.)
                0x0001ffc0                cyloadermeta_start = (cy_project_type_bootloader || cy_project_type_app_for_stack_and_copier)?(LENGTH (rom) - CY_METADATA_SIZE):0xf0000000

.cyloadermeta
 *(.cyloadermeta)
                0x0001ffc0                cyloadablemeta_start = cy_project_type_app_for_stack_and_copier?((LENGTH (rom) - CY_FLASH_ROW_SIZE) - CY_METADATA_SIZE):((LENGTH (rom) - (CY_FLASH_ROW_SIZE * (CY_APPL_NUM - 0x1))) - CY_METADATA_SIZE)

.cyloadablemeta
 *(.cyloadablemeta)

.cyflashprotect
                0x90400000       0x40
 *(.cyflashprotect)
 .cyflashprotect
                0x90400000       0x40 .\CortexM0p\ARM_GCC_541\Debug\cymetadata.o
                0x90400000                cy_meta_flashprotect

.cymeta         0x90500000        0xc
 *(.cymeta)
 .cymeta        0x90500000        0xc .\CortexM0p\ARM_GCC_541\Debug\cymetadata.o
                0x90500000                cy_metadata

.cychipprotect  0x90600000        0x1
 *(.cychipprotect)
 .cychipprotect
                0x90600000        0x1 .\CortexM0p\ARM_GCC_541\Debug\cymetadata.o
                0x90600000                cy_meta_chipprotect

.rel.dyn        0x00000a20        0x0 load address 0x90600004
 .rel.iplt      0x00000a20        0x0 c:/program files (x86)/cypress/psoc creator/4.2/psoc creator/import/gnu/arm/5.4.1/bin/../lib/gcc/arm-none-eabi/5.4.1/armv6-m/crtbegin.o

.stab
 *(.stab)

.stabstr
 *(.stabstr)

.debug
 *(.debug)

.line
 *(.line)

.debug_srcinfo
 *(.debug_srcinfo)

.debug_sfnames
 *(.debug_sfnames)

.debug_aranges  0x00000000      0x780
 *(.debug_aranges)
 .debug_aranges
                0x00000000       0x20 .\CortexM0p\ARM_GCC_541\Debug\main.o
 .debug_aranges
                0x00000020       0x30 .\CortexM0p\ARM_GCC_541\Debug\cyfitter_cfg.o
 .debug_aranges
                0x00000050       0x18 .\CortexM0p\ARM_GCC_541\Debug\cymetadata.o
 .debug_aranges
                0x00000068       0x48 .\CortexM0p\ARM_GCC_541\Debug\Cm0plusStart.o
 .debug_aranges
                0x000000b0       0x58 .\CortexM0p\ARM_GCC_541\Debug\DebugUARTBridge.a(from_ble.o)
 .debug_aranges
                0x00000108       0x90 .\CortexM0p\ARM_GCC_541\Debug\DebugUARTBridge.a(from_ble_UART.o)
 .debug_aranges
                0x00000198       0x58 .\CortexM0p\ARM_GCC_541\Debug\DebugUARTBridge.a(to_comp.o)
 .debug_aranges
                0x000001f0       0x60 .\CortexM0p\ARM_GCC_541\Debug\DebugUARTBridge.a(to_comp_SPI_UART.o)
 .debug_aranges
                0x00000250       0x90 .\CortexM0p\ARM_GCC_541\Debug\DebugUARTBridge.a(to_comp_UART.o)
 .debug_aranges
                0x000002e0      0x230 .\CortexM0p\ARM_GCC_541\Debug\DebugUARTBridge.a(CyLib.o)
 .debug_aranges
                0x00000510      0x1a8 .\CortexM0p\ARM_GCC_541\Debug\DebugUARTBridge.a(CyLFClk.o)
 .debug_aranges
                0x000006b8       0x20 .\CortexM0p\ARM_GCC_541\Debug\DebugUARTBridge.a(CyBootAsmGnu.o)
 .debug_aranges
                0x000006d8       0x60 .\CortexM0p\ARM_GCC_541\Debug\DebugUARTBridge.a(from_ble_SPI_UART.o)
 .debug_aranges
                0x00000738       0x48 .\CortexM0p\ARM_GCC_541\Debug\DebugUARTBridge.a(CyFlash.o)

.debug_pubnames
 *(.debug_pubnames)

.debug_info     0x00000000     0x3ee7
 *(.debug_info .gnu.linkonce.wi.*)
 .debug_info    0x00000000      0x107 .\CortexM0p\ARM_GCC_541\Debug\main.o
 .debug_info    0x00000107      0x170 .\CortexM0p\ARM_GCC_541\Debug\cyfitter_cfg.o
 .debug_info    0x00000277       0xf8 .\CortexM0p\ARM_GCC_541\Debug\cymetadata.o
 .debug_info    0x0000036f      0x3a5 .\CortexM0p\ARM_GCC_541\Debug\Cm0plusStart.o
 .debug_info    0x00000714      0x23a .\CortexM0p\ARM_GCC_541\Debug\DebugUARTBridge.a(from_ble.o)
 .debug_info    0x0000094e      0x3b5 .\CortexM0p\ARM_GCC_541\Debug\DebugUARTBridge.a(from_ble_UART.o)
 .debug_info    0x00000d03      0x23a .\CortexM0p\ARM_GCC_541\Debug\DebugUARTBridge.a(to_comp.o)
 .debug_info    0x00000f3d      0x220 .\CortexM0p\ARM_GCC_541\Debug\DebugUARTBridge.a(to_comp_SPI_UART.o)
 .debug_info    0x0000115d      0x3b5 .\CortexM0p\ARM_GCC_541\Debug\DebugUARTBridge.a(to_comp_UART.o)
 .debug_info    0x00001512     0x15fc .\CortexM0p\ARM_GCC_541\Debug\DebugUARTBridge.a(CyLib.o)
 .debug_info    0x00002b0e      0xd06 .\CortexM0p\ARM_GCC_541\Debug\DebugUARTBridge.a(CyLFClk.o)
 .debug_info    0x00003814       0x9a .\CortexM0p\ARM_GCC_541\Debug\DebugUARTBridge.a(CyBootAsmGnu.o)
 .debug_info    0x000038ae      0x220 .\CortexM0p\ARM_GCC_541\Debug\DebugUARTBridge.a(from_ble_SPI_UART.o)
 .debug_info    0x00003ace      0x419 .\CortexM0p\ARM_GCC_541\Debug\DebugUARTBridge.a(CyFlash.o)

.debug_abbrev   0x00000000     0x1054
 *(.debug_abbrev)
 .debug_abbrev  0x00000000       0x83 .\CortexM0p\ARM_GCC_541\Debug\main.o
 .debug_abbrev  0x00000083       0xc6 .\CortexM0p\ARM_GCC_541\Debug\cyfitter_cfg.o
 .debug_abbrev  0x00000149       0x5d .\CortexM0p\ARM_GCC_541\Debug\cymetadata.o
 .debug_abbrev  0x000001a6      0x1d0 .\CortexM0p\ARM_GCC_541\Debug\Cm0plusStart.o
 .debug_abbrev  0x00000376       0xd5 .\CortexM0p\ARM_GCC_541\Debug\DebugUARTBridge.a(from_ble.o)
 .debug_abbrev  0x0000044b      0x132 .\CortexM0p\ARM_GCC_541\Debug\DebugUARTBridge.a(from_ble_UART.o)
 .debug_abbrev  0x0000057d       0xd5 .\CortexM0p\ARM_GCC_541\Debug\DebugUARTBridge.a(to_comp.o)
 .debug_abbrev  0x00000652      0x14f .\CortexM0p\ARM_GCC_541\Debug\DebugUARTBridge.a(to_comp_SPI_UART.o)
 .debug_abbrev  0x000007a1      0x132 .\CortexM0p\ARM_GCC_541\Debug\DebugUARTBridge.a(to_comp_UART.o)
 .debug_abbrev  0x000008d3      0x279 .\CortexM0p\ARM_GCC_541\Debug\DebugUARTBridge.a(CyLib.o)
 .debug_abbrev  0x00000b4c      0x207 .\CortexM0p\ARM_GCC_541\Debug\DebugUARTBridge.a(CyLFClk.o)
 .debug_abbrev  0x00000d53       0x14 .\CortexM0p\ARM_GCC_541\Debug\DebugUARTBridge.a(CyBootAsmGnu.o)
 .debug_abbrev  0x00000d67      0x14f .\CortexM0p\ARM_GCC_541\Debug\DebugUARTBridge.a(from_ble_SPI_UART.o)
 .debug_abbrev  0x00000eb6      0x19e .\CortexM0p\ARM_GCC_541\Debug\DebugUARTBridge.a(CyFlash.o)

.debug_line     0x00000000     0x1d05
 *(.debug_line)
 .debug_line    0x00000000       0xaa .\CortexM0p\ARM_GCC_541\Debug\main.o
 .debug_line    0x000000aa       0xaf .\CortexM0p\ARM_GCC_541\Debug\cyfitter_cfg.o
 .debug_line    0x00000159      0x141 .\CortexM0p\ARM_GCC_541\Debug\cymetadata.o
 .debug_line    0x0000029a      0x247 .\CortexM0p\ARM_GCC_541\Debug\Cm0plusStart.o
 .debug_line    0x000004e1      0x110 .\CortexM0p\ARM_GCC_541\Debug\DebugUARTBridge.a(from_ble.o)
 .debug_line    0x000005f1      0x1db .\CortexM0p\ARM_GCC_541\Debug\DebugUARTBridge.a(from_ble_UART.o)
 .debug_line    0x000007cc      0x10e .\CortexM0p\ARM_GCC_541\Debug\DebugUARTBridge.a(to_comp.o)
 .debug_line    0x000008da      0x11d .\CortexM0p\ARM_GCC_541\Debug\DebugUARTBridge.a(to_comp_SPI_UART.o)
 .debug_line    0x000009f7      0x1d8 .\CortexM0p\ARM_GCC_541\Debug\DebugUARTBridge.a(to_comp_UART.o)
 .debug_line    0x00000bcf      0x80e .\CortexM0p\ARM_GCC_541\Debug\DebugUARTBridge.a(CyLib.o)
 .debug_line    0x000013dd      0x5c1 .\CortexM0p\ARM_GCC_541\Debug\DebugUARTBridge.a(CyLFClk.o)
 .debug_line    0x0000199e       0x68 .\CortexM0p\ARM_GCC_541\Debug\DebugUARTBridge.a(CyBootAsmGnu.o)
 .debug_line    0x00001a06      0x11e .\CortexM0p\ARM_GCC_541\Debug\DebugUARTBridge.a(from_ble_SPI_UART.o)
 .debug_line    0x00001b24      0x1e1 .\CortexM0p\ARM_GCC_541\Debug\DebugUARTBridge.a(CyFlash.o)

.debug_frame    0x00000000     0x1378
 *(.debug_frame)
 .debug_frame   0x00000000       0x2c .\CortexM0p\ARM_GCC_541\Debug\main.o
 .debug_frame   0x0000002c       0x5c .\CortexM0p\ARM_GCC_541\Debug\cyfitter_cfg.o
 .debug_frame   0x00000088       0xbc .\CortexM0p\ARM_GCC_541\Debug\Cm0plusStart.o
 .debug_frame   0x00000144       0xd8 .\CortexM0p\ARM_GCC_541\Debug\DebugUARTBridge.a(from_ble.o)
 .debug_frame   0x0000021c      0x144 .\CortexM0p\ARM_GCC_541\Debug\DebugUARTBridge.a(from_ble_UART.o)
 .debug_frame   0x00000360       0xd8 .\CortexM0p\ARM_GCC_541\Debug\DebugUARTBridge.a(to_comp.o)
 .debug_frame   0x00000438       0xb0 .\CortexM0p\ARM_GCC_541\Debug\DebugUARTBridge.a(to_comp_SPI_UART.o)
 .debug_frame   0x000004e8      0x144 .\CortexM0p\ARM_GCC_541\Debug\DebugUARTBridge.a(to_comp_UART.o)
 .debug_frame   0x0000062c      0x674 .\CortexM0p\ARM_GCC_541\Debug\DebugUARTBridge.a(CyLib.o)
 .debug_frame   0x00000ca0      0x484 .\CortexM0p\ARM_GCC_541\Debug\DebugUARTBridge.a(CyLFClk.o)
 .debug_frame   0x00001124       0xb0 .\CortexM0p\ARM_GCC_541\Debug\DebugUARTBridge.a(from_ble_SPI_UART.o)
 .debug_frame   0x000011d4       0xa8 .\CortexM0p\ARM_GCC_541\Debug\DebugUARTBridge.a(CyFlash.o)
 .debug_frame   0x0000127c       0x20 c:/program files (x86)/cypress/psoc creator/4.2/psoc creator/import/gnu/arm/5.4.1/bin/../lib/gcc/arm-none-eabi/5.4.1/armv6-m\libgcc.a(_udivsi3.o)
 .debug_frame   0x0000129c       0x20 c:/program files (x86)/cypress/psoc creator/4.2/psoc creator/import/gnu/arm/5.4.1/bin/../lib/gcc/arm-none-eabi/5.4.1/armv6-m\libgcc.a(_divsi3.o)
 .debug_frame   0x000012bc       0x20 c:/program files (x86)/cypress/psoc creator/4.2/psoc creator/import/gnu/arm/5.4.1/bin/../lib/gcc/arm-none-eabi/5.4.1/../../../../arm-none-eabi/lib/armv6-m\libg_nano.a(lib_a-errno.o)
 .debug_frame   0x000012dc       0x28 c:/program files (x86)/cypress/psoc creator/4.2/psoc creator/import/gnu/arm/5.4.1/bin/../lib/gcc/arm-none-eabi/5.4.1/../../../../arm-none-eabi/lib/armv6-m\libg_nano.a(lib_a-exit.o)
 .debug_frame   0x00001304       0x2c c:/program files (x86)/cypress/psoc creator/4.2/psoc creator/import/gnu/arm/5.4.1/bin/../lib/gcc/arm-none-eabi/5.4.1/../../../../arm-none-eabi/lib/armv6-m\libg_nano.a(lib_a-init.o)
 .debug_frame   0x00001330       0x28 c:/program files (x86)/cypress/psoc creator/4.2/psoc creator/import/gnu/arm/5.4.1/bin/../lib/gcc/arm-none-eabi/5.4.1/../../../../arm-none-eabi/lib/armv6-m\libg_nano.a(lib_a-memcpy-stub.o)
 .debug_frame   0x00001358       0x20 c:/program files (x86)/cypress/psoc creator/4.2/psoc creator/import/gnu/arm/5.4.1/bin/../lib/gcc/arm-none-eabi/5.4.1/../../../../arm-none-eabi/lib/armv6-m\libg_nano.a(lib_a-memset.o)

.debug_str      0x00000000     0x1b4c
 *(.debug_str)
 .debug_str     0x00000000      0x1a9 .\CortexM0p\ARM_GCC_541\Debug\main.o
                                0x1e9 (size before relaxing)
 .debug_str     0x000001a9       0x9c .\CortexM0p\ARM_GCC_541\Debug\cyfitter_cfg.o
                                0x22c (size before relaxing)
 .debug_str     0x00000245       0x63 .\CortexM0p\ARM_GCC_541\Debug\cymetadata.o
                                0x1d6 (size before relaxing)
 .debug_str     0x000002a8      0x161 .\CortexM0p\ARM_GCC_541\Debug\Cm0plusStart.o
                                0x31d (size before relaxing)
 .debug_str     0x00000409      0x132 .\CortexM0p\ARM_GCC_541\Debug\DebugUARTBridge.a(from_ble.o)
                                0x2dd (size before relaxing)
 .debug_str     0x0000053b      0x216 .\CortexM0p\ARM_GCC_541\Debug\DebugUARTBridge.a(from_ble_UART.o)
                                0x426 (size before relaxing)
 .debug_str     0x00000751      0x102 .\CortexM0p\ARM_GCC_541\Debug\DebugUARTBridge.a(to_comp.o)
                                0x2cf (size before relaxing)
 .debug_str     0x00000853      0x131 .\CortexM0p\ARM_GCC_541\Debug\DebugUARTBridge.a(to_comp_SPI_UART.o)
                                0x2fa (size before relaxing)
 .debug_str     0x00000984      0x14b .\CortexM0p\ARM_GCC_541\Debug\DebugUARTBridge.a(to_comp_UART.o)
                                0x412 (size before relaxing)
 .debug_str     0x00000acf      0x83d .\CortexM0p\ARM_GCC_541\Debug\DebugUARTBridge.a(CyLib.o)
                                0xa45 (size before relaxing)
 .debug_str     0x0000130c      0x642 .\CortexM0p\ARM_GCC_541\Debug\DebugUARTBridge.a(CyLFClk.o)
                                0x8a7 (size before relaxing)
 .debug_str     0x0000194e       0xda .\CortexM0p\ARM_GCC_541\Debug\DebugUARTBridge.a(from_ble_SPI_UART.o)
                                0x304 (size before relaxing)
 .debug_str     0x00001a28      0x124 .\CortexM0p\ARM_GCC_541\Debug\DebugUARTBridge.a(CyFlash.o)
                                0x330 (size before relaxing)

.debug_loc      0x00000000     0x2a55
 *(.debug_loc)
 .debug_loc     0x00000000      0x14f .\CortexM0p\ARM_GCC_541\Debug\Cm0plusStart.o
 .debug_loc     0x0000014f       0x7e .\CortexM0p\ARM_GCC_541\Debug\DebugUARTBridge.a(from_ble.o)
 .debug_loc     0x000001cd      0x223 .\CortexM0p\ARM_GCC_541\Debug\DebugUARTBridge.a(from_ble_UART.o)
 .debug_loc     0x000003f0       0x7e .\CortexM0p\ARM_GCC_541\Debug\DebugUARTBridge.a(to_comp.o)
 .debug_loc     0x0000046e       0x96 .\CortexM0p\ARM_GCC_541\Debug\DebugUARTBridge.a(to_comp_SPI_UART.o)
 .debug_loc     0x00000504      0x223 .\CortexM0p\ARM_GCC_541\Debug\DebugUARTBridge.a(to_comp_UART.o)
 .debug_loc     0x00000727     0x1653 .\CortexM0p\ARM_GCC_541\Debug\DebugUARTBridge.a(CyLib.o)
 .debug_loc     0x00001d7a      0xa88 .\CortexM0p\ARM_GCC_541\Debug\DebugUARTBridge.a(CyLFClk.o)
 .debug_loc     0x00002802       0x96 .\CortexM0p\ARM_GCC_541\Debug\DebugUARTBridge.a(from_ble_SPI_UART.o)
 .debug_loc     0x00002898      0x1bd .\CortexM0p\ARM_GCC_541\Debug\DebugUARTBridge.a(CyFlash.o)

.debug_macinfo
 *(.debug_macinfo)

.debug_ranges   0x00000000      0x688
 *(.debug_ranges)
 .debug_ranges  0x00000000       0x10 .\CortexM0p\ARM_GCC_541\Debug\main.o
 .debug_ranges  0x00000010       0x20 .\CortexM0p\ARM_GCC_541\Debug\cyfitter_cfg.o
 .debug_ranges  0x00000030       0x38 .\CortexM0p\ARM_GCC_541\Debug\Cm0plusStart.o
 .debug_ranges  0x00000068       0x48 .\CortexM0p\ARM_GCC_541\Debug\DebugUARTBridge.a(from_ble.o)
 .debug_ranges  0x000000b0       0x80 .\CortexM0p\ARM_GCC_541\Debug\DebugUARTBridge.a(from_ble_UART.o)
 .debug_ranges  0x00000130       0x48 .\CortexM0p\ARM_GCC_541\Debug\DebugUARTBridge.a(to_comp.o)
 .debug_ranges  0x00000178       0x50 .\CortexM0p\ARM_GCC_541\Debug\DebugUARTBridge.a(to_comp_SPI_UART.o)
 .debug_ranges  0x000001c8       0x80 .\CortexM0p\ARM_GCC_541\Debug\DebugUARTBridge.a(to_comp_UART.o)
 .debug_ranges  0x00000248      0x220 .\CortexM0p\ARM_GCC_541\Debug\DebugUARTBridge.a(CyLib.o)
 .debug_ranges  0x00000468      0x198 .\CortexM0p\ARM_GCC_541\Debug\DebugUARTBridge.a(CyLFClk.o)
 .debug_ranges  0x00000600       0x50 .\CortexM0p\ARM_GCC_541\Debug\DebugUARTBridge.a(from_ble_SPI_UART.o)
 .debug_ranges  0x00000650       0x38 .\CortexM0p\ARM_GCC_541\Debug\DebugUARTBridge.a(CyFlash.o)

.comment        0x00000000       0x6e
 .comment       0x00000000       0x6e .\CortexM0p\ARM_GCC_541\Debug\main.o
                                 0x6f (size before relaxing)
 .comment       0x0000006e       0x6f .\CortexM0p\ARM_GCC_541\Debug\cyfitter_cfg.o
 .comment       0x0000006e       0x6f .\CortexM0p\ARM_GCC_541\Debug\cymetadata.o
 .comment       0x0000006e       0x6f .\CortexM0p\ARM_GCC_541\Debug\Cm0plusStart.o
 .comment       0x0000006e       0x6f .\CortexM0p\ARM_GCC_541\Debug\DebugUARTBridge.a(from_ble.o)
 .comment       0x0000006e       0x6f .\CortexM0p\ARM_GCC_541\Debug\DebugUARTBridge.a(from_ble_UART.o)
 .comment       0x0000006e       0x6f .\CortexM0p\ARM_GCC_541\Debug\DebugUARTBridge.a(to_comp.o)
 .comment       0x0000006e       0x6f .\CortexM0p\ARM_GCC_541\Debug\DebugUARTBridge.a(to_comp_SPI_UART.o)
 .comment       0x0000006e       0x6f .\CortexM0p\ARM_GCC_541\Debug\DebugUARTBridge.a(to_comp_UART.o)
 .comment       0x0000006e       0x6f .\CortexM0p\ARM_GCC_541\Debug\DebugUARTBridge.a(CyLib.o)
 .comment       0x0000006e       0x6f .\CortexM0p\ARM_GCC_541\Debug\DebugUARTBridge.a(CyLFClk.o)
 .comment       0x0000006e       0x6f .\CortexM0p\ARM_GCC_541\Debug\DebugUARTBridge.a(from_ble_SPI_UART.o)
 .comment       0x0000006e       0x6f .\CortexM0p\ARM_GCC_541\Debug\DebugUARTBridge.a(CyFlash.o)

.debug_weaknames
 *(.debug_weaknames)

.debug_funcnames
 *(.debug_funcnames)

.debug_typenames
 *(.debug_typenames)

.debug_varnames
 *(.debug_varnames)

.note.gnu.arm.ident
 *(.note.gnu.arm.ident)

.ARM.attributes
                0x00000000       0x28
 *(.ARM.attributes)
 .ARM.attributes
                0x00000000       0x1e c:/program files (x86)/cypress/psoc creator/4.2/psoc creator/import/gnu/arm/5.4.1/bin/../lib/gcc/arm-none-eabi/5.4.1/armv6-m/crti.o
 .ARM.attributes
                0x0000001e       0x2c c:/program files (x86)/cypress/psoc creator/4.2/psoc creator/import/gnu/arm/5.4.1/bin/../lib/gcc/arm-none-eabi/5.4.1/armv6-m/crtbegin.o
 .ARM.attributes
                0x0000004a       0x1b c:/program files (x86)/cypress/psoc creator/4.2/psoc creator/import/gnu/arm/5.4.1/bin/../lib/gcc/arm-none-eabi/5.4.1/../../../../arm-none-eabi/lib/armv6-m/crt0.o
 .ARM.attributes
                0x00000065       0x32 .\CortexM0p\ARM_GCC_541\Debug\main.o
 .ARM.attributes
                0x00000097       0x32 .\CortexM0p\ARM_GCC_541\Debug\cyfitter_cfg.o
 .ARM.attributes
                0x000000c9       0x32 .\CortexM0p\ARM_GCC_541\Debug\cymetadata.o
 .ARM.attributes
                0x000000fb       0x32 .\CortexM0p\ARM_GCC_541\Debug\Cm0plusStart.o
 .ARM.attributes
                0x0000012d       0x32 .\CortexM0p\ARM_GCC_541\Debug\DebugUARTBridge.a(from_ble.o)
 .ARM.attributes
                0x0000015f       0x32 .\CortexM0p\ARM_GCC_541\Debug\DebugUARTBridge.a(from_ble_UART.o)
 .ARM.attributes
                0x00000191       0x32 .\CortexM0p\ARM_GCC_541\Debug\DebugUARTBridge.a(to_comp.o)
 .ARM.attributes
                0x000001c3       0x32 .\CortexM0p\ARM_GCC_541\Debug\DebugUARTBridge.a(to_comp_SPI_UART.o)
 .ARM.attributes
                0x000001f5       0x32 .\CortexM0p\ARM_GCC_541\Debug\DebugUARTBridge.a(to_comp_UART.o)
 .ARM.attributes
                0x00000227       0x32 .\CortexM0p\ARM_GCC_541\Debug\DebugUARTBridge.a(CyLib.o)
 .ARM.attributes
                0x00000259       0x32 .\CortexM0p\ARM_GCC_541\Debug\DebugUARTBridge.a(CyLFClk.o)
 .ARM.attributes
                0x0000028b       0x22 .\CortexM0p\ARM_GCC_541\Debug\DebugUARTBridge.a(CyBootAsmGnu.o)
 .ARM.attributes
                0x000002ad       0x32 .\CortexM0p\ARM_GCC_541\Debug\DebugUARTBridge.a(from_ble_SPI_UART.o)
 .ARM.attributes
                0x000002df       0x32 .\CortexM0p\ARM_GCC_541\Debug\DebugUARTBridge.a(CyFlash.o)
 .ARM.attributes
                0x00000311       0x1e c:/program files (x86)/cypress/psoc creator/4.2/psoc creator/import/gnu/arm/5.4.1/bin/../lib/gcc/arm-none-eabi/5.4.1/armv6-m\libgcc.a(_udivsi3.o)
 .ARM.attributes
                0x0000032f       0x1e c:/program files (x86)/cypress/psoc creator/4.2/psoc creator/import/gnu/arm/5.4.1/bin/../lib/gcc/arm-none-eabi/5.4.1/armv6-m\libgcc.a(_divsi3.o)
 .ARM.attributes
                0x0000034d       0x1e c:/program files (x86)/cypress/psoc creator/4.2/psoc creator/import/gnu/arm/5.4.1/bin/../lib/gcc/arm-none-eabi/5.4.1/armv6-m\libgcc.a(_dvmd_tls.o)
 .ARM.attributes
                0x0000036b       0x2c c:/program files (x86)/cypress/psoc creator/4.2/psoc creator/import/gnu/arm/5.4.1/bin/../lib/gcc/arm-none-eabi/5.4.1/../../../../arm-none-eabi/lib/armv6-m\libg_nano.a(lib_a-errno.o)
 .ARM.attributes
                0x00000397       0x2c c:/program files (x86)/cypress/psoc creator/4.2/psoc creator/import/gnu/arm/5.4.1/bin/../lib/gcc/arm-none-eabi/5.4.1/../../../../arm-none-eabi/lib/armv6-m\libg_nano.a(lib_a-exit.o)
 .ARM.attributes
                0x000003c3       0x2c c:/program files (x86)/cypress/psoc creator/4.2/psoc creator/import/gnu/arm/5.4.1/bin/../lib/gcc/arm-none-eabi/5.4.1/../../../../arm-none-eabi/lib/armv6-m\libg_nano.a(lib_a-impure.o)
 .ARM.attributes
                0x000003ef       0x2c c:/program files (x86)/cypress/psoc creator/4.2/psoc creator/import/gnu/arm/5.4.1/bin/../lib/gcc/arm-none-eabi/5.4.1/../../../../arm-none-eabi/lib/armv6-m\libg_nano.a(lib_a-init.o)
 .ARM.attributes
                0x0000041b       0x2c c:/program files (x86)/cypress/psoc creator/4.2/psoc creator/import/gnu/arm/5.4.1/bin/../lib/gcc/arm-none-eabi/5.4.1/../../../../arm-none-eabi/lib/armv6-m\libg_nano.a(lib_a-memcpy-stub.o)
 .ARM.attributes
                0x00000447       0x2c c:/program files (x86)/cypress/psoc creator/4.2/psoc creator/import/gnu/arm/5.4.1/bin/../lib/gcc/arm-none-eabi/5.4.1/../../../../arm-none-eabi/lib/armv6-m\libg_nano.a(lib_a-memset.o)
 .ARM.attributes
                0x00000473       0x2c c:/program files (x86)/cypress/psoc creator/4.2/psoc creator/import/gnu/arm/5.4.1/bin/../lib/gcc/arm-none-eabi/5.4.1/armv6-m/crtend.o
 .ARM.attributes
                0x0000049f       0x1e c:/program files (x86)/cypress/psoc creator/4.2/psoc creator/import/gnu/arm/5.4.1/bin/../lib/gcc/arm-none-eabi/5.4.1/armv6-m/crtn.o

/DISCARD/
 *(.note.GNU-stack)
OUTPUT(C:\Users\munee\OneDrive\Documents\cypress\CY8C_149KIT\DebugUARTBridge.cydsn\CortexM0p\ARM_GCC_541\Debug\DebugUARTBridge.elf elf32-littlearm)
