ARM GAS  C:\Users\munee\AppData\Local\Temp\ccGIzItB.s 			page 1


   1              		.syntax unified
   2              		.cpu cortex-m0
   3              		.fpu softvfp
   4              		.eabi_attribute 20, 1
   5              		.eabi_attribute 21, 1
   6              		.eabi_attribute 23, 3
   7              		.eabi_attribute 24, 1
   8              		.eabi_attribute 25, 1
   9              		.eabi_attribute 26, 1
  10              		.eabi_attribute 30, 6
  11              		.eabi_attribute 34, 0
  12              		.eabi_attribute 18, 4
  13              		.thumb
  14              		.syntax unified
  15              		.file	"cyfitter_cfg.c"
  16              		.text
  17              	.Ltext0:
  18              		.cfi_sections	.debug_frame
  19              		.section	.text.CYMEMZERO,"ax",%progbits
  20              		.align	2
  21              		.code	16
  22              		.thumb_func
  23              		.type	CYMEMZERO, %function
  24              	CYMEMZERO:
  25              	.LFB2:
  26              		.file 1 "Generated_Source\\PSoC4\\cyfitter_cfg.c"
   1:Generated_Source\PSoC4/cyfitter_cfg.c **** 
   2:Generated_Source\PSoC4/cyfitter_cfg.c **** /*******************************************************************************
   3:Generated_Source\PSoC4/cyfitter_cfg.c **** * File Name: cyfitter_cfg.c
   4:Generated_Source\PSoC4/cyfitter_cfg.c **** * 
   5:Generated_Source\PSoC4/cyfitter_cfg.c **** * PSoC Creator  4.2
   6:Generated_Source\PSoC4/cyfitter_cfg.c **** *
   7:Generated_Source\PSoC4/cyfitter_cfg.c **** * Description:
   8:Generated_Source\PSoC4/cyfitter_cfg.c **** * This file contains device initialization code.
   9:Generated_Source\PSoC4/cyfitter_cfg.c **** * Except for the user defined sections in CyClockStartupError(), this file should not be modified.
  10:Generated_Source\PSoC4/cyfitter_cfg.c **** * This file is automatically generated by PSoC Creator.
  11:Generated_Source\PSoC4/cyfitter_cfg.c **** *
  12:Generated_Source\PSoC4/cyfitter_cfg.c **** ********************************************************************************
  13:Generated_Source\PSoC4/cyfitter_cfg.c **** * Copyright (c) 2007-2017 Cypress Semiconductor.  All rights reserved.
  14:Generated_Source\PSoC4/cyfitter_cfg.c **** * You may use this file only in accordance with the license, terms, conditions, 
  15:Generated_Source\PSoC4/cyfitter_cfg.c **** * disclaimers, and limitations in the end user license agreement accompanying 
  16:Generated_Source\PSoC4/cyfitter_cfg.c **** * the software package with which this file was provided.
  17:Generated_Source\PSoC4/cyfitter_cfg.c **** ********************************************************************************/
  18:Generated_Source\PSoC4/cyfitter_cfg.c **** 
  19:Generated_Source\PSoC4/cyfitter_cfg.c **** #include <string.h>
  20:Generated_Source\PSoC4/cyfitter_cfg.c **** #include "cytypes.h"
  21:Generated_Source\PSoC4/cyfitter_cfg.c **** #include "cydevice_trm.h"
  22:Generated_Source\PSoC4/cyfitter_cfg.c **** #include "cyfitter.h"
  23:Generated_Source\PSoC4/cyfitter_cfg.c **** #include "CyLib.h"
  24:Generated_Source\PSoC4/cyfitter_cfg.c **** #include "CyLFClk.h"
  25:Generated_Source\PSoC4/cyfitter_cfg.c **** #include "cyfitter_cfg.h"
  26:Generated_Source\PSoC4/cyfitter_cfg.c **** #include "cyapicallbacks.h"
  27:Generated_Source\PSoC4/cyfitter_cfg.c **** 
  28:Generated_Source\PSoC4/cyfitter_cfg.c **** 
  29:Generated_Source\PSoC4/cyfitter_cfg.c **** #if defined(__GNUC__) || defined(__ARMCC_VERSION)
  30:Generated_Source\PSoC4/cyfitter_cfg.c ****     #define CYPACKED 
  31:Generated_Source\PSoC4/cyfitter_cfg.c ****     #define CYPACKED_ATTR __attribute__ ((packed))
ARM GAS  C:\Users\munee\AppData\Local\Temp\ccGIzItB.s 			page 2


  32:Generated_Source\PSoC4/cyfitter_cfg.c ****     #define CYALIGNED __attribute__ ((aligned))
  33:Generated_Source\PSoC4/cyfitter_cfg.c ****     #define CY_CFG_UNUSED __attribute__ ((unused))
  34:Generated_Source\PSoC4/cyfitter_cfg.c ****     #ifndef CY_CFG_SECTION
  35:Generated_Source\PSoC4/cyfitter_cfg.c ****         #define CY_CFG_SECTION __attribute__ ((section(".psocinit")))
  36:Generated_Source\PSoC4/cyfitter_cfg.c ****     #endif
  37:Generated_Source\PSoC4/cyfitter_cfg.c ****     
  38:Generated_Source\PSoC4/cyfitter_cfg.c ****     #if defined(__ARMCC_VERSION)
  39:Generated_Source\PSoC4/cyfitter_cfg.c ****         #define CY_CFG_MEMORY_BARRIER() __memory_changed()
  40:Generated_Source\PSoC4/cyfitter_cfg.c ****     #else
  41:Generated_Source\PSoC4/cyfitter_cfg.c ****         #define CY_CFG_MEMORY_BARRIER() __sync_synchronize()
  42:Generated_Source\PSoC4/cyfitter_cfg.c ****     #endif
  43:Generated_Source\PSoC4/cyfitter_cfg.c ****     
  44:Generated_Source\PSoC4/cyfitter_cfg.c **** #elif defined(__ICCARM__)
  45:Generated_Source\PSoC4/cyfitter_cfg.c ****     #include <intrinsics.h>
  46:Generated_Source\PSoC4/cyfitter_cfg.c **** 
  47:Generated_Source\PSoC4/cyfitter_cfg.c ****     #define CYPACKED __packed
  48:Generated_Source\PSoC4/cyfitter_cfg.c ****     #define CYPACKED_ATTR 
  49:Generated_Source\PSoC4/cyfitter_cfg.c ****     #define CYALIGNED _Pragma("data_alignment=4")
  50:Generated_Source\PSoC4/cyfitter_cfg.c ****     #define CY_CFG_UNUSED _Pragma("diag_suppress=Pe177")
  51:Generated_Source\PSoC4/cyfitter_cfg.c ****     #define CY_CFG_SECTION _Pragma("location=\".psocinit\"")
  52:Generated_Source\PSoC4/cyfitter_cfg.c ****     
  53:Generated_Source\PSoC4/cyfitter_cfg.c ****     #define CY_CFG_MEMORY_BARRIER() __DMB()
  54:Generated_Source\PSoC4/cyfitter_cfg.c ****     
  55:Generated_Source\PSoC4/cyfitter_cfg.c **** #else
  56:Generated_Source\PSoC4/cyfitter_cfg.c ****     #error Unsupported toolchain
  57:Generated_Source\PSoC4/cyfitter_cfg.c **** #endif
  58:Generated_Source\PSoC4/cyfitter_cfg.c **** 
  59:Generated_Source\PSoC4/cyfitter_cfg.c **** #ifndef CYCODE
  60:Generated_Source\PSoC4/cyfitter_cfg.c ****     #define CYCODE
  61:Generated_Source\PSoC4/cyfitter_cfg.c **** #endif
  62:Generated_Source\PSoC4/cyfitter_cfg.c **** #ifndef CYDATA
  63:Generated_Source\PSoC4/cyfitter_cfg.c ****     #define CYDATA
  64:Generated_Source\PSoC4/cyfitter_cfg.c **** #endif
  65:Generated_Source\PSoC4/cyfitter_cfg.c **** #ifndef CYFAR
  66:Generated_Source\PSoC4/cyfitter_cfg.c ****     #define CYFAR
  67:Generated_Source\PSoC4/cyfitter_cfg.c **** #endif
  68:Generated_Source\PSoC4/cyfitter_cfg.c **** #ifndef CYXDATA
  69:Generated_Source\PSoC4/cyfitter_cfg.c ****     #define CYXDATA
  70:Generated_Source\PSoC4/cyfitter_cfg.c **** #endif
  71:Generated_Source\PSoC4/cyfitter_cfg.c **** 
  72:Generated_Source\PSoC4/cyfitter_cfg.c **** 
  73:Generated_Source\PSoC4/cyfitter_cfg.c **** CY_CFG_UNUSED
  74:Generated_Source\PSoC4/cyfitter_cfg.c **** static void CYMEMZERO(void *s, size_t n);
  75:Generated_Source\PSoC4/cyfitter_cfg.c **** CY_CFG_UNUSED
  76:Generated_Source\PSoC4/cyfitter_cfg.c **** static void CYMEMZERO(void *s, size_t n)
  77:Generated_Source\PSoC4/cyfitter_cfg.c **** {
  27              		.loc 1 77 0
  28              		.cfi_startproc
  29              		@ args = 0, pretend = 0, frame = 8
  30              		@ frame_needed = 1, uses_anonymous_args = 0
  31 0000 80B5     		push	{r7, lr}
  32              		.cfi_def_cfa_offset 8
  33              		.cfi_offset 7, -8
  34              		.cfi_offset 14, -4
  35 0002 82B0     		sub	sp, sp, #8
  36              		.cfi_def_cfa_offset 16
  37 0004 00AF     		add	r7, sp, #0
ARM GAS  C:\Users\munee\AppData\Local\Temp\ccGIzItB.s 			page 3


  38              		.cfi_def_cfa_register 7
  39 0006 7860     		str	r0, [r7, #4]
  40 0008 3960     		str	r1, [r7]
  78:Generated_Source\PSoC4/cyfitter_cfg.c **** 	(void)memset(s, 0, n);
  41              		.loc 1 78 0
  42 000a 3A68     		ldr	r2, [r7]
  43 000c 7B68     		ldr	r3, [r7, #4]
  44 000e 0021     		movs	r1, #0
  45 0010 1800     		movs	r0, r3
  46 0012 FFF7FEFF 		bl	memset
  79:Generated_Source\PSoC4/cyfitter_cfg.c **** }
  47              		.loc 1 79 0
  48 0016 C046     		nop
  49 0018 BD46     		mov	sp, r7
  50 001a 02B0     		add	sp, sp, #8
  51              		@ sp needed
  52 001c 80BD     		pop	{r7, pc}
  53              		.cfi_endproc
  54              	.LFE2:
  55              		.size	CYMEMZERO, .-CYMEMZERO
  56 001e C046     		.section	.text.CYCONFIGCPY,"ax",%progbits
  57              		.align	2
  58              		.code	16
  59              		.thumb_func
  60              		.type	CYCONFIGCPY, %function
  61              	CYCONFIGCPY:
  62              	.LFB3:
  80:Generated_Source\PSoC4/cyfitter_cfg.c **** CY_CFG_UNUSED
  81:Generated_Source\PSoC4/cyfitter_cfg.c **** static void CYCONFIGCPY(void *dest, const void *src, size_t n);
  82:Generated_Source\PSoC4/cyfitter_cfg.c **** CY_CFG_UNUSED
  83:Generated_Source\PSoC4/cyfitter_cfg.c **** static void CYCONFIGCPY(void *dest, const void *src, size_t n)
  84:Generated_Source\PSoC4/cyfitter_cfg.c **** {
  63              		.loc 1 84 0
  64              		.cfi_startproc
  65              		@ args = 0, pretend = 0, frame = 16
  66              		@ frame_needed = 1, uses_anonymous_args = 0
  67 0000 80B5     		push	{r7, lr}
  68              		.cfi_def_cfa_offset 8
  69              		.cfi_offset 7, -8
  70              		.cfi_offset 14, -4
  71 0002 84B0     		sub	sp, sp, #16
  72              		.cfi_def_cfa_offset 24
  73 0004 00AF     		add	r7, sp, #0
  74              		.cfi_def_cfa_register 7
  75 0006 F860     		str	r0, [r7, #12]
  76 0008 B960     		str	r1, [r7, #8]
  77 000a 7A60     		str	r2, [r7, #4]
  85:Generated_Source\PSoC4/cyfitter_cfg.c **** 	(void)memcpy(dest, src, n);
  78              		.loc 1 85 0
  79 000c 7A68     		ldr	r2, [r7, #4]
  80 000e B968     		ldr	r1, [r7, #8]
  81 0010 FB68     		ldr	r3, [r7, #12]
  82 0012 1800     		movs	r0, r3
  83 0014 FFF7FEFF 		bl	memcpy
  86:Generated_Source\PSoC4/cyfitter_cfg.c **** }
  84              		.loc 1 86 0
  85 0018 C046     		nop
ARM GAS  C:\Users\munee\AppData\Local\Temp\ccGIzItB.s 			page 4


  86 001a BD46     		mov	sp, r7
  87 001c 04B0     		add	sp, sp, #16
  88              		@ sp needed
  89 001e 80BD     		pop	{r7, pc}
  90              		.cfi_endproc
  91              	.LFE3:
  92              		.size	CYCONFIGCPY, .-CYCONFIGCPY
  93              		.section	.text.CYCONFIGCPYCODE,"ax",%progbits
  94              		.align	2
  95              		.code	16
  96              		.thumb_func
  97              		.type	CYCONFIGCPYCODE, %function
  98              	CYCONFIGCPYCODE:
  99              	.LFB4:
  87:Generated_Source\PSoC4/cyfitter_cfg.c **** CY_CFG_UNUSED
  88:Generated_Source\PSoC4/cyfitter_cfg.c **** static void CYCONFIGCPYCODE(void *dest, const void *src, size_t n);
  89:Generated_Source\PSoC4/cyfitter_cfg.c **** CY_CFG_UNUSED
  90:Generated_Source\PSoC4/cyfitter_cfg.c **** static void CYCONFIGCPYCODE(void *dest, const void *src, size_t n)
  91:Generated_Source\PSoC4/cyfitter_cfg.c **** {
 100              		.loc 1 91 0
 101              		.cfi_startproc
 102              		@ args = 0, pretend = 0, frame = 16
 103              		@ frame_needed = 1, uses_anonymous_args = 0
 104 0000 80B5     		push	{r7, lr}
 105              		.cfi_def_cfa_offset 8
 106              		.cfi_offset 7, -8
 107              		.cfi_offset 14, -4
 108 0002 84B0     		sub	sp, sp, #16
 109              		.cfi_def_cfa_offset 24
 110 0004 00AF     		add	r7, sp, #0
 111              		.cfi_def_cfa_register 7
 112 0006 F860     		str	r0, [r7, #12]
 113 0008 B960     		str	r1, [r7, #8]
 114 000a 7A60     		str	r2, [r7, #4]
  92:Generated_Source\PSoC4/cyfitter_cfg.c **** 	(void)memcpy(dest, src, n);
 115              		.loc 1 92 0
 116 000c 7A68     		ldr	r2, [r7, #4]
 117 000e B968     		ldr	r1, [r7, #8]
 118 0010 FB68     		ldr	r3, [r7, #12]
 119 0012 1800     		movs	r0, r3
 120 0014 FFF7FEFF 		bl	memcpy
  93:Generated_Source\PSoC4/cyfitter_cfg.c **** }
 121              		.loc 1 93 0
 122 0018 C046     		nop
 123 001a BD46     		mov	sp, r7
 124 001c 04B0     		add	sp, sp, #16
 125              		@ sp needed
 126 001e 80BD     		pop	{r7, pc}
 127              		.cfi_endproc
 128              	.LFE4:
 129              		.size	CYCONFIGCPYCODE, .-CYCONFIGCPYCODE
 130              		.section	.psocinit,"ax",%progbits
 131              		.align	2
 132              		.code	16
 133              		.thumb_func
 134              		.type	ClockSetup, %function
 135              	ClockSetup:
ARM GAS  C:\Users\munee\AppData\Local\Temp\ccGIzItB.s 			page 5


 136              	.LFB5:
  94:Generated_Source\PSoC4/cyfitter_cfg.c **** 
  95:Generated_Source\PSoC4/cyfitter_cfg.c **** 
  96:Generated_Source\PSoC4/cyfitter_cfg.c **** 
  97:Generated_Source\PSoC4/cyfitter_cfg.c **** 
  98:Generated_Source\PSoC4/cyfitter_cfg.c **** /* Clock startup error codes                                                   */
  99:Generated_Source\PSoC4/cyfitter_cfg.c **** #define CYCLOCKSTART_NO_ERROR    0u
 100:Generated_Source\PSoC4/cyfitter_cfg.c **** #define CYCLOCKSTART_XTAL_ERROR  1u
 101:Generated_Source\PSoC4/cyfitter_cfg.c **** #define CYCLOCKSTART_32KHZ_ERROR 2u
 102:Generated_Source\PSoC4/cyfitter_cfg.c **** #define CYCLOCKSTART_PLL_ERROR   3u
 103:Generated_Source\PSoC4/cyfitter_cfg.c **** #define CYCLOCKSTART_FLL_ERROR   4u
 104:Generated_Source\PSoC4/cyfitter_cfg.c **** 
 105:Generated_Source\PSoC4/cyfitter_cfg.c **** 
 106:Generated_Source\PSoC4/cyfitter_cfg.c **** #ifdef CY_NEED_CYCLOCKSTARTUPERROR
 107:Generated_Source\PSoC4/cyfitter_cfg.c **** /*******************************************************************************
 108:Generated_Source\PSoC4/cyfitter_cfg.c **** * Function Name: CyClockStartupError
 109:Generated_Source\PSoC4/cyfitter_cfg.c **** ********************************************************************************
 110:Generated_Source\PSoC4/cyfitter_cfg.c **** * Summary:
 111:Generated_Source\PSoC4/cyfitter_cfg.c **** *  If an error is encountered during clock configuration (crystal startup error,
 112:Generated_Source\PSoC4/cyfitter_cfg.c **** *  PLL lock error, etc.), the system will end up here.  Unless reimplemented by
 113:Generated_Source\PSoC4/cyfitter_cfg.c **** *  the customer, this function will stop in an infinite loop.
 114:Generated_Source\PSoC4/cyfitter_cfg.c **** *
 115:Generated_Source\PSoC4/cyfitter_cfg.c **** * Parameters:
 116:Generated_Source\PSoC4/cyfitter_cfg.c **** *   void
 117:Generated_Source\PSoC4/cyfitter_cfg.c **** *
 118:Generated_Source\PSoC4/cyfitter_cfg.c **** * Return:
 119:Generated_Source\PSoC4/cyfitter_cfg.c **** *   void
 120:Generated_Source\PSoC4/cyfitter_cfg.c **** *
 121:Generated_Source\PSoC4/cyfitter_cfg.c **** *******************************************************************************/
 122:Generated_Source\PSoC4/cyfitter_cfg.c **** CY_CFG_UNUSED
 123:Generated_Source\PSoC4/cyfitter_cfg.c **** static void CyClockStartupError(uint8 errorCode);
 124:Generated_Source\PSoC4/cyfitter_cfg.c **** CY_CFG_UNUSED
 125:Generated_Source\PSoC4/cyfitter_cfg.c **** static void CyClockStartupError(uint8 errorCode)
 126:Generated_Source\PSoC4/cyfitter_cfg.c **** {
 127:Generated_Source\PSoC4/cyfitter_cfg.c ****     /* To remove the compiler warning if errorCode not used.                */
 128:Generated_Source\PSoC4/cyfitter_cfg.c ****     errorCode = errorCode;
 129:Generated_Source\PSoC4/cyfitter_cfg.c **** 
 130:Generated_Source\PSoC4/cyfitter_cfg.c ****     /* If we have a clock startup error (bad MHz crystal, PLL lock, etc.),  */
 131:Generated_Source\PSoC4/cyfitter_cfg.c ****     /* we will end up here to allow the customer to implement something to  */
 132:Generated_Source\PSoC4/cyfitter_cfg.c ****     /* deal with the clock condition.                                       */
 133:Generated_Source\PSoC4/cyfitter_cfg.c **** 
 134:Generated_Source\PSoC4/cyfitter_cfg.c **** #ifdef CY_CFG_CLOCK_STARTUP_ERROR_CALLBACK
 135:Generated_Source\PSoC4/cyfitter_cfg.c ****     CY_CFG_Clock_Startup_ErrorCallback();
 136:Generated_Source\PSoC4/cyfitter_cfg.c **** #else
 137:Generated_Source\PSoC4/cyfitter_cfg.c ****     /*  If not using CY_CFG_CLOCK_STARTUP_ERROR_CALLBACK, place your clock startup code here. */
 138:Generated_Source\PSoC4/cyfitter_cfg.c ****     /* `#START CyClockStartupError` */
 139:Generated_Source\PSoC4/cyfitter_cfg.c **** 
 140:Generated_Source\PSoC4/cyfitter_cfg.c **** 
 141:Generated_Source\PSoC4/cyfitter_cfg.c **** 
 142:Generated_Source\PSoC4/cyfitter_cfg.c ****     /* `#END` */
 143:Generated_Source\PSoC4/cyfitter_cfg.c **** 
 144:Generated_Source\PSoC4/cyfitter_cfg.c ****     while(1) {}
 145:Generated_Source\PSoC4/cyfitter_cfg.c **** #endif /* CY_CFG_CLOCK_STARTUP_ERROR_CALLBACK */
 146:Generated_Source\PSoC4/cyfitter_cfg.c **** }
 147:Generated_Source\PSoC4/cyfitter_cfg.c **** #endif
 148:Generated_Source\PSoC4/cyfitter_cfg.c **** 
 149:Generated_Source\PSoC4/cyfitter_cfg.c **** 
ARM GAS  C:\Users\munee\AppData\Local\Temp\ccGIzItB.s 			page 6


 150:Generated_Source\PSoC4/cyfitter_cfg.c **** 
 151:Generated_Source\PSoC4/cyfitter_cfg.c **** /*******************************************************************************
 152:Generated_Source\PSoC4/cyfitter_cfg.c **** * Function Name: ClockSetup
 153:Generated_Source\PSoC4/cyfitter_cfg.c **** ********************************************************************************
 154:Generated_Source\PSoC4/cyfitter_cfg.c **** *
 155:Generated_Source\PSoC4/cyfitter_cfg.c **** * Summary:
 156:Generated_Source\PSoC4/cyfitter_cfg.c **** *   Performs the initialization of all of the clocks in the device based on the
 157:Generated_Source\PSoC4/cyfitter_cfg.c **** *   settings in the Clock tab of the DWR.  This includes enabling the requested
 158:Generated_Source\PSoC4/cyfitter_cfg.c **** *   clocks and setting the necessary dividers to produce the desired frequency. 
 159:Generated_Source\PSoC4/cyfitter_cfg.c **** *
 160:Generated_Source\PSoC4/cyfitter_cfg.c **** * Parameters:
 161:Generated_Source\PSoC4/cyfitter_cfg.c **** *   void
 162:Generated_Source\PSoC4/cyfitter_cfg.c **** *
 163:Generated_Source\PSoC4/cyfitter_cfg.c **** * Return:
 164:Generated_Source\PSoC4/cyfitter_cfg.c **** *   void
 165:Generated_Source\PSoC4/cyfitter_cfg.c **** *
 166:Generated_Source\PSoC4/cyfitter_cfg.c **** *******************************************************************************/
 167:Generated_Source\PSoC4/cyfitter_cfg.c **** static void ClockSetup(void);
 168:Generated_Source\PSoC4/cyfitter_cfg.c **** CY_CFG_SECTION
 169:Generated_Source\PSoC4/cyfitter_cfg.c **** static void ClockSetup(void)
 170:Generated_Source\PSoC4/cyfitter_cfg.c **** {
 137              		.loc 1 170 0
 138              		.cfi_startproc
 139              		@ args = 0, pretend = 0, frame = 0
 140              		@ frame_needed = 1, uses_anonymous_args = 0
 141 0000 80B5     		push	{r7, lr}
 142              		.cfi_def_cfa_offset 8
 143              		.cfi_offset 7, -8
 144              		.cfi_offset 14, -4
 145 0002 00AF     		add	r7, sp, #0
 146              		.cfi_def_cfa_register 7
 171:Generated_Source\PSoC4/cyfitter_cfg.c **** 
 172:Generated_Source\PSoC4/cyfitter_cfg.c **** 	/* Set Flash Cycles based on max possible frequency in case a glitch occurs during ClockSetup(). *
 173:Generated_Source\PSoC4/cyfitter_cfg.c **** 	CY_SET_REG32((void CYXDATA *)(CYREG_CPUSS_FLASH_CTL), (0x0012u));
 147              		.loc 1 173 0
 148 0004 314B     		ldr	r3, .L5
 149 0006 1222     		movs	r2, #18
 150 0008 1A60     		str	r2, [r3]
 174:Generated_Source\PSoC4/cyfitter_cfg.c **** 
 175:Generated_Source\PSoC4/cyfitter_cfg.c **** 	/* Start the WCO */
 176:Generated_Source\PSoC4/cyfitter_cfg.c **** 	CySysClkWcoStart();
 151              		.loc 1 176 0
 152 000a FFF7FEFF 		bl	CySysClkWcoStart
 177:Generated_Source\PSoC4/cyfitter_cfg.c **** 	CyDelayCycles(12000000u); /* WCO may take up to 500ms to start */
 153              		.loc 1 177 0
 154 000e 304B     		ldr	r3, .L5+4
 155 0010 1800     		movs	r0, r3
 156 0012 FFF7FEFF 		bl	CyDelayCycles
 178:Generated_Source\PSoC4/cyfitter_cfg.c **** 	(void)CySysClkWcoSetPowerMode(CY_SYS_CLK_WCO_LPM);    /* Switch to the low power mode */
 157              		.loc 1 178 0
 158 0016 0120     		movs	r0, #1
 159 0018 FFF7FEFF 		bl	CySysClkWcoSetPowerMode
 179:Generated_Source\PSoC4/cyfitter_cfg.c **** 
 180:Generated_Source\PSoC4/cyfitter_cfg.c **** 	/* Setup and trim IMO based on desired frequency. */
 181:Generated_Source\PSoC4/cyfitter_cfg.c **** 	CySysClkWriteImoFreq(48u);
 160              		.loc 1 181 0
 161 001c 3020     		movs	r0, #48
ARM GAS  C:\Users\munee\AppData\Local\Temp\ccGIzItB.s 			page 7


 162 001e FFF7FEFF 		bl	CySysClkWriteImoFreq
 182:Generated_Source\PSoC4/cyfitter_cfg.c **** 	/* CYDEV_CLK_ILO_CONFIG Starting address: CYDEV_CLK_ILO_CONFIG */
 183:Generated_Source\PSoC4/cyfitter_cfg.c **** 	CY_SET_REG32((void *)(CYREG_CLK_ILO_CONFIG), 0x80000006u);
 163              		.loc 1 183 0
 164 0022 2C4B     		ldr	r3, .L5+8
 165 0024 2C4A     		ldr	r2, .L5+12
 166 0026 1A60     		str	r2, [r3]
 184:Generated_Source\PSoC4/cyfitter_cfg.c **** 
 185:Generated_Source\PSoC4/cyfitter_cfg.c **** 	/* CYDEV_WDT_CONFIG Starting address: CYDEV_WDT_CONFIG */
 186:Generated_Source\PSoC4/cyfitter_cfg.c **** 	CY_SET_REG32((void *)(CYREG_WDT_CONFIG), 0x40000000u);
 167              		.loc 1 186 0
 168 0028 2C4B     		ldr	r3, .L5+16
 169 002a 8022     		movs	r2, #128
 170 002c D205     		lsls	r2, r2, #23
 171 002e 1A60     		str	r2, [r3]
 187:Generated_Source\PSoC4/cyfitter_cfg.c **** 
 188:Generated_Source\PSoC4/cyfitter_cfg.c **** 
 189:Generated_Source\PSoC4/cyfitter_cfg.c **** 	/* Enable fast start mode for XO */
 190:Generated_Source\PSoC4/cyfitter_cfg.c **** 	CY_SET_REG32((void*)CYREG_BLE_BLERD_BB_XO, CY_GET_REG32((void*)CYREG_BLE_BLERD_BB_XO) | (uint32)0x
 172              		.loc 1 190 0
 173 0030 2B4B     		ldr	r3, .L5+20
 174 0032 2B4A     		ldr	r2, .L5+20
 175 0034 1268     		ldr	r2, [r2]
 176 0036 0221     		movs	r1, #2
 177 0038 0A43     		orrs	r2, r1
 178 003a 1A60     		str	r2, [r3]
 191:Generated_Source\PSoC4/cyfitter_cfg.c **** 	CY_SET_REG32((void *)(CYREG_BLE_BLERD_BB_XO_CAPTRIM), 0x00006969u);
 179              		.loc 1 191 0
 180 003c 294B     		ldr	r3, .L5+24
 181 003e 2A4A     		ldr	r2, .L5+28
 182 0040 1A60     		str	r2, [r3]
 192:Generated_Source\PSoC4/cyfitter_cfg.c **** 	/*Set XTAL(ECO) divider*/
 193:Generated_Source\PSoC4/cyfitter_cfg.c **** 	CY_SET_REG32((void *)(CYREG_BLE_BLESS_XTAL_CLK_DIV_CONFIG), 0x00000000u);
 183              		.loc 1 193 0
 184 0042 2A4B     		ldr	r3, .L5+32
 185 0044 0022     		movs	r2, #0
 186 0046 1A60     		str	r2, [r3]
 194:Generated_Source\PSoC4/cyfitter_cfg.c **** 	/* Disable Crystal Stable Interrupt before enabling ECO */
 195:Generated_Source\PSoC4/cyfitter_cfg.c **** 	CY_SET_REG32((void*)CYREG_BLE_BLESS_LL_DSM_CTRL, CY_GET_REG32((void*)CYREG_BLE_BLESS_LL_DSM_CTRL) 
 187              		.loc 1 195 0
 188 0048 294B     		ldr	r3, .L5+36
 189 004a 294A     		ldr	r2, .L5+36
 190 004c 1268     		ldr	r2, [r2]
 191 004e 0821     		movs	r1, #8
 192 0050 8A43     		bics	r2, r1
 193 0052 1A60     		str	r2, [r3]
 196:Generated_Source\PSoC4/cyfitter_cfg.c **** 	/* Start the ECO and do not check status since it is not needed for HFCLK */
 197:Generated_Source\PSoC4/cyfitter_cfg.c **** 	(void)CySysClkEcoStart(2000u);
 194              		.loc 1 197 0
 195 0054 FA23     		movs	r3, #250
 196 0056 DB00     		lsls	r3, r3, #3
 197 0058 1800     		movs	r0, r3
 198 005a FFF7FEFF 		bl	CySysClkEcoStart
 198:Generated_Source\PSoC4/cyfitter_cfg.c **** 	CyDelayUs(1500u); /* Wait to stabilize */
 199              		.loc 1 198 0
 200 005e 254B     		ldr	r3, .L5+40
 201 0060 1800     		movs	r0, r3
ARM GAS  C:\Users\munee\AppData\Local\Temp\ccGIzItB.s 			page 8


 202 0062 FFF7FEFF 		bl	CyDelayUs
 199:Generated_Source\PSoC4/cyfitter_cfg.c **** 
 200:Generated_Source\PSoC4/cyfitter_cfg.c **** 	/* Setup phase aligned clocks */
 201:Generated_Source\PSoC4/cyfitter_cfg.c **** 	CY_SET_REG32((void *)CYREG_PERI_DIV_16_CTL0, 0x00000300u);
 203              		.loc 1 201 0
 204 0066 244B     		ldr	r3, .L5+44
 205 0068 C022     		movs	r2, #192
 206 006a 9200     		lsls	r2, r2, #2
 207 006c 1A60     		str	r2, [r3]
 202:Generated_Source\PSoC4/cyfitter_cfg.c **** 	CY_SET_REG32((void *)CYREG_PERI_DIV_CMD, 0x8000FF40u);
 208              		.loc 1 202 0
 209 006e 234B     		ldr	r3, .L5+48
 210 0070 234A     		ldr	r2, .L5+52
 211 0072 1A60     		str	r2, [r3]
 203:Generated_Source\PSoC4/cyfitter_cfg.c **** 	CY_SET_REG32((void *)CYREG_PERI_DIV_16_CTL1, 0x00002F00u);
 212              		.loc 1 203 0
 213 0074 234B     		ldr	r3, .L5+56
 214 0076 BC22     		movs	r2, #188
 215 0078 9201     		lsls	r2, r2, #6
 216 007a 1A60     		str	r2, [r3]
 204:Generated_Source\PSoC4/cyfitter_cfg.c **** 	CY_SET_REG32((void *)CYREG_PERI_DIV_CMD, 0x8000FF41u);
 217              		.loc 1 204 0
 218 007c 1F4B     		ldr	r3, .L5+48
 219 007e 224A     		ldr	r2, .L5+60
 220 0080 1A60     		str	r2, [r3]
 205:Generated_Source\PSoC4/cyfitter_cfg.c **** 	CY_SET_REG32((void *)CYREG_PERI_DIV_16_CTL2, 0x00006700u);
 221              		.loc 1 205 0
 222 0082 224B     		ldr	r3, .L5+64
 223 0084 CE22     		movs	r2, #206
 224 0086 D201     		lsls	r2, r2, #7
 225 0088 1A60     		str	r2, [r3]
 206:Generated_Source\PSoC4/cyfitter_cfg.c **** 	CY_SET_REG32((void *)CYREG_PERI_DIV_CMD, 0x8000FF42u);
 226              		.loc 1 206 0
 227 008a 1C4B     		ldr	r3, .L5+48
 228 008c 204A     		ldr	r2, .L5+68
 229 008e 1A60     		str	r2, [r3]
 207:Generated_Source\PSoC4/cyfitter_cfg.c **** 
 208:Generated_Source\PSoC4/cyfitter_cfg.c **** 	/* CYDEV_CLK_IMO_CONFIG Starting address: CYDEV_CLK_IMO_CONFIG */
 209:Generated_Source\PSoC4/cyfitter_cfg.c **** 	CY_SET_REG32((void *)(CYREG_CLK_IMO_CONFIG), 0x80000000u);
 230              		.loc 1 209 0
 231 0090 204B     		ldr	r3, .L5+72
 232 0092 8022     		movs	r2, #128
 233 0094 1206     		lsls	r2, r2, #24
 234 0096 1A60     		str	r2, [r3]
 210:Generated_Source\PSoC4/cyfitter_cfg.c **** 
 211:Generated_Source\PSoC4/cyfitter_cfg.c **** 	/* CYDEV_CLK_SELECT Starting address: CYDEV_CLK_SELECT */
 212:Generated_Source\PSoC4/cyfitter_cfg.c **** 	CY_SET_REG32((void *)(CYREG_CLK_SELECT), 0x00040000u);
 235              		.loc 1 212 0
 236 0098 1F4B     		ldr	r3, .L5+76
 237 009a 8022     		movs	r2, #128
 238 009c D202     		lsls	r2, r2, #11
 239 009e 1A60     		str	r2, [r3]
 213:Generated_Source\PSoC4/cyfitter_cfg.c **** 
 214:Generated_Source\PSoC4/cyfitter_cfg.c **** 	/* CYDEV_PERI_PCLK_CTL7 Starting address: CYDEV_PERI_PCLK_CTL7 */
 215:Generated_Source\PSoC4/cyfitter_cfg.c **** 	CY_SET_REG32((void *)(CYREG_PERI_PCLK_CTL7), 0x00000041u);
 240              		.loc 1 215 0
 241 00a0 1E4B     		ldr	r3, .L5+80
ARM GAS  C:\Users\munee\AppData\Local\Temp\ccGIzItB.s 			page 9


 242 00a2 4122     		movs	r2, #65
 243 00a4 1A60     		str	r2, [r3]
 216:Generated_Source\PSoC4/cyfitter_cfg.c **** 
 217:Generated_Source\PSoC4/cyfitter_cfg.c **** 	/* CYDEV_PERI_PCLK_CTL1 Starting address: CYDEV_PERI_PCLK_CTL1 */
 218:Generated_Source\PSoC4/cyfitter_cfg.c **** 	CY_SET_REG32((void *)(CYREG_PERI_PCLK_CTL1), 0x00000042u);
 244              		.loc 1 218 0
 245 00a6 1E4B     		ldr	r3, .L5+84
 246 00a8 4222     		movs	r2, #66
 247 00aa 1A60     		str	r2, [r3]
 219:Generated_Source\PSoC4/cyfitter_cfg.c **** 
 220:Generated_Source\PSoC4/cyfitter_cfg.c **** 	(void)CyIntSetVector(8u, &CySysWdtIsr);
 248              		.loc 1 220 0
 249 00ac 1D4B     		ldr	r3, .L5+88
 250 00ae 1900     		movs	r1, r3
 251 00b0 0820     		movs	r0, #8
 252 00b2 FFF7FEFF 		bl	CyIntSetVector
 221:Generated_Source\PSoC4/cyfitter_cfg.c **** 	CyIntEnable(8u);
 253              		.loc 1 221 0
 254 00b6 0820     		movs	r0, #8
 255 00b8 FFF7FEFF 		bl	CyIntEnable
 222:Generated_Source\PSoC4/cyfitter_cfg.c **** 	CY_SET_REG32((void *)(CYREG_WDT_CONFIG), 0x40000000u);
 256              		.loc 1 222 0
 257 00bc 074B     		ldr	r3, .L5+16
 258 00be 8022     		movs	r2, #128
 259 00c0 D205     		lsls	r2, r2, #23
 260 00c2 1A60     		str	r2, [r3]
 223:Generated_Source\PSoC4/cyfitter_cfg.c **** }
 261              		.loc 1 223 0
 262 00c4 C046     		nop
 263 00c6 BD46     		mov	sp, r7
 264              		@ sp needed
 265 00c8 80BD     		pop	{r7, pc}
 266              	.L6:
 267 00ca C046     		.align	2
 268              	.L5:
 269 00cc 30001040 		.word	1074790448
 270 00d0 001BB700 		.word	12000000
 271 00d4 04010B40 		.word	1074462980
 272 00d8 06000080 		.word	-2147483642
 273 00dc 0C020B40 		.word	1074463244
 274 00e0 78002E40 		.word	1076756600
 275 00e4 7C002E40 		.word	1076756604
 276 00e8 69690000 		.word	26985
 277 00ec 64F02E40 		.word	1076818020
 278 00f0 6CF02E40 		.word	1076818028
 279 00f4 DC050000 		.word	1500
 280 00f8 00030140 		.word	1073808128
 281 00fc 00000140 		.word	1073807360
 282 0100 40FF0080 		.word	-2147418304
 283 0104 04030140 		.word	1073808132
 284 0108 41FF0080 		.word	-2147418303
 285 010c 08030140 		.word	1073808136
 286 0110 42FF0080 		.word	-2147418302
 287 0114 08010B40 		.word	1074462984
 288 0118 00010B40 		.word	1074462976
 289 011c 1C010140 		.word	1073807644
 290 0120 04010140 		.word	1073807620
ARM GAS  C:\Users\munee\AppData\Local\Temp\ccGIzItB.s 			page 10


 291 0124 00000000 		.word	CySysWdtIsr
 292              		.cfi_endproc
 293              	.LFE5:
 294              		.size	ClockSetup, .-ClockSetup
 295              		.section	.text.AnalogSetDefault,"ax",%progbits
 296              		.align	2
 297              		.code	16
 298              		.thumb_func
 299              		.type	AnalogSetDefault, %function
 300              	AnalogSetDefault:
 301              	.LFB6:
 224:Generated_Source\PSoC4/cyfitter_cfg.c **** 
 225:Generated_Source\PSoC4/cyfitter_cfg.c **** 
 226:Generated_Source\PSoC4/cyfitter_cfg.c **** /* Analog API Functions */
 227:Generated_Source\PSoC4/cyfitter_cfg.c **** 
 228:Generated_Source\PSoC4/cyfitter_cfg.c **** 
 229:Generated_Source\PSoC4/cyfitter_cfg.c **** /*******************************************************************************
 230:Generated_Source\PSoC4/cyfitter_cfg.c **** * Function Name: AnalogSetDefault
 231:Generated_Source\PSoC4/cyfitter_cfg.c **** ********************************************************************************
 232:Generated_Source\PSoC4/cyfitter_cfg.c **** *
 233:Generated_Source\PSoC4/cyfitter_cfg.c **** * Summary:
 234:Generated_Source\PSoC4/cyfitter_cfg.c **** *  Sets up the analog portions of the chip to default values based on chip
 235:Generated_Source\PSoC4/cyfitter_cfg.c **** *  configuration options from the project.
 236:Generated_Source\PSoC4/cyfitter_cfg.c **** *
 237:Generated_Source\PSoC4/cyfitter_cfg.c **** * Parameters:
 238:Generated_Source\PSoC4/cyfitter_cfg.c **** *  void
 239:Generated_Source\PSoC4/cyfitter_cfg.c **** *
 240:Generated_Source\PSoC4/cyfitter_cfg.c **** * Return:
 241:Generated_Source\PSoC4/cyfitter_cfg.c **** *  void
 242:Generated_Source\PSoC4/cyfitter_cfg.c **** *
 243:Generated_Source\PSoC4/cyfitter_cfg.c **** *******************************************************************************/
 244:Generated_Source\PSoC4/cyfitter_cfg.c **** static void AnalogSetDefault(void);
 245:Generated_Source\PSoC4/cyfitter_cfg.c **** static void AnalogSetDefault(void)
 246:Generated_Source\PSoC4/cyfitter_cfg.c **** {
 302              		.loc 1 246 0
 303              		.cfi_startproc
 304              		@ args = 0, pretend = 0, frame = 0
 305              		@ frame_needed = 1, uses_anonymous_args = 0
 306 0000 80B5     		push	{r7, lr}
 307              		.cfi_def_cfa_offset 8
 308              		.cfi_offset 7, -8
 309              		.cfi_offset 14, -4
 310 0002 00AF     		add	r7, sp, #0
 311              		.cfi_def_cfa_register 7
 247:Generated_Source\PSoC4/cyfitter_cfg.c **** 	CY_SET_XTND_REG32((void CYFAR *)CYREG_CTBM0_DFT_CTRL, 0x00000003u);
 312              		.loc 1 247 0
 313 0004 054B     		ldr	r3, .L8
 314 0006 0322     		movs	r2, #3
 315 0008 1A60     		str	r2, [r3]
 248:Generated_Source\PSoC4/cyfitter_cfg.c **** 	CY_SET_XTND_REG32((void CYFAR *)CYREG_CTBM1_DFT_CTRL, 0x00000003u);
 316              		.loc 1 248 0
 317 000a 054B     		ldr	r3, .L8+4
 318 000c 0322     		movs	r2, #3
 319 000e 1A60     		str	r2, [r3]
 249:Generated_Source\PSoC4/cyfitter_cfg.c **** 	CY_SET_XTND_REG32((void CYFAR *)CYREG_PASS_DSAB_DSAB_CTRL, 0x00000000u);
 320              		.loc 1 249 0
 321 0010 044B     		ldr	r3, .L8+8
ARM GAS  C:\Users\munee\AppData\Local\Temp\ccGIzItB.s 			page 11


 322 0012 0022     		movs	r2, #0
 323 0014 1A60     		str	r2, [r3]
 250:Generated_Source\PSoC4/cyfitter_cfg.c **** }
 324              		.loc 1 250 0
 325 0016 C046     		nop
 326 0018 BD46     		mov	sp, r7
 327              		@ sp needed
 328 001a 80BD     		pop	{r7, pc}
 329              	.L9:
 330              		.align	2
 331              	.L8:
 332 001c 30003040 		.word	1076887600
 333 0020 30003140 		.word	1076953136
 334 0024 000E3F40 		.word	1077874176
 335              		.cfi_endproc
 336              	.LFE6:
 337              		.size	AnalogSetDefault, .-AnalogSetDefault
 338              		.section	.psocinit
 339              		.align	2
 340              		.global	cyfitter_cfg
 341              		.code	16
 342              		.thumb_func
 343              		.type	cyfitter_cfg, %function
 344              	cyfitter_cfg:
 345              	.LFB7:
 251:Generated_Source\PSoC4/cyfitter_cfg.c **** 
 252:Generated_Source\PSoC4/cyfitter_cfg.c **** 
 253:Generated_Source\PSoC4/cyfitter_cfg.c **** 
 254:Generated_Source\PSoC4/cyfitter_cfg.c **** 
 255:Generated_Source\PSoC4/cyfitter_cfg.c **** /*******************************************************************************
 256:Generated_Source\PSoC4/cyfitter_cfg.c **** * Function Name: cyfitter_cfg
 257:Generated_Source\PSoC4/cyfitter_cfg.c **** ********************************************************************************
 258:Generated_Source\PSoC4/cyfitter_cfg.c **** * Summary:
 259:Generated_Source\PSoC4/cyfitter_cfg.c **** *  This function is called by the start-up code for the selected device. It
 260:Generated_Source\PSoC4/cyfitter_cfg.c **** *  performs all of the necessary device configuration based on the design
 261:Generated_Source\PSoC4/cyfitter_cfg.c **** *  settings.  This includes settings from the Design Wide Resources (DWR) such
 262:Generated_Source\PSoC4/cyfitter_cfg.c **** *  as Clocks and Pins as well as any component configuration that is necessary.
 263:Generated_Source\PSoC4/cyfitter_cfg.c **** *
 264:Generated_Source\PSoC4/cyfitter_cfg.c **** * Parameters:
 265:Generated_Source\PSoC4/cyfitter_cfg.c **** *   void
 266:Generated_Source\PSoC4/cyfitter_cfg.c **** *
 267:Generated_Source\PSoC4/cyfitter_cfg.c **** * Return:
 268:Generated_Source\PSoC4/cyfitter_cfg.c **** *   void
 269:Generated_Source\PSoC4/cyfitter_cfg.c **** *
 270:Generated_Source\PSoC4/cyfitter_cfg.c **** *******************************************************************************/
 271:Generated_Source\PSoC4/cyfitter_cfg.c **** CY_CFG_SECTION
 272:Generated_Source\PSoC4/cyfitter_cfg.c **** void cyfitter_cfg(void)
 273:Generated_Source\PSoC4/cyfitter_cfg.c **** {
 346              		.loc 1 273 0
 347              		.cfi_startproc
 348              		@ args = 0, pretend = 0, frame = 8
 349              		@ frame_needed = 1, uses_anonymous_args = 0
 350 0128 80B5     		push	{r7, lr}
 351              		.cfi_def_cfa_offset 8
 352              		.cfi_offset 7, -8
 353              		.cfi_offset 14, -4
 354 012a 82B0     		sub	sp, sp, #8
ARM GAS  C:\Users\munee\AppData\Local\Temp\ccGIzItB.s 			page 12


 355              		.cfi_def_cfa_offset 16
 356 012c 00AF     		add	r7, sp, #0
 357              		.cfi_def_cfa_register 7
 274:Generated_Source\PSoC4/cyfitter_cfg.c **** 	/* Disable interrupts by default. Let user enable if/when they want. */
 275:Generated_Source\PSoC4/cyfitter_cfg.c **** 	CyGlobalIntDisable;
 358              		.loc 1 275 0
 359              		.syntax divided
 360              	@ 275 "Generated_Source\PSoC4\cyfitter_cfg.c" 1
 361 012e 72B6     		CPSID   i
 362              	@ 0 "" 2
 276:Generated_Source\PSoC4/cyfitter_cfg.c **** 
 277:Generated_Source\PSoC4/cyfitter_cfg.c **** 	CY_SET_REG32((void *)(CYREG_BLE_BLESS_LL_DSM_CTRL), 0x00000000u);
 363              		.loc 1 277 0
 364              		.thumb
 365              		.syntax unified
 366 0130 314B     		ldr	r3, .L13
 367 0132 0022     		movs	r2, #0
 368 0134 1A60     		str	r2, [r3]
 369              	.LBB2:
 278:Generated_Source\PSoC4/cyfitter_cfg.c **** 
 279:Generated_Source\PSoC4/cyfitter_cfg.c **** 	{
 280:Generated_Source\PSoC4/cyfitter_cfg.c **** 
 281:Generated_Source\PSoC4/cyfitter_cfg.c **** 		CYPACKED typedef struct {
 282:Generated_Source\PSoC4/cyfitter_cfg.c **** 			void CYFAR *address;
 283:Generated_Source\PSoC4/cyfitter_cfg.c **** 			uint16 size;
 284:Generated_Source\PSoC4/cyfitter_cfg.c **** 		} CYPACKED_ATTR cfg_memset_t;
 285:Generated_Source\PSoC4/cyfitter_cfg.c **** 
 286:Generated_Source\PSoC4/cyfitter_cfg.c **** 		static const cfg_memset_t CYCODE cfg_memset_list[] = {
 287:Generated_Source\PSoC4/cyfitter_cfg.c **** 			/* address, size */
 288:Generated_Source\PSoC4/cyfitter_cfg.c **** 			{(void CYFAR *)(CYDEV_UDB_P0_U0_BASE), 1024u},
 289:Generated_Source\PSoC4/cyfitter_cfg.c **** 			{(void CYFAR *)(CYDEV_UDB_DSI0_BASE), 1024u},
 290:Generated_Source\PSoC4/cyfitter_cfg.c **** 		};
 291:Generated_Source\PSoC4/cyfitter_cfg.c **** 
 292:Generated_Source\PSoC4/cyfitter_cfg.c **** 		uint8 CYDATA i;
 293:Generated_Source\PSoC4/cyfitter_cfg.c **** 
 294:Generated_Source\PSoC4/cyfitter_cfg.c **** 		/* Zero out critical memory blocks before beginning configuration */
 295:Generated_Source\PSoC4/cyfitter_cfg.c **** 		for (i = 0u; i < (sizeof(cfg_memset_list)/sizeof(cfg_memset_list[0])); i++)
 370              		.loc 1 295 0
 371 0136 FB1D     		adds	r3, r7, #7
 372 0138 0022     		movs	r2, #0
 373 013a 1A70     		strb	r2, [r3]
 374 013c 22E0     		b	.L11
 375              	.L12:
 376              	.LBB3:
 296:Generated_Source\PSoC4/cyfitter_cfg.c **** 		{
 297:Generated_Source\PSoC4/cyfitter_cfg.c **** 			const cfg_memset_t CYCODE * CYDATA ms = &cfg_memset_list[i];
 377              		.loc 1 297 0 discriminator 3
 378 013e FB1D     		adds	r3, r7, #7
 379 0140 1A78     		ldrb	r2, [r3]
 380 0142 1300     		movs	r3, r2
 381 0144 5B00     		lsls	r3, r3, #1
 382 0146 9B18     		adds	r3, r3, r2
 383 0148 5B00     		lsls	r3, r3, #1
 384 014a 2C4A     		ldr	r2, .L13+4
 385 014c 9B18     		adds	r3, r3, r2
 386 014e 3B60     		str	r3, [r7]
 298:Generated_Source\PSoC4/cyfitter_cfg.c **** 			CYMEMZERO(ms->address, (size_t)(uint32)(ms->size));
ARM GAS  C:\Users\munee\AppData\Local\Temp\ccGIzItB.s 			page 13


 387              		.loc 1 298 0 discriminator 3
 388 0150 3B68     		ldr	r3, [r7]
 389 0152 1A78     		ldrb	r2, [r3]
 390 0154 5978     		ldrb	r1, [r3, #1]
 391 0156 0902     		lsls	r1, r1, #8
 392 0158 0A43     		orrs	r2, r1
 393 015a 9978     		ldrb	r1, [r3, #2]
 394 015c 0904     		lsls	r1, r1, #16
 395 015e 0A43     		orrs	r2, r1
 396 0160 DB78     		ldrb	r3, [r3, #3]
 397 0162 1B06     		lsls	r3, r3, #24
 398 0164 1343     		orrs	r3, r2
 399 0166 1800     		movs	r0, r3
 400 0168 3B68     		ldr	r3, [r7]
 401 016a 1A79     		ldrb	r2, [r3, #4]
 402 016c 5B79     		ldrb	r3, [r3, #5]
 403 016e 1B02     		lsls	r3, r3, #8
 404 0170 1343     		orrs	r3, r2
 405 0172 9BB2     		uxth	r3, r3
 406 0174 1900     		movs	r1, r3
 407 0176 FFF7FEFF 		bl	CYMEMZERO
 408              	.LBE3:
 295:Generated_Source\PSoC4/cyfitter_cfg.c **** 		{
 409              		.loc 1 295 0 discriminator 3
 410 017a FB1D     		adds	r3, r7, #7
 411 017c 1A78     		ldrb	r2, [r3]
 412 017e FB1D     		adds	r3, r7, #7
 413 0180 0132     		adds	r2, r2, #1
 414 0182 1A70     		strb	r2, [r3]
 415              	.L11:
 295:Generated_Source\PSoC4/cyfitter_cfg.c **** 		{
 416              		.loc 1 295 0 is_stmt 0 discriminator 1
 417 0184 FB1D     		adds	r3, r7, #7
 418 0186 1B78     		ldrb	r3, [r3]
 419 0188 012B     		cmp	r3, #1
 420 018a D8D9     		bls	.L12
 299:Generated_Source\PSoC4/cyfitter_cfg.c **** 		}
 300:Generated_Source\PSoC4/cyfitter_cfg.c **** 
 301:Generated_Source\PSoC4/cyfitter_cfg.c **** 		/* HSIOM Starting address: CYDEV_HSIOM_BASE */
 302:Generated_Source\PSoC4/cyfitter_cfg.c **** 		CY_SET_REG32((void *)(CYDEV_HSIOM_BASE), 0xEE000000u);
 421              		.loc 1 302 0 is_stmt 1
 422 018c 1C4B     		ldr	r3, .L13+8
 423 018e EE22     		movs	r2, #238
 424 0190 1206     		lsls	r2, r2, #24
 425 0192 1A60     		str	r2, [r3]
 303:Generated_Source\PSoC4/cyfitter_cfg.c **** 		CY_SET_REG32((void *)(CYREG_HSIOM_PORT_SEL1), 0x00990000u);
 426              		.loc 1 303 0
 427 0194 1B4B     		ldr	r3, .L13+12
 428 0196 9922     		movs	r2, #153
 429 0198 1204     		lsls	r2, r2, #16
 430 019a 1A60     		str	r2, [r3]
 304:Generated_Source\PSoC4/cyfitter_cfg.c **** 
 305:Generated_Source\PSoC4/cyfitter_cfg.c **** 		/* UDB_PA_0 Starting address: CYDEV_UDB_PA0_BASE */
 306:Generated_Source\PSoC4/cyfitter_cfg.c **** 		CY_SET_REG32((void *)(CYDEV_UDB_PA0_BASE), 0x00990000u);
 431              		.loc 1 306 0
 432 019c 1A4B     		ldr	r3, .L13+16
 433 019e 9922     		movs	r2, #153
ARM GAS  C:\Users\munee\AppData\Local\Temp\ccGIzItB.s 			page 14


 434 01a0 1204     		lsls	r2, r2, #16
 435 01a2 1A60     		str	r2, [r3]
 307:Generated_Source\PSoC4/cyfitter_cfg.c **** 
 308:Generated_Source\PSoC4/cyfitter_cfg.c **** 		/* UDB_PA_1 Starting address: CYDEV_UDB_PA1_BASE */
 309:Generated_Source\PSoC4/cyfitter_cfg.c **** 		CY_SET_REG32((void *)(CYDEV_UDB_PA1_BASE), 0x00990000u);
 436              		.loc 1 309 0
 437 01a4 194B     		ldr	r3, .L13+20
 438 01a6 9922     		movs	r2, #153
 439 01a8 1204     		lsls	r2, r2, #16
 440 01aa 1A60     		str	r2, [r3]
 310:Generated_Source\PSoC4/cyfitter_cfg.c **** 
 311:Generated_Source\PSoC4/cyfitter_cfg.c **** 		/* Enable digital routing */
 312:Generated_Source\PSoC4/cyfitter_cfg.c **** 		CY_SET_XTND_REG8((void *)CYREG_UDB_UDBIF_BANK_CTL, (uint8)(CY_GET_XTND_REG8((void *)CYREG_UDB_UDB
 441              		.loc 1 312 0
 442 01ac 184A     		ldr	r2, .L13+24
 443 01ae 184B     		ldr	r3, .L13+24
 444 01b0 1B78     		ldrb	r3, [r3]
 445 01b2 DBB2     		uxtb	r3, r3
 446 01b4 0621     		movs	r1, #6
 447 01b6 0B43     		orrs	r3, r1
 448 01b8 DBB2     		uxtb	r3, r3
 449 01ba 1370     		strb	r3, [r2]
 450              	.LBE2:
 313:Generated_Source\PSoC4/cyfitter_cfg.c **** 	}
 314:Generated_Source\PSoC4/cyfitter_cfg.c **** 
 315:Generated_Source\PSoC4/cyfitter_cfg.c **** 	/* Perform second pass device configuration. These items must be configured in specific order afte
 316:Generated_Source\PSoC4/cyfitter_cfg.c **** 	/* IOPINS0_0 Starting address: CYDEV_GPIO_PRT0_BASE */
 317:Generated_Source\PSoC4/cyfitter_cfg.c **** 	CY_SET_REG32((void *)(CYREG_GPIO_PRT0_PC), 0x00D80000u);
 451              		.loc 1 317 0
 452 01bc 154B     		ldr	r3, .L13+28
 453 01be D822     		movs	r2, #216
 454 01c0 1204     		lsls	r2, r2, #16
 455 01c2 1A60     		str	r2, [r3]
 318:Generated_Source\PSoC4/cyfitter_cfg.c **** 
 319:Generated_Source\PSoC4/cyfitter_cfg.c **** 	/* IOPINS0_1 Starting address: CYDEV_GPIO_PRT1_BASE */
 320:Generated_Source\PSoC4/cyfitter_cfg.c **** 	CY_SET_REG32((void *)(CYDEV_GPIO_PRT1_BASE), 0x00000060u);
 456              		.loc 1 320 0
 457 01c4 144B     		ldr	r3, .L13+32
 458 01c6 6022     		movs	r2, #96
 459 01c8 1A60     		str	r2, [r3]
 321:Generated_Source\PSoC4/cyfitter_cfg.c **** 	CY_SET_REG32((void *)(CYREG_GPIO_PRT1_PC), 0x00131000u);
 460              		.loc 1 321 0
 461 01ca 144B     		ldr	r3, .L13+36
 462 01cc 144A     		ldr	r2, .L13+40
 463 01ce 1A60     		str	r2, [r3]
 322:Generated_Source\PSoC4/cyfitter_cfg.c **** 	CY_SET_REG32((void *)(CYREG_GPIO_PRT1_PC2), 0x00000020u);
 464              		.loc 1 322 0
 465 01d0 144B     		ldr	r3, .L13+44
 466 01d2 2022     		movs	r2, #32
 467 01d4 1A60     		str	r2, [r3]
 323:Generated_Source\PSoC4/cyfitter_cfg.c **** 
 324:Generated_Source\PSoC4/cyfitter_cfg.c **** 	/* IOPINS0_4 Starting address: CYDEV_GPIO_PRT4_BASE */
 325:Generated_Source\PSoC4/cyfitter_cfg.c **** 	CY_SET_REG32((void *)(CYDEV_GPIO_PRT4_BASE), 0x00000002u);
 468              		.loc 1 325 0
 469 01d6 144B     		ldr	r3, .L13+48
 470 01d8 0222     		movs	r2, #2
 471 01da 1A60     		str	r2, [r3]
ARM GAS  C:\Users\munee\AppData\Local\Temp\ccGIzItB.s 			page 15


 326:Generated_Source\PSoC4/cyfitter_cfg.c **** 	CY_SET_REG32((void *)(CYREG_GPIO_PRT4_PC), 0x00000010u);
 472              		.loc 1 326 0
 473 01dc 134B     		ldr	r3, .L13+52
 474 01de 1022     		movs	r2, #16
 475 01e0 1A60     		str	r2, [r3]
 327:Generated_Source\PSoC4/cyfitter_cfg.c **** 	CY_SET_REG32((void *)(CYREG_GPIO_PRT4_INTR_CFG), 0x0000000Cu);
 476              		.loc 1 327 0
 477 01e2 134B     		ldr	r3, .L13+56
 478 01e4 0C22     		movs	r2, #12
 479 01e6 1A60     		str	r2, [r3]
 328:Generated_Source\PSoC4/cyfitter_cfg.c **** 
 329:Generated_Source\PSoC4/cyfitter_cfg.c **** 
 330:Generated_Source\PSoC4/cyfitter_cfg.c **** 	/* Setup clocks based on selections from Clock DWR */
 331:Generated_Source\PSoC4/cyfitter_cfg.c **** 	ClockSetup();
 480              		.loc 1 331 0
 481 01e8 FFF70AFF 		bl	ClockSetup
 332:Generated_Source\PSoC4/cyfitter_cfg.c **** 
 333:Generated_Source\PSoC4/cyfitter_cfg.c **** 	/* Perform basic analog initialization to defaults */
 334:Generated_Source\PSoC4/cyfitter_cfg.c **** 	AnalogSetDefault();
 482              		.loc 1 334 0
 483 01ec FFF7FEFF 		bl	AnalogSetDefault
 335:Generated_Source\PSoC4/cyfitter_cfg.c **** 
 336:Generated_Source\PSoC4/cyfitter_cfg.c **** }
 484              		.loc 1 336 0
 485 01f0 C046     		nop
 486 01f2 BD46     		mov	sp, r7
 487 01f4 02B0     		add	sp, sp, #8
 488              		@ sp needed
 489 01f6 80BD     		pop	{r7, pc}
 490              	.L14:
 491              		.align	2
 492              	.L13:
 493 01f8 6CF02E40 		.word	1076818028
 494 01fc 00000000 		.word	cfg_memset_list.4884
 495 0200 00000240 		.word	1073872896
 496 0204 00010240 		.word	1073873152
 497 0208 00500F40 		.word	1074745344
 498 020c 10500F40 		.word	1074745360
 499 0210 00700F40 		.word	1074753536
 500 0214 08000440 		.word	1074003976
 501 0218 00010440 		.word	1074004224
 502 021c 08010440 		.word	1074004232
 503 0220 00101300 		.word	1249280
 504 0224 18010440 		.word	1074004248
 505 0228 00040440 		.word	1074004992
 506 022c 08040440 		.word	1074005000
 507 0230 0C040440 		.word	1074005004
 508              		.cfi_endproc
 509              	.LFE7:
 510              		.size	cyfitter_cfg, .-cyfitter_cfg
 511              		.section	.rodata
 512              		.align	2
 513              		.type	cfg_memset_list.4884, %object
 514              		.size	cfg_memset_list.4884, 12
 515              	cfg_memset_list.4884:
 516 0000 00300F40 		.word	1074737152
 517 0004 0004     		.short	1024
ARM GAS  C:\Users\munee\AppData\Local\Temp\ccGIzItB.s 			page 16


 518 0006 00400F40 		.4byte	1074741248
 519 000a 0004     		.short	1024
 520              		.text
 521              	.Letext0:
 522              		.file 2 "c:\\program files (x86)\\cypress\\psoc creator\\4.2\\psoc creator\\import\\gnu\\arm\\5.4.
 523              		.file 3 "Generated_Source\\PSoC4\\cytypes.h"
 524              		.section	.debug_info,"",%progbits
 525              	.Ldebug_info0:
 526 0000 55020000 		.4byte	0x255
 527 0004 0400     		.2byte	0x4
 528 0006 00000000 		.4byte	.Ldebug_abbrev0
 529 000a 04       		.byte	0x4
 530 000b 01       		.uleb128 0x1
 531 000c C9000000 		.4byte	.LASF30
 532 0010 0C       		.byte	0xc
 533 0011 07020000 		.4byte	.LASF31
 534 0015 39000000 		.4byte	.LASF32
 535 0019 00000000 		.4byte	.Ldebug_ranges0+0
 536 001d 00000000 		.4byte	0
 537 0021 00000000 		.4byte	.Ldebug_line0
 538 0025 02       		.uleb128 0x2
 539 0026 04       		.byte	0x4
 540 0027 05       		.byte	0x5
 541 0028 696E7400 		.ascii	"int\000"
 542 002c 03       		.uleb128 0x3
 543 002d 06000000 		.4byte	.LASF12
 544 0031 02       		.byte	0x2
 545 0032 D8       		.byte	0xd8
 546 0033 37000000 		.4byte	0x37
 547 0037 04       		.uleb128 0x4
 548 0038 04       		.byte	0x4
 549 0039 07       		.byte	0x7
 550 003a 87010000 		.4byte	.LASF0
 551 003e 04       		.uleb128 0x4
 552 003f 08       		.byte	0x8
 553 0040 05       		.byte	0x5
 554 0041 C9010000 		.4byte	.LASF1
 555 0045 04       		.uleb128 0x4
 556 0046 08       		.byte	0x8
 557 0047 04       		.byte	0x4
 558 0048 EF010000 		.4byte	.LASF2
 559 004c 04       		.uleb128 0x4
 560 004d 01       		.byte	0x1
 561 004e 06       		.byte	0x6
 562 004f FB010000 		.4byte	.LASF3
 563 0053 04       		.uleb128 0x4
 564 0054 01       		.byte	0x1
 565 0055 08       		.byte	0x8
 566 0056 57010000 		.4byte	.LASF4
 567 005a 04       		.uleb128 0x4
 568 005b 02       		.byte	0x2
 569 005c 05       		.byte	0x5
 570 005d DC010000 		.4byte	.LASF5
 571 0061 04       		.uleb128 0x4
 572 0062 02       		.byte	0x2
 573 0063 07       		.byte	0x7
 574 0064 7F000000 		.4byte	.LASF6
ARM GAS  C:\Users\munee\AppData\Local\Temp\ccGIzItB.s 			page 17


 575 0068 04       		.uleb128 0x4
 576 0069 04       		.byte	0x4
 577 006a 05       		.byte	0x5
 578 006b E6010000 		.4byte	.LASF7
 579 006f 04       		.uleb128 0x4
 580 0070 04       		.byte	0x4
 581 0071 07       		.byte	0x7
 582 0072 A7000000 		.4byte	.LASF8
 583 0076 04       		.uleb128 0x4
 584 0077 08       		.byte	0x8
 585 0078 07       		.byte	0x7
 586 0079 9C010000 		.4byte	.LASF9
 587 007d 04       		.uleb128 0x4
 588 007e 04       		.byte	0x4
 589 007f 07       		.byte	0x7
 590 0080 C0010000 		.4byte	.LASF10
 591 0084 05       		.uleb128 0x5
 592 0085 04       		.byte	0x4
 593 0086 04       		.uleb128 0x4
 594 0087 01       		.byte	0x1
 595 0088 08       		.byte	0x8
 596 0089 D7010000 		.4byte	.LASF11
 597 008d 06       		.uleb128 0x6
 598 008e B9000000 		.4byte	.LASF13
 599 0092 03       		.byte	0x3
 600 0093 D201     		.2byte	0x1d2
 601 0095 53000000 		.4byte	0x53
 602 0099 06       		.uleb128 0x6
 603 009a 79010000 		.4byte	.LASF14
 604 009e 03       		.byte	0x3
 605 009f D301     		.2byte	0x1d3
 606 00a1 61000000 		.4byte	0x61
 607 00a5 06       		.uleb128 0x6
 608 00a6 80010000 		.4byte	.LASF15
 609 00aa 03       		.byte	0x3
 610 00ab D401     		.2byte	0x1d4
 611 00ad 6F000000 		.4byte	0x6f
 612 00b1 04       		.uleb128 0x4
 613 00b2 04       		.byte	0x4
 614 00b3 04       		.byte	0x4
 615 00b4 92000000 		.4byte	.LASF16
 616 00b8 04       		.uleb128 0x4
 617 00b9 08       		.byte	0x8
 618 00ba 04       		.byte	0x4
 619 00bb 65010000 		.4byte	.LASF17
 620 00bf 06       		.uleb128 0x6
 621 00c0 A2000000 		.4byte	.LASF18
 622 00c4 03       		.byte	0x3
 623 00c5 7C02     		.2byte	0x27c
 624 00c7 CB000000 		.4byte	0xcb
 625 00cb 07       		.uleb128 0x7
 626 00cc 8D000000 		.4byte	0x8d
 627 00d0 06       		.uleb128 0x6
 628 00d1 00000000 		.4byte	.LASF19
 629 00d5 03       		.byte	0x3
 630 00d6 7E02     		.2byte	0x27e
 631 00d8 DC000000 		.4byte	0xdc
ARM GAS  C:\Users\munee\AppData\Local\Temp\ccGIzItB.s 			page 18


 632 00dc 07       		.uleb128 0x7
 633 00dd A5000000 		.4byte	0xa5
 634 00e1 08       		.uleb128 0x8
 635 00e2 BF000000 		.4byte	.LASF20
 636 00e6 01       		.byte	0x1
 637 00e7 4C       		.byte	0x4c
 638 00e8 00000000 		.4byte	.LFB2
 639 00ec 1E000000 		.4byte	.LFE2-.LFB2
 640 00f0 01       		.uleb128 0x1
 641 00f1 9C       		.byte	0x9c
 642 00f2 0F010000 		.4byte	0x10f
 643 00f6 09       		.uleb128 0x9
 644 00f7 7300     		.ascii	"s\000"
 645 00f9 01       		.byte	0x1
 646 00fa 4C       		.byte	0x4c
 647 00fb 84000000 		.4byte	0x84
 648 00ff 02       		.uleb128 0x2
 649 0100 91       		.byte	0x91
 650 0101 74       		.sleb128 -12
 651 0102 09       		.uleb128 0x9
 652 0103 6E00     		.ascii	"n\000"
 653 0105 01       		.byte	0x1
 654 0106 4C       		.byte	0x4c
 655 0107 2C000000 		.4byte	0x2c
 656 010b 02       		.uleb128 0x2
 657 010c 91       		.byte	0x91
 658 010d 70       		.sleb128 -16
 659 010e 00       		.byte	0
 660 010f 08       		.uleb128 0x8
 661 0110 3D020000 		.4byte	.LASF21
 662 0114 01       		.byte	0x1
 663 0115 53       		.byte	0x53
 664 0116 00000000 		.4byte	.LFB3
 665 011a 20000000 		.4byte	.LFE3-.LFB3
 666 011e 01       		.uleb128 0x1
 667 011f 9C       		.byte	0x9c
 668 0120 4D010000 		.4byte	0x14d
 669 0124 0A       		.uleb128 0xa
 670 0125 98000000 		.4byte	.LASF22
 671 0129 01       		.byte	0x1
 672 012a 53       		.byte	0x53
 673 012b 84000000 		.4byte	0x84
 674 012f 02       		.uleb128 0x2
 675 0130 91       		.byte	0x91
 676 0131 74       		.sleb128 -12
 677 0132 09       		.uleb128 0x9
 678 0133 73726300 		.ascii	"src\000"
 679 0137 01       		.byte	0x1
 680 0138 53       		.byte	0x53
 681 0139 4D010000 		.4byte	0x14d
 682 013d 02       		.uleb128 0x2
 683 013e 91       		.byte	0x91
 684 013f 70       		.sleb128 -16
 685 0140 09       		.uleb128 0x9
 686 0141 6E00     		.ascii	"n\000"
 687 0143 01       		.byte	0x1
 688 0144 53       		.byte	0x53
ARM GAS  C:\Users\munee\AppData\Local\Temp\ccGIzItB.s 			page 19


 689 0145 2C000000 		.4byte	0x2c
 690 0149 02       		.uleb128 0x2
 691 014a 91       		.byte	0x91
 692 014b 6C       		.sleb128 -20
 693 014c 00       		.byte	0
 694 014d 0B       		.uleb128 0xb
 695 014e 04       		.byte	0x4
 696 014f 53010000 		.4byte	0x153
 697 0153 0C       		.uleb128 0xc
 698 0154 08       		.uleb128 0x8
 699 0155 2D020000 		.4byte	.LASF23
 700 0159 01       		.byte	0x1
 701 015a 5A       		.byte	0x5a
 702 015b 00000000 		.4byte	.LFB4
 703 015f 20000000 		.4byte	.LFE4-.LFB4
 704 0163 01       		.uleb128 0x1
 705 0164 9C       		.byte	0x9c
 706 0165 92010000 		.4byte	0x192
 707 0169 0A       		.uleb128 0xa
 708 016a 98000000 		.4byte	.LASF22
 709 016e 01       		.byte	0x1
 710 016f 5A       		.byte	0x5a
 711 0170 84000000 		.4byte	0x84
 712 0174 02       		.uleb128 0x2
 713 0175 91       		.byte	0x91
 714 0176 74       		.sleb128 -12
 715 0177 09       		.uleb128 0x9
 716 0178 73726300 		.ascii	"src\000"
 717 017c 01       		.byte	0x1
 718 017d 5A       		.byte	0x5a
 719 017e 4D010000 		.4byte	0x14d
 720 0182 02       		.uleb128 0x2
 721 0183 91       		.byte	0x91
 722 0184 70       		.sleb128 -16
 723 0185 09       		.uleb128 0x9
 724 0186 6E00     		.ascii	"n\000"
 725 0188 01       		.byte	0x1
 726 0189 5A       		.byte	0x5a
 727 018a 2C000000 		.4byte	0x2c
 728 018e 02       		.uleb128 0x2
 729 018f 91       		.byte	0x91
 730 0190 6C       		.sleb128 -20
 731 0191 00       		.byte	0
 732 0192 0D       		.uleb128 0xd
 733 0193 2E000000 		.4byte	.LASF24
 734 0197 01       		.byte	0x1
 735 0198 A9       		.byte	0xa9
 736 0199 00000000 		.4byte	.LFB5
 737 019d 28010000 		.4byte	.LFE5-.LFB5
 738 01a1 01       		.uleb128 0x1
 739 01a2 9C       		.byte	0x9c
 740 01a3 0E       		.uleb128 0xe
 741 01a4 0D000000 		.4byte	.LASF25
 742 01a8 01       		.byte	0x1
 743 01a9 F5       		.byte	0xf5
 744 01aa 00000000 		.4byte	.LFB6
 745 01ae 28000000 		.4byte	.LFE6-.LFB6
ARM GAS  C:\Users\munee\AppData\Local\Temp\ccGIzItB.s 			page 20


 746 01b2 01       		.uleb128 0x1
 747 01b3 9C       		.byte	0x9c
 748 01b4 0F       		.uleb128 0xf
 749 01b5 6C010000 		.4byte	.LASF33
 750 01b9 01       		.byte	0x1
 751 01ba 1001     		.2byte	0x110
 752 01bc 28010000 		.4byte	.LFB7
 753 01c0 0C010000 		.4byte	.LFE7-.LFB7
 754 01c4 01       		.uleb128 0x1
 755 01c5 9C       		.byte	0x9c
 756 01c6 10       		.uleb128 0x10
 757 01c7 36010000 		.4byte	.LBB2
 758 01cb 86000000 		.4byte	.LBE2-.LBB2
 759 01cf 11       		.uleb128 0x11
 760 01d0 06       		.byte	0x6
 761 01d1 01       		.byte	0x1
 762 01d2 1901     		.2byte	0x119
 763 01d4 F3010000 		.4byte	0x1f3
 764 01d8 12       		.uleb128 0x12
 765 01d9 94010000 		.4byte	.LASF26
 766 01dd 01       		.byte	0x1
 767 01de 1A01     		.2byte	0x11a
 768 01e0 84000000 		.4byte	0x84
 769 01e4 00       		.byte	0
 770 01e5 12       		.uleb128 0x12
 771 01e6 9D000000 		.4byte	.LASF27
 772 01ea 01       		.byte	0x1
 773 01eb 1B01     		.2byte	0x11b
 774 01ed 99000000 		.4byte	0x99
 775 01f1 04       		.byte	0x4
 776 01f2 00       		.byte	0
 777 01f3 06       		.uleb128 0x6
 778 01f4 B3010000 		.4byte	.LASF28
 779 01f8 01       		.byte	0x1
 780 01f9 1C01     		.2byte	0x11c
 781 01fb CF010000 		.4byte	0x1cf
 782 01ff 13       		.uleb128 0x13
 783 0200 0F020000 		.4byte	0x20f
 784 0204 0F020000 		.4byte	0x20f
 785 0208 14       		.uleb128 0x14
 786 0209 7D000000 		.4byte	0x7d
 787 020d 01       		.byte	0x1
 788 020e 00       		.byte	0
 789 020f 15       		.uleb128 0x15
 790 0210 F3010000 		.4byte	0x1f3
 791 0214 16       		.uleb128 0x16
 792 0215 1E000000 		.4byte	.LASF29
 793 0219 01       		.byte	0x1
 794 021a 1E01     		.2byte	0x11e
 795 021c 26020000 		.4byte	0x226
 796 0220 05       		.uleb128 0x5
 797 0221 03       		.byte	0x3
 798 0222 00000000 		.4byte	cfg_memset_list.4884
 799 0226 15       		.uleb128 0x15
 800 0227 FF010000 		.4byte	0x1ff
 801 022b 17       		.uleb128 0x17
 802 022c 6900     		.ascii	"i\000"
ARM GAS  C:\Users\munee\AppData\Local\Temp\ccGIzItB.s 			page 21


 803 022e 01       		.byte	0x1
 804 022f 2401     		.2byte	0x124
 805 0231 8D000000 		.4byte	0x8d
 806 0235 02       		.uleb128 0x2
 807 0236 91       		.byte	0x91
 808 0237 77       		.sleb128 -9
 809 0238 10       		.uleb128 0x10
 810 0239 3E010000 		.4byte	.LBB3
 811 023d 3C000000 		.4byte	.LBE3-.LBB3
 812 0241 17       		.uleb128 0x17
 813 0242 6D7300   		.ascii	"ms\000"
 814 0245 01       		.byte	0x1
 815 0246 2901     		.2byte	0x129
 816 0248 4F020000 		.4byte	0x24f
 817 024c 02       		.uleb128 0x2
 818 024d 91       		.byte	0x91
 819 024e 70       		.sleb128 -16
 820 024f 0B       		.uleb128 0xb
 821 0250 04       		.byte	0x4
 822 0251 0F020000 		.4byte	0x20f
 823 0255 00       		.byte	0
 824 0256 00       		.byte	0
 825 0257 00       		.byte	0
 826 0258 00       		.byte	0
 827              		.section	.debug_abbrev,"",%progbits
 828              	.Ldebug_abbrev0:
 829 0000 01       		.uleb128 0x1
 830 0001 11       		.uleb128 0x11
 831 0002 01       		.byte	0x1
 832 0003 25       		.uleb128 0x25
 833 0004 0E       		.uleb128 0xe
 834 0005 13       		.uleb128 0x13
 835 0006 0B       		.uleb128 0xb
 836 0007 03       		.uleb128 0x3
 837 0008 0E       		.uleb128 0xe
 838 0009 1B       		.uleb128 0x1b
 839 000a 0E       		.uleb128 0xe
 840 000b 55       		.uleb128 0x55
 841 000c 17       		.uleb128 0x17
 842 000d 11       		.uleb128 0x11
 843 000e 01       		.uleb128 0x1
 844 000f 10       		.uleb128 0x10
 845 0010 17       		.uleb128 0x17
 846 0011 00       		.byte	0
 847 0012 00       		.byte	0
 848 0013 02       		.uleb128 0x2
 849 0014 24       		.uleb128 0x24
 850 0015 00       		.byte	0
 851 0016 0B       		.uleb128 0xb
 852 0017 0B       		.uleb128 0xb
 853 0018 3E       		.uleb128 0x3e
 854 0019 0B       		.uleb128 0xb
 855 001a 03       		.uleb128 0x3
 856 001b 08       		.uleb128 0x8
 857 001c 00       		.byte	0
 858 001d 00       		.byte	0
 859 001e 03       		.uleb128 0x3
ARM GAS  C:\Users\munee\AppData\Local\Temp\ccGIzItB.s 			page 22


 860 001f 16       		.uleb128 0x16
 861 0020 00       		.byte	0
 862 0021 03       		.uleb128 0x3
 863 0022 0E       		.uleb128 0xe
 864 0023 3A       		.uleb128 0x3a
 865 0024 0B       		.uleb128 0xb
 866 0025 3B       		.uleb128 0x3b
 867 0026 0B       		.uleb128 0xb
 868 0027 49       		.uleb128 0x49
 869 0028 13       		.uleb128 0x13
 870 0029 00       		.byte	0
 871 002a 00       		.byte	0
 872 002b 04       		.uleb128 0x4
 873 002c 24       		.uleb128 0x24
 874 002d 00       		.byte	0
 875 002e 0B       		.uleb128 0xb
 876 002f 0B       		.uleb128 0xb
 877 0030 3E       		.uleb128 0x3e
 878 0031 0B       		.uleb128 0xb
 879 0032 03       		.uleb128 0x3
 880 0033 0E       		.uleb128 0xe
 881 0034 00       		.byte	0
 882 0035 00       		.byte	0
 883 0036 05       		.uleb128 0x5
 884 0037 0F       		.uleb128 0xf
 885 0038 00       		.byte	0
 886 0039 0B       		.uleb128 0xb
 887 003a 0B       		.uleb128 0xb
 888 003b 00       		.byte	0
 889 003c 00       		.byte	0
 890 003d 06       		.uleb128 0x6
 891 003e 16       		.uleb128 0x16
 892 003f 00       		.byte	0
 893 0040 03       		.uleb128 0x3
 894 0041 0E       		.uleb128 0xe
 895 0042 3A       		.uleb128 0x3a
 896 0043 0B       		.uleb128 0xb
 897 0044 3B       		.uleb128 0x3b
 898 0045 05       		.uleb128 0x5
 899 0046 49       		.uleb128 0x49
 900 0047 13       		.uleb128 0x13
 901 0048 00       		.byte	0
 902 0049 00       		.byte	0
 903 004a 07       		.uleb128 0x7
 904 004b 35       		.uleb128 0x35
 905 004c 00       		.byte	0
 906 004d 49       		.uleb128 0x49
 907 004e 13       		.uleb128 0x13
 908 004f 00       		.byte	0
 909 0050 00       		.byte	0
 910 0051 08       		.uleb128 0x8
 911 0052 2E       		.uleb128 0x2e
 912 0053 01       		.byte	0x1
 913 0054 03       		.uleb128 0x3
 914 0055 0E       		.uleb128 0xe
 915 0056 3A       		.uleb128 0x3a
 916 0057 0B       		.uleb128 0xb
ARM GAS  C:\Users\munee\AppData\Local\Temp\ccGIzItB.s 			page 23


 917 0058 3B       		.uleb128 0x3b
 918 0059 0B       		.uleb128 0xb
 919 005a 27       		.uleb128 0x27
 920 005b 19       		.uleb128 0x19
 921 005c 11       		.uleb128 0x11
 922 005d 01       		.uleb128 0x1
 923 005e 12       		.uleb128 0x12
 924 005f 06       		.uleb128 0x6
 925 0060 40       		.uleb128 0x40
 926 0061 18       		.uleb128 0x18
 927 0062 9642     		.uleb128 0x2116
 928 0064 19       		.uleb128 0x19
 929 0065 01       		.uleb128 0x1
 930 0066 13       		.uleb128 0x13
 931 0067 00       		.byte	0
 932 0068 00       		.byte	0
 933 0069 09       		.uleb128 0x9
 934 006a 05       		.uleb128 0x5
 935 006b 00       		.byte	0
 936 006c 03       		.uleb128 0x3
 937 006d 08       		.uleb128 0x8
 938 006e 3A       		.uleb128 0x3a
 939 006f 0B       		.uleb128 0xb
 940 0070 3B       		.uleb128 0x3b
 941 0071 0B       		.uleb128 0xb
 942 0072 49       		.uleb128 0x49
 943 0073 13       		.uleb128 0x13
 944 0074 02       		.uleb128 0x2
 945 0075 18       		.uleb128 0x18
 946 0076 00       		.byte	0
 947 0077 00       		.byte	0
 948 0078 0A       		.uleb128 0xa
 949 0079 05       		.uleb128 0x5
 950 007a 00       		.byte	0
 951 007b 03       		.uleb128 0x3
 952 007c 0E       		.uleb128 0xe
 953 007d 3A       		.uleb128 0x3a
 954 007e 0B       		.uleb128 0xb
 955 007f 3B       		.uleb128 0x3b
 956 0080 0B       		.uleb128 0xb
 957 0081 49       		.uleb128 0x49
 958 0082 13       		.uleb128 0x13
 959 0083 02       		.uleb128 0x2
 960 0084 18       		.uleb128 0x18
 961 0085 00       		.byte	0
 962 0086 00       		.byte	0
 963 0087 0B       		.uleb128 0xb
 964 0088 0F       		.uleb128 0xf
 965 0089 00       		.byte	0
 966 008a 0B       		.uleb128 0xb
 967 008b 0B       		.uleb128 0xb
 968 008c 49       		.uleb128 0x49
 969 008d 13       		.uleb128 0x13
 970 008e 00       		.byte	0
 971 008f 00       		.byte	0
 972 0090 0C       		.uleb128 0xc
 973 0091 26       		.uleb128 0x26
ARM GAS  C:\Users\munee\AppData\Local\Temp\ccGIzItB.s 			page 24


 974 0092 00       		.byte	0
 975 0093 00       		.byte	0
 976 0094 00       		.byte	0
 977 0095 0D       		.uleb128 0xd
 978 0096 2E       		.uleb128 0x2e
 979 0097 00       		.byte	0
 980 0098 03       		.uleb128 0x3
 981 0099 0E       		.uleb128 0xe
 982 009a 3A       		.uleb128 0x3a
 983 009b 0B       		.uleb128 0xb
 984 009c 3B       		.uleb128 0x3b
 985 009d 0B       		.uleb128 0xb
 986 009e 27       		.uleb128 0x27
 987 009f 19       		.uleb128 0x19
 988 00a0 11       		.uleb128 0x11
 989 00a1 01       		.uleb128 0x1
 990 00a2 12       		.uleb128 0x12
 991 00a3 06       		.uleb128 0x6
 992 00a4 40       		.uleb128 0x40
 993 00a5 18       		.uleb128 0x18
 994 00a6 9642     		.uleb128 0x2116
 995 00a8 19       		.uleb128 0x19
 996 00a9 00       		.byte	0
 997 00aa 00       		.byte	0
 998 00ab 0E       		.uleb128 0xe
 999 00ac 2E       		.uleb128 0x2e
 1000 00ad 00       		.byte	0
 1001 00ae 03       		.uleb128 0x3
 1002 00af 0E       		.uleb128 0xe
 1003 00b0 3A       		.uleb128 0x3a
 1004 00b1 0B       		.uleb128 0xb
 1005 00b2 3B       		.uleb128 0x3b
 1006 00b3 0B       		.uleb128 0xb
 1007 00b4 27       		.uleb128 0x27
 1008 00b5 19       		.uleb128 0x19
 1009 00b6 11       		.uleb128 0x11
 1010 00b7 01       		.uleb128 0x1
 1011 00b8 12       		.uleb128 0x12
 1012 00b9 06       		.uleb128 0x6
 1013 00ba 40       		.uleb128 0x40
 1014 00bb 18       		.uleb128 0x18
 1015 00bc 9742     		.uleb128 0x2117
 1016 00be 19       		.uleb128 0x19
 1017 00bf 00       		.byte	0
 1018 00c0 00       		.byte	0
 1019 00c1 0F       		.uleb128 0xf
 1020 00c2 2E       		.uleb128 0x2e
 1021 00c3 01       		.byte	0x1
 1022 00c4 3F       		.uleb128 0x3f
 1023 00c5 19       		.uleb128 0x19
 1024 00c6 03       		.uleb128 0x3
 1025 00c7 0E       		.uleb128 0xe
 1026 00c8 3A       		.uleb128 0x3a
 1027 00c9 0B       		.uleb128 0xb
 1028 00ca 3B       		.uleb128 0x3b
 1029 00cb 05       		.uleb128 0x5
 1030 00cc 27       		.uleb128 0x27
ARM GAS  C:\Users\munee\AppData\Local\Temp\ccGIzItB.s 			page 25


 1031 00cd 19       		.uleb128 0x19
 1032 00ce 11       		.uleb128 0x11
 1033 00cf 01       		.uleb128 0x1
 1034 00d0 12       		.uleb128 0x12
 1035 00d1 06       		.uleb128 0x6
 1036 00d2 40       		.uleb128 0x40
 1037 00d3 18       		.uleb128 0x18
 1038 00d4 9642     		.uleb128 0x2116
 1039 00d6 19       		.uleb128 0x19
 1040 00d7 00       		.byte	0
 1041 00d8 00       		.byte	0
 1042 00d9 10       		.uleb128 0x10
 1043 00da 0B       		.uleb128 0xb
 1044 00db 01       		.byte	0x1
 1045 00dc 11       		.uleb128 0x11
 1046 00dd 01       		.uleb128 0x1
 1047 00de 12       		.uleb128 0x12
 1048 00df 06       		.uleb128 0x6
 1049 00e0 00       		.byte	0
 1050 00e1 00       		.byte	0
 1051 00e2 11       		.uleb128 0x11
 1052 00e3 13       		.uleb128 0x13
 1053 00e4 01       		.byte	0x1
 1054 00e5 0B       		.uleb128 0xb
 1055 00e6 0B       		.uleb128 0xb
 1056 00e7 3A       		.uleb128 0x3a
 1057 00e8 0B       		.uleb128 0xb
 1058 00e9 3B       		.uleb128 0x3b
 1059 00ea 05       		.uleb128 0x5
 1060 00eb 01       		.uleb128 0x1
 1061 00ec 13       		.uleb128 0x13
 1062 00ed 00       		.byte	0
 1063 00ee 00       		.byte	0
 1064 00ef 12       		.uleb128 0x12
 1065 00f0 0D       		.uleb128 0xd
 1066 00f1 00       		.byte	0
 1067 00f2 03       		.uleb128 0x3
 1068 00f3 0E       		.uleb128 0xe
 1069 00f4 3A       		.uleb128 0x3a
 1070 00f5 0B       		.uleb128 0xb
 1071 00f6 3B       		.uleb128 0x3b
 1072 00f7 05       		.uleb128 0x5
 1073 00f8 49       		.uleb128 0x49
 1074 00f9 13       		.uleb128 0x13
 1075 00fa 38       		.uleb128 0x38
 1076 00fb 0B       		.uleb128 0xb
 1077 00fc 00       		.byte	0
 1078 00fd 00       		.byte	0
 1079 00fe 13       		.uleb128 0x13
 1080 00ff 01       		.uleb128 0x1
 1081 0100 01       		.byte	0x1
 1082 0101 49       		.uleb128 0x49
 1083 0102 13       		.uleb128 0x13
 1084 0103 01       		.uleb128 0x1
 1085 0104 13       		.uleb128 0x13
 1086 0105 00       		.byte	0
 1087 0106 00       		.byte	0
ARM GAS  C:\Users\munee\AppData\Local\Temp\ccGIzItB.s 			page 26


 1088 0107 14       		.uleb128 0x14
 1089 0108 21       		.uleb128 0x21
 1090 0109 00       		.byte	0
 1091 010a 49       		.uleb128 0x49
 1092 010b 13       		.uleb128 0x13
 1093 010c 2F       		.uleb128 0x2f
 1094 010d 0B       		.uleb128 0xb
 1095 010e 00       		.byte	0
 1096 010f 00       		.byte	0
 1097 0110 15       		.uleb128 0x15
 1098 0111 26       		.uleb128 0x26
 1099 0112 00       		.byte	0
 1100 0113 49       		.uleb128 0x49
 1101 0114 13       		.uleb128 0x13
 1102 0115 00       		.byte	0
 1103 0116 00       		.byte	0
 1104 0117 16       		.uleb128 0x16
 1105 0118 34       		.uleb128 0x34
 1106 0119 00       		.byte	0
 1107 011a 03       		.uleb128 0x3
 1108 011b 0E       		.uleb128 0xe
 1109 011c 3A       		.uleb128 0x3a
 1110 011d 0B       		.uleb128 0xb
 1111 011e 3B       		.uleb128 0x3b
 1112 011f 05       		.uleb128 0x5
 1113 0120 49       		.uleb128 0x49
 1114 0121 13       		.uleb128 0x13
 1115 0122 02       		.uleb128 0x2
 1116 0123 18       		.uleb128 0x18
 1117 0124 00       		.byte	0
 1118 0125 00       		.byte	0
 1119 0126 17       		.uleb128 0x17
 1120 0127 34       		.uleb128 0x34
 1121 0128 00       		.byte	0
 1122 0129 03       		.uleb128 0x3
 1123 012a 08       		.uleb128 0x8
 1124 012b 3A       		.uleb128 0x3a
 1125 012c 0B       		.uleb128 0xb
 1126 012d 3B       		.uleb128 0x3b
 1127 012e 05       		.uleb128 0x5
 1128 012f 49       		.uleb128 0x49
 1129 0130 13       		.uleb128 0x13
 1130 0131 02       		.uleb128 0x2
 1131 0132 18       		.uleb128 0x18
 1132 0133 00       		.byte	0
 1133 0134 00       		.byte	0
 1134 0135 00       		.byte	0
 1135              		.section	.debug_aranges,"",%progbits
 1136 0000 44000000 		.4byte	0x44
 1137 0004 0200     		.2byte	0x2
 1138 0006 00000000 		.4byte	.Ldebug_info0
 1139 000a 04       		.byte	0x4
 1140 000b 00       		.byte	0
 1141 000c 0000     		.2byte	0
 1142 000e 0000     		.2byte	0
 1143 0010 00000000 		.4byte	.LFB2
 1144 0014 1E000000 		.4byte	.LFE2-.LFB2
ARM GAS  C:\Users\munee\AppData\Local\Temp\ccGIzItB.s 			page 27


 1145 0018 00000000 		.4byte	.LFB3
 1146 001c 20000000 		.4byte	.LFE3-.LFB3
 1147 0020 00000000 		.4byte	.LFB4
 1148 0024 20000000 		.4byte	.LFE4-.LFB4
 1149 0028 00000000 		.4byte	.LFB5
 1150 002c 28010000 		.4byte	.LFE5-.LFB5
 1151 0030 00000000 		.4byte	.LFB6
 1152 0034 28000000 		.4byte	.LFE6-.LFB6
 1153 0038 28010000 		.4byte	.LFB7
 1154 003c 0C010000 		.4byte	.LFE7-.LFB7
 1155 0040 00000000 		.4byte	0
 1156 0044 00000000 		.4byte	0
 1157              		.section	.debug_ranges,"",%progbits
 1158              	.Ldebug_ranges0:
 1159 0000 00000000 		.4byte	.LFB2
 1160 0004 1E000000 		.4byte	.LFE2
 1161 0008 00000000 		.4byte	.LFB3
 1162 000c 20000000 		.4byte	.LFE3
 1163 0010 00000000 		.4byte	.LFB4
 1164 0014 20000000 		.4byte	.LFE4
 1165 0018 00000000 		.4byte	.LFB5
 1166 001c 28010000 		.4byte	.LFE5
 1167 0020 00000000 		.4byte	.LFB6
 1168 0024 28000000 		.4byte	.LFE6
 1169 0028 28010000 		.4byte	.LFB7
 1170 002c 34020000 		.4byte	.LFE7
 1171 0030 00000000 		.4byte	0
 1172 0034 00000000 		.4byte	0
 1173              		.section	.debug_line,"",%progbits
 1174              	.Ldebug_line0:
 1175 0000 76010000 		.section	.debug_str,"MS",%progbits,1
 1175      0200CB00 
 1175      00000201 
 1175      FB0E0D00 
 1175      01010101 
 1176              	.LASF19:
 1177 0000 72656733 		.ascii	"reg32\000"
 1177      3200
 1178              	.LASF12:
 1179 0006 73697A65 		.ascii	"size_t\000"
 1179      5F7400
 1180              	.LASF25:
 1181 000d 416E616C 		.ascii	"AnalogSetDefault\000"
 1181      6F675365 
 1181      74446566 
 1181      61756C74 
 1181      00
 1182              	.LASF29:
 1183 001e 6366675F 		.ascii	"cfg_memset_list\000"
 1183      6D656D73 
 1183      65745F6C 
 1183      69737400 
 1184              	.LASF24:
 1185 002e 436C6F63 		.ascii	"ClockSetup\000"
 1185      6B536574 
 1185      757000
 1186              	.LASF32:
ARM GAS  C:\Users\munee\AppData\Local\Temp\ccGIzItB.s 			page 28


 1187 0039 433A5C55 		.ascii	"C:\\Users\\munee\\OneDrive\\Documents\\cypress\\CY8"
 1187      73657273 
 1187      5C6D756E 
 1187      65655C4F 
 1187      6E654472 
 1188 0066 435F3134 		.ascii	"C_149KIT\\BLEModule.cydsn\000"
 1188      394B4954 
 1188      5C424C45 
 1188      4D6F6475 
 1188      6C652E63 
 1189              	.LASF6:
 1190 007f 73686F72 		.ascii	"short unsigned int\000"
 1190      7420756E 
 1190      7369676E 
 1190      65642069 
 1190      6E7400
 1191              	.LASF16:
 1192 0092 666C6F61 		.ascii	"float\000"
 1192      7400
 1193              	.LASF22:
 1194 0098 64657374 		.ascii	"dest\000"
 1194      00
 1195              	.LASF27:
 1196 009d 73697A65 		.ascii	"size\000"
 1196      00
 1197              	.LASF18:
 1198 00a2 72656738 		.ascii	"reg8\000"
 1198      00
 1199              	.LASF8:
 1200 00a7 6C6F6E67 		.ascii	"long unsigned int\000"
 1200      20756E73 
 1200      69676E65 
 1200      6420696E 
 1200      7400
 1201              	.LASF13:
 1202 00b9 75696E74 		.ascii	"uint8\000"
 1202      3800
 1203              	.LASF20:
 1204 00bf 43594D45 		.ascii	"CYMEMZERO\000"
 1204      4D5A4552 
 1204      4F00
 1205              	.LASF30:
 1206 00c9 474E5520 		.ascii	"GNU C11 5.4.1 20160609 (release) [ARM/embedded-5-br"
 1206      43313120 
 1206      352E342E 
 1206      31203230 
 1206      31363036 
 1207 00fc 616E6368 		.ascii	"anch revision 237715] -mcpu=cortex-m0 -mthumb -g -O"
 1207      20726576 
 1207      6973696F 
 1207      6E203233 
 1207      37373135 
 1208 012f 30202D66 		.ascii	"0 -ffunction-sections -ffat-lto-objects\000"
 1208      66756E63 
 1208      74696F6E 
 1208      2D736563 
 1208      74696F6E 
ARM GAS  C:\Users\munee\AppData\Local\Temp\ccGIzItB.s 			page 29


 1209              	.LASF4:
 1210 0157 756E7369 		.ascii	"unsigned char\000"
 1210      676E6564 
 1210      20636861 
 1210      7200
 1211              	.LASF17:
 1212 0165 646F7562 		.ascii	"double\000"
 1212      6C6500
 1213              	.LASF33:
 1214 016c 63796669 		.ascii	"cyfitter_cfg\000"
 1214      74746572 
 1214      5F636667 
 1214      00
 1215              	.LASF14:
 1216 0179 75696E74 		.ascii	"uint16\000"
 1216      313600
 1217              	.LASF15:
 1218 0180 75696E74 		.ascii	"uint32\000"
 1218      333200
 1219              	.LASF0:
 1220 0187 756E7369 		.ascii	"unsigned int\000"
 1220      676E6564 
 1220      20696E74 
 1220      00
 1221              	.LASF26:
 1222 0194 61646472 		.ascii	"address\000"
 1222      65737300 
 1223              	.LASF9:
 1224 019c 6C6F6E67 		.ascii	"long long unsigned int\000"
 1224      206C6F6E 
 1224      6720756E 
 1224      7369676E 
 1224      65642069 
 1225              	.LASF28:
 1226 01b3 6366675F 		.ascii	"cfg_memset_t\000"
 1226      6D656D73 
 1226      65745F74 
 1226      00
 1227              	.LASF10:
 1228 01c0 73697A65 		.ascii	"sizetype\000"
 1228      74797065 
 1228      00
 1229              	.LASF1:
 1230 01c9 6C6F6E67 		.ascii	"long long int\000"
 1230      206C6F6E 
 1230      6720696E 
 1230      7400
 1231              	.LASF11:
 1232 01d7 63686172 		.ascii	"char\000"
 1232      00
 1233              	.LASF5:
 1234 01dc 73686F72 		.ascii	"short int\000"
 1234      7420696E 
 1234      7400
 1235              	.LASF7:
 1236 01e6 6C6F6E67 		.ascii	"long int\000"
 1236      20696E74 
ARM GAS  C:\Users\munee\AppData\Local\Temp\ccGIzItB.s 			page 30


 1236      00
 1237              	.LASF2:
 1238 01ef 6C6F6E67 		.ascii	"long double\000"
 1238      20646F75 
 1238      626C6500 
 1239              	.LASF3:
 1240 01fb 7369676E 		.ascii	"signed char\000"
 1240      65642063 
 1240      68617200 
 1241              	.LASF31:
 1242 0207 47656E65 		.ascii	"Generated_Source\\PSoC4\\cyfitter_cfg.c\000"
 1242      72617465 
 1242      645F536F 
 1242      75726365 
 1242      5C50536F 
 1243              	.LASF23:
 1244 022d 4359434F 		.ascii	"CYCONFIGCPYCODE\000"
 1244      4E464947 
 1244      43505943 
 1244      4F444500 
 1245              	.LASF21:
 1246 023d 4359434F 		.ascii	"CYCONFIGCPY\000"
 1246      4E464947 
 1246      43505900 
 1247              		.ident	"GCC: (GNU Tools for ARM Embedded Processors) 5.4.1 20160609 (release) [ARM/embedded-5-bran
